11-06 18:28:51.606   384   384 I hwservicemanager: getTransport: Cannot find entry android.hardware.health@2.0::IHealth/default in either framework or device manifest.
11-06 18:28:51.608   750   750 E cutils-trace: Error opening trace file: No such file or directory (2)
11-06 18:28:51.608   384   384 I hwservicemanager: getDeviceHalManifest: Reading VINTF information.
11-06 18:28:51.609   384   384 E hwservicemanager: getDeviceHalManifest: status from fetching VINTF information: -22
11-06 18:28:51.609   384   384 E hwservicemanager: getDeviceHalManifest: -22 VINTF parse error: Illformed file: /vendor/etc/vintf/manifest.xml: Unrecognized manifest.version 4.0 (libvintf@2.0)
11-06 18:28:51.609   384   384 I hwservicemanager: getTransport: Cannot find entry android.hardware.boot@1.0::IBootControl/default in either framework or device manifest.
11-06 18:28:51.610   751   751 I android.hardware.health@2.1-service: default instance initializing with healthd_config...
11-06 18:28:51.611   384   384 I hwservicemanager: getDeviceHalManifest: Reading VINTF information.
11-06 18:28:51.611   384   384 E hwservicemanager: getDeviceHalManifest: status from fetching VINTF information: -22
11-06 18:28:51.611   384   384 E hwservicemanager: getDeviceHalManifest: -22 VINTF parse error: Illformed file: /vendor/etc/vintf/manifest.xml: Unrecognized manifest.version 4.0 (libvintf@2.0)
11-06 18:28:51.611   384   384 I hwservicemanager: getTransport: Cannot find entry android.hardware.health@2.1::IHealth/default in either framework or device manifest.
11-06 18:28:51.612   750   750 W android.hardware.boot@1.1-service: [libfs_mgr]Warning: unknown flag: resize
11-06 18:28:51.612   751   751 E HidlServiceManagement: Service android.hardware.health@2.1::IHealth/default must be in VINTF manifest in order to register/get.
11-06 18:28:51.612   751   751 F android.hardware.health@2.1-service: Check failed: registerAsService(instance_name()) == android::OK (registerAsService(instance_name())=-2147483648, android::OK=0) default: Failed to register HAL
11-06 18:28:51.613   751   751 F libc    : Fatal signal 6 (SIGABRT), code -1 (SI_QUEUE) in tid 751 (android.hardwar), pid 751 (android.hardwar)
11-06 18:28:51.614   753   753 F libc    : failed to exec crash_dump helper: No such file or directory
11-06 18:28:51.614   751   751 F libc    : crash_dump helper failed to exec
11-06 18:28:51.616   750   750 W android.hardware.boot@1.1-service: [libfs_mgr]Warning: unknown flag: resize
11-06 18:28:51.617   384   384 I hwservicemanager: getDeviceHalManifest: Reading VINTF information.
11-06 18:28:51.618   384   384 E hwservicemanager: getDeviceHalManifest: status from fetching VINTF information: -22
11-06 18:28:51.618   384   384 E hwservicemanager: getDeviceHalManifest: -22 VINTF parse error: Illformed file: /vendor/etc/vintf/manifest.xml: Unrecognized manifest.version 4.0 (libvintf@2.0)
11-06 18:28:51.618   384   384 I hwservicemanager: getTransport: Cannot find entry android.hardware.boot@1.1::IBootControl/default in either framework or device manifest.
11-06 18:28:51.618   750   750 E HidlServiceManagement: Service android.hardware.boot@1.1::IBootControl/default must be in VINTF manifest in order to register/get.
11-06 18:28:51.618   750   750 E LegacySupport: Could not register service android.hardware.boot@1.0::IBootControl/default (-2147483648).
11-06 18:28:51.621     1     1 I (1)[1:init]: starting service 'recovery'...
11-06 18:28:51.622     1     1 I (1)[1:init]: Created socket '/dev/socket/recovery', mode 422, user 1000, group 1000
11-06 18:28:51.627     1     1 I (0)[1:init]: starting service 'paytrigger_hal_service'...
11-06 18:28:51.631     1     1 I (0)[1:init]: starting service 'tee-1-1'...
11-06 18:28:51.635     1     1 I (0)[1:init]: starting service 'keymaster-4-1'...
11-06 18:28:51.640     1     1 I (0)[1:init]: starting service 'gatekeeper-1-0'...
11-06 18:28:51.643     1     1 I (0)[1:init]: starting service 'boot-hal-1-1'...
11-06 18:28:51.645     1     1 I (0)[1:init]: starting service 'health-hal-2-1'...
11-06 18:28:51.645     1     1 I (0)[1:init]: Opened file '/dev/kmsg', flags 1
11-06 18:28:51.652     1     1 I (0)[1:init]: Service 'recovery' (pid 745) exited with status 1
11-06 18:28:51.663   751   751 I (6)[751:android.hardwar][SDD]: do_coredump.
11-06 18:28:51.663   358   358 I (0)[358:kworker/0:2]ufshcd-mtk 11270000.ufshci: rr,ret 0,2661 us
11-06 18:28:53.179    53    53 I         : (6)[53:kworker/6:1][K][Perf] TRAN Perf Statistic start (11-06 18:28:53)
11-06 18:28:53.179    53    53 I         : (6)[53:kworker/6:1][K]     Usage          PID                        Name          Total:10000(ms)*8
11-06 18:28:53.180    53    53 I         : (6)[53:kworker/6:1][K]        0%            1                        init             60000000(ns)
11-06 18:28:53.180    53    53 I         : (6)[53:kworker/6:1][K]        0%          322             sf_pf_release_t             60000000(ns)
11-06 18:28:53.180    53    53 I         : (6)[53:kworker/6:1][K]        0%          351              charger_thread             12000000(ns)
11-06 18:28:53.180    53    53 I         : (6)[53:kworker/6:1][K]        0%          382                        logd             12000000(ns)
11-06 18:28:53.180    53    53 I         : (6)[53:kworker/6:1][K]        0%          384             hwservicemanage             12000000(ns)
11-06 18:28:53.180    53    53 I         : (6)[53:kworker/6:1][K]  Cpus Usage [ 0], [ 0], [ 0], [ 0], [ 0] [ 0], [ 0], [ 0]
11-06 18:28:53.180    53    53 I         : (6)[53:kworker/6:1][K]  user[00],system[00],iowait[00],irq[00],idle[99]
11-06 18:28:53.180    53    53 I         : (6)[53:kworker/6:1][K][Perf] TRAN Perf Statistic done
11-06 18:28:53.437   117   117 I         : (0)[117:dlpt_notify_thr][MDRT_ADC] OLD = 0x3086, NOW = 0x3092, CNT = 0
11-06 18:28:53.437   117   117 I         : (0)[117:dlpt_notify_thr]vbat_out_old=38690, vthr=692, T_curr=383, vbat_out=38721
11-06 18:28:53.437   117   117 W -(0)[117:dlpt_notify_thr]mt635x_auxadc_read_raw: 1 callbacks suppressed
11-06 18:28:53.437   117   117 I (0)[117:dlpt_notify_thr]mt635x-auxadc mt635x-auxadc: name:BATADC, channel=0, adc_out=0x5bb9, adc_result=3872
11-06 18:28:53.439   117   117 I         : (0)[117:dlpt_notify_thr]vbat_out_old=38690, vthr=692, T_curr=383, vbat_out=38721
11-06 18:28:53.439   117   117 I (0)[117:dlpt_notify_thr]mt635x-auxadc mt635x-auxadc: name:BATADC, channel=0, adc_out=0x5bb8, adc_result=3872
11-06 18:28:53.439   117   117 I         : (0)[117:dlpt_notify_thr][PBM] [ma_to_mw] 3872(mV) * 5500(mA) = 21296(mW)
11-06 18:28:53.439   117   117 I         : (0)[117:dlpt_notify_thr][DLPT_final] 5500,50,50,1,5500
11-06 18:28:53.667   358   358 I (0)[358:kworker/0:2]sd 0: 0:0:2: [sdc] Synchronizing SCSI cache
11-06 18:28:53.677   358   358 I (0)[358:kworker/0:2]ufshcd-mtk 11270000.ufshci: rs,ret 0,8006 us
11-06 18:28:54.091   322   322 I         : (0)[322:sf_pf_release_t][name:spm&][SPM] MCUSYSOFF wake up by , timer_out = 0, r13 = 0x84000e80, debug_flag = 0x0 0x0, r12 = 0x0, r12_ext = 0x0, raw_sta = 0x0 0x0 0x0, idle_sta = 0xf3, req_sta =  0x5c00000 0x0 0x1f9 0x1e0001 0x0, cg_check_sta =0x0, isr = 0x0, rt_req_sta0 = 0x0 rt_req_sta1 = 0x0 rt_req_sta2 = 0xffffffff rt_req_sta3 = 0xffffffff dram_sw_con_3 = 0x0, raw_ext_sta = 0x180256, wake_misc = 0x0, pcm_flag = 0x0 0x0 0x0 0x0, req = 0x0,  clk_settle = 0x60fe, gpio200 = 1
11-06 18:28:54.892   112   112 I         : (0)[112:watchdogd][wdtk] kick watchdog
11-06 18:28:55.839   306   306 I (1)[306:rpmb_open]Trustonic TEE: request_send: daemon not connected after 130s, waiting
11-06 18:28:55.995   273   273 I (5)[273:kworker/u16:2][SCP] scp_ipi_send: SCP A not ready
11-06 18:28:55.995   273   273 E         : (5)[273:kworker/u16:2][sensorHub] scp_ipi_send fail
11-06 18:28:55.995    69    69 E         : (7)[69:kworker/7:1][sensorHub] scp_sensorHub_req_send fail!
11-06 18:28:56.591   755   755 D vndksupport: Loading /vendor/lib64/hw/paytrigger.trustonic.so from current namespace instead of sphal namespace.
11-06 18:28:56.592   755   755 I PAYTRIGGER_CA: beanpod transsion_paytrigger_open
11-06 18:28:56.592   755   755 E cutils-trace: Error opening trace file: No such file or directory (2)
11-06 18:28:56.592   384   384 I hwservicemanager: getDeviceHalManifest: Reading VINTF information.
11-06 18:28:56.593   756   756 F linker  : CANNOT LINK EXECUTABLE "/vendor/bin/hw/vendor.trustonic.tee@1.1-service": library "libhidlmemory.so" not found: needed by main executable
11-06 18:28:56.594   384   384 E hwservicemanager: getDeviceHalManifest: status from fetching VINTF information: -22
11-06 18:28:56.594   384   384 E hwservicemanager: getDeviceHalManifest: -22 VINTF parse error: Illformed file: /vendor/etc/vintf/manifest.xml: Unrecognized manifest.version 4.0 (libvintf@2.0)
11-06 18:28:56.594   384   384 I hwservicemanager: getTransport: Cannot find entry vendor.mediatek.hardware.paytrigger@1.0::IPayTrigger/default in either framework or device manifest.
11-06 18:28:56.594   755   755 E HidlServiceManagement: Service vendor.mediatek.hardware.paytrigger@1.0::IPayTrigger/default must be in VINTF manifest in order to register/get.
11-06 18:28:56.594   755   755 I PAYTRIGGER_CA: beanpod transsion_paytrigger_close
11-06 18:28:56.595   755   755 E android.hardware.paytrigger@1.0-service: cound not regisetr paytriger service(-2147483648)
11-06 18:28:56.595   757   757 F linker  : CANNOT LINK EXECUTABLE "/vendor/bin/hw/android.hardware.keymaster@4.1-service.trustonic": library "libcppbor_external.so" not found: needed by /system/lib64/libkeymaster_portable.so in namespace (default)
11-06 18:28:56.602   754   754 F linker  : CANNOT LINK EXECUTABLE "/system/bin/recovery": cannot locate symbol "_ZN7android6Parcel13markForBinderERKNS_2spINS_7IBinderEEE" referenced by "/system/lib64/libkeystore-attestation-application-id.so"...
11-06 18:28:56.602   758   758 E cutils-trace: Error opening trace file: No such file or directory (2)
11-06 18:28:56.602   384   384 I hwservicemanager: getDeviceHalManifest: Reading VINTF information.
11-06 18:28:56.604   384   384 E hwservicemanager: getDeviceHalManifest: status from fetching VINTF information: -22
11-06 18:28:56.604   384   384 E hwservicemanager: getDeviceHalManifest: -22 VINTF parse error: Illformed file: /vendor/etc/vintf/manifest.xml: Unrecognized manifest.version 4.0 (libvintf@2.0)
11-06 18:28:56.604   384   384 I hwservicemanager: getTransport: Cannot find entry android.hardware.gatekeeper@1.0::IGatekeeper/default in either framework or device manifest.
11-06 18:28:56.605   758   758 E LegacySupport: Could not get passthrough implementation for android.hardware.gatekeeper@1.0::IGatekeeper/default.
11-06 18:28:56.612   760   760 E cutils-trace: Error opening trace file: No such file or directory (2)
11-06 18:28:56.613   384   384 I hwservicemanager: getDeviceHalManifest: Reading VINTF information.
11-06 18:28:56.613   759   759 E cutils-trace: Error opening trace file: No such file or directory (2)
11-06 18:28:56.614   384   384 E hwservicemanager: getDeviceHalManifest: status from fetching VINTF information: -22
11-06 18:28:56.614   384   384 E hwservicemanager: getDeviceHalManifest: -22 VINTF parse error: Illformed file: /vendor/etc/vintf/manifest.xml: Unrecognized manifest.version 4.0 (libvintf@2.0)
11-06 18:28:56.614   384   384 I hwservicemanager: getTransport: Cannot find entry android.hardware.health@2.0::IHealth/default in either framework or device manifest.
11-06 18:28:56.614   384   384 I hwservicemanager: getDeviceHalManifest: Reading VINTF information.
11-06 18:28:56.615   384   384 E hwservicemanager: getDeviceHalManifest: status from fetching VINTF information: -22
11-06 18:28:56.615   384   384 E hwservicemanager: getDeviceHalManifest: -22 VINTF parse error: Illformed file: /vendor/etc/vintf/manifest.xml: Unrecognized manifest.version 4.0 (libvintf@2.0)
11-06 18:28:56.615   384   384 I hwservicemanager: getTransport: Cannot find entry android.hardware.boot@1.0::IBootControl/default in either framework or device manifest.
11-06 18:28:56.617   759   759 W android.hardware.boot@1.1-service: [libfs_mgr]Warning: unknown flag: resize
11-06 18:28:56.617   760   760 I android.hardware.health@2.1-service: default instance initializing with healthd_config...
11-06 18:28:56.617   384   384 I hwservicemanager: getDeviceHalManifest: Reading VINTF information.
11-06 18:28:56.618   384   384 E hwservicemanager: getDeviceHalManifest: status from fetching VINTF information: -22
11-06 18:28:56.618   384   384 E hwservicemanager: getDeviceHalManifest: -22 VINTF parse error: Illformed file: /vendor/etc/vintf/manifest.xml: Unrecognized manifest.version 4.0 (libvintf@2.0)
11-06 18:28:56.618   384   384 I hwservicemanager: getTransport: Cannot find entry android.hardware.health@2.1::IHealth/default in either framework or device manifest.
11-06 18:28:56.618   760   760 E HidlServiceManagement: Service android.hardware.health@2.1::IHealth/default must be in VINTF manifest in order to register/get.
11-06 18:28:56.618   760   760 F android.hardware.health@2.1-service: Check failed: registerAsService(instance_name()) == android::OK (registerAsService(instance_name())=-2147483648, android::OK=0) default: Failed to register HAL
11-06 18:28:56.618   760   760 F libc    : Fatal signal 6 (SIGABRT), code -1 (SI_QUEUE) in tid 760 (android.hardwar), pid 760 (android.hardwar)
11-06 18:28:56.620   762   762 F libc    : failed to exec crash_dump helper: No such file or directory
11-06 18:28:56.620   760   760 F libc    : crash_dump helper failed to exec
11-06 18:28:56.620   759   759 W android.hardware.boot@1.1-service: [libfs_mgr]Warning: unknown flag: resize
11-06 18:28:56.621   384   384 I hwservicemanager: getDeviceHalManifest: Reading VINTF information.
11-06 18:28:56.622   384   384 E hwservicemanager: getDeviceHalManifest: status from fetching VINTF information: -22
11-06 18:28:56.622   384   384 E hwservicemanager: getDeviceHalManifest: -22 VINTF parse error: Illformed file: /vendor/etc/vintf/manifest.xml: Unrecognized manifest.version 4.0 (libvintf@2.0)
11-06 18:28:56.622   384   384 I hwservicemanager: getTransport: Cannot find entry android.hardware.boot@1.1::IBootControl/default in either framework or device manifest.
11-06 18:28:56.622   759   759 E HidlServiceManagement: Service android.hardware.boot@1.1::IBootControl/default must be in VINTF manifest in order to register/get.
11-06 18:28:56.622   759   759 E LegacySupport: Could not register service android.hardware.boot@1.0::IBootControl/default (-2147483648).
11-06 18:28:56.627     1     1 I (0)[1:init]: starting service 'recovery'...
11-06 18:28:56.628     1     1 I (0)[1:init]: Created socket '/dev/socket/recovery', mode 422, user 1000, group 1000
11-06 18:28:56.632     1     1 I (0)[1:init]: starting service 'paytrigger_hal_service'...
11-06 18:28:56.635     1     1 I (0)[1:init]: starting service 'tee-1-1'...
11-06 18:28:56.639     1     1 I (0)[1:init]: starting service 'keymaster-4-1'...
11-06 18:28:56.644     1     1 I (0)[1:init]: starting service 'gatekeeper-1-0'...
11-06 18:28:56.646     1     1 I (0)[1:init]: starting service 'boot-hal-1-1'...
11-06 18:28:56.650     1     1 I (0)[1:init]: starting service 'health-hal-2-1'...
11-06 18:28:56.650     1     1 I (0)[1:init]: Opened file '/dev/kmsg', flags 1
11-06 18:28:56.654     1     1 I (0)[1:init]: Service 'recovery' (pid 754) exited with status 1
11-06 18:28:56.661     0     0 I -(0)[0:swapper/0]mtk_charger_alarm_timer_func: not suspend, wake up charger
11-06 18:28:56.661   351   351 I         : (0)[351:charger_thread][fgauge_read_current] final current=1174 (ratio=1000)
11-06 18:28:56.661   351   351 I (0)[351:charger_thread]rt9471 5-0053: __rt9471_kick_wdt
11-06 18:28:56.664   351   351 I         : (1)[351:charger_thread]vbat_out_old=38590, vthr=692, T_curr=383, vbat_out=38621
11-06 18:28:56.664   351   351 I (1)[351:charger_thread]mt635x-auxadc mt635x-auxadc: name:BATADC, channel=0, adc_out=0x5b7b, adc_result=3862
11-06 18:28:56.664   351   351 I (1)[351:charger_thread]mt635x-auxadc mt635x-auxadc: name:VCDT, channel=2, adc_out=0x49e, adc_result=519
11-06 18:28:56.665   351   351 I         : (1)[351:charger_thread][fgauge_read_current] final current=1852 (ratio=1000)
11-06 18:28:56.665   351   351 I         : (1)[351:charger_thread][CH3_DBG] bat_cur = 1852
11-06 18:28:56.665   351   351 I (1)[351:charger_thread]mt635x-auxadc mt635x-auxadc: name:BAT_TEMP, channel=3, adc_out=0x2d7, adc_result=638
11-06 18:28:56.665   351   351 I         : (1)[351:charger_thread][fgauge_read_current] final current=1852 (ratio=1000)
11-06 18:28:56.665   351   351 I         : (1)[351:charger_thread][BattVoltToTemp] 637 24000 2793 -1
11-06 18:28:56.665   351   351 I         : (1)[351:charger_thread][force_get_tbat] 638,637,1,185,0,344 r:100 0 0
11-06 18:28:56.665   351   351 I (1)[351:charger_thread][force_get_tbat] t: 34 precise:344
11-06 18:28:56.665   351   351 I (1)[351:charger_thread]Vbat=3862,Ibat=1174,I=0,VChr=4910,T=34,Soc=38: 50,CT:1:1 hv:1 pd:0:0
11-06 18:28:56.665   351   351 I (1)[351:charger_thread]mtk_charger_start_timer: alarm timer start:0, 199 50418087
11-06 18:28:56.665   351   351 I         : -(1)[351:charger_thread]alarmtimer_enqueue, 199050418087
11-06 18:28:56.666   351   351 I         : (1)[351:charger_thread][fgauge_read_current] final current=1852 (ratio=1000)
11-06 18:28:56.666   351   351 I         : (1)[351:charger_thread][CH3_DBG] bat_cur = 1852
11-06 18:28:56.666   351   351 I (1)[351:charger_thread]mt635x-auxadc mt635x-auxadc: name:BAT_TEMP, channel=3, adc_out=0x2d3, adc_result=635
11-06 18:28:56.666   351   351 I         : (1)[351:charger_thread][fgauge_read_current] final current=2196 (ratio=1000)
11-06 18:28:56.666   351   351 I         : (1)[351:charger_thread][BattVoltToTemp] 633 24000 2792 -2
11-06 18:28:56.666   351   351 I         : (1)[351:charger_thread][force_get_tbat] 635,633,1,219,0,346 r:100 0 0
11-06 18:28:56.666   351   351 I (1)[351:charger_thread][force_get_tbat] t: 34 precise:346
11-06 18:28:56.666   351   351 I         : (1)[351:charger_thread][fg_is_battery_exist] PMIC_RGS_BATON_UNDET = 1
11-06 18:28:56.666   351   351 I chatty  : uid=1036(auditd) identical 1 line
11-06 18:28:56.666   351   351 I         : (1)[351:charger_thread][fg_is_battery_exist] PMIC_RGS_BATON_UNDET = 1
11-06 18:28:56.668   351   351 I         : (1)[351:charger_thread]vbat_out_old=38500, vthr=692, T_curr=383, vbat_out=38531
11-06 18:28:56.668   351   351 I (1)[351:charger_thread]mt635x-auxadc mt635x-auxadc: name:BATADC, channel=0, adc_out=0x5b47, adc_result=3853
11-06 18:28:56.668   351   351 I (1)[351:charger_thread]rt9471 5-0053: __rt9471_set_mivr mivr = 4200000(0x03)
11-06 18:28:56.668   351   351 I         : (1)[351:charger_thread][SW_JEITA] Battery Normal Temperature between 15 and 45 !!
11-06 18:28:56.668   351   351 I (1)[351:charger_thread][SW_JEITA]preState: 3 newState:3 tmp:34 cv:0
11-06 18:28:56.668   358   358 I (0)[358:kworker/0:2]ufshcd-mtk 11270000.ufshci: rr,ret 0,2712 us
11-06 18:28:56.669   760   760 I (3)[760:android.hardwar][SDD]: do_coredump.
11-06 18:28:56.669   351   351 I         : (1)[351:charger_thread][50] bat_temp(34) tran_notify_code(0x0)
11-06 18:28:56.669   351   351 I         : (1)[351:charger_thread]info->notify_code = 0x0
11-06 18:28:56.669   351   351 I (1)[351:charger_thread]tmp: 34 (jeita:1 sm:3 cv:0 en:1) (sm:1) en:1 c:0 s:0 ov:0 sc:0 1 1
11-06 18:28:56.669   351   351 I         : (1)[351:charger_thread]mtk_switch_charging_run [1 0], timer=170
11-06 18:28:56.669   351   351 I (1)[351:charger_thread]DV2_SWITCH: dcp_get_ta_status switch_dev->rfc_dcp_ta=0
11-06 18:28:56.669   351   351 I         : (1)[351:charger_thread]mtk_switch_charging_run_2 [1] 0
11-06 18:28:56.669   351   351 I         : (1)[351:charger_thread][fgauge_read_current] final current=1930 (ratio=1000)
11-06 18:28:56.669   351   351 I         : (1)[351:charger_thread][CH3_DBG] bat_cur = 1930
11-06 18:28:56.670   351   351 I         : (1)[351:charger_thread][fgauge_read_current] final current=1930 (ratio=1000)
11-06 18:28:56.670   351   351 I         : (1)[351:charger_thread][BattVoltToTemp] 636 24000 2793 -1
11-06 18:28:56.670   351   351 I         : (1)[351:charger_thread][force_get_tbat] 637,636,1,193,0,345 r:100 0 0
11-06 18:28:56.670   351   351 I (1)[351:charger_thread][force_get_tbat] t: 34 precise:345
11-06 18:28:56.670   351   351 I (1)[351:charger_thread]pe40_ready: 0 hv:1 thermal:-1,-1 tmp:34,39,16 pps:0 en:0 ibus:0 80
11-06 18:28:56.670   351   351 I (1)[351:charger_thread]mtk_tc30_start_algotithm: stop, tc30 is not connected
11-06 18:28:56.670   351   351 I (1)[351:charger_thread]mtk_pe20_start_algorithm: stop, PE+20 is not connected
11-06 18:28:56.670   351   351 I (1)[351:charger_thread]mtk_pe_start_algorithm: stop, PE+ is not connected
11-06 18:28:56.670   351   351 I (1)[351:charger_thread]mtk_pe_start_algorithm: vchr_org = 5000, vchr_after = 4901, delta = -99
11-06 18:28:56.670   351   351 I (1)[351:charger_thread]mtk_hvdcp20_start_algotithm: stop, hvdcp20 is not connected
11-06 18:28:56.670   351   351 I (1)[351:charger_thread]force: 0 thermal:-1,-1 pe4:-1,-1,0 setting:500 500 type:1 usb_unlimited:0 usbif:0 usbsm:2 aicl:-1 atm:0
11-06 18:28:56.670   351   351 I (1)[351:charger_thread]rt9471 5-0053: __rt9471_set_aicr aicr = 500000(0x0A)
11-06 18:28:56.671   351   351 I (1)[351:charger_thread]rt9471 5-0053: __rt9471_set_ichg ichg = 500000(0x0A)
11-06 18:28:56.671   351   351 I (1)[351:charger_thread]rt9471 5-0053: rt9471_enable_charging en = 1
11-06 18:28:56.671   351   351 I (1)[351:charger_thread]rt9471 5-0053: __rt9471_enable_chg en = 1, chip_rev = 5
11-06 18:28:56.671   351   351 I (1)[351:charger_thread]swchg_select_cv: 1 0
11-06 18:28:56.671   351   351 I (1)[351:charger_thread]swchg_select_cv: 0,0 4450000 200000 20000 40000
11-06 18:28:56.671   351   351 I (1)[351:charger_thread]rt9471 5-0053: __rt9471_set_ieoc ieoc = 200000(0x03)
11-06 18:28:56.671   351   351 I (1)[351:charger_thread]rt9471 5-0053: __rt9471_set_cv cv = 4450000(0x37)
11-06 18:28:56.672   351   351 I (1)[351:charger_thread]rt9471 5-0053: rt9471_enable_charging en = 1
11-06 18:28:56.672   351   351 I (1)[351:charger_thread]rt9471 5-0053: __rt9471_enable_chg en = 1, chip_rev = 5
11-06 18:28:56.672   351   351 I (1)[351:charger_thread]rt9471 5-0053: __rt9471_kick_wdt
11-06 18:28:56.674   351   351 I (1)[351:charger_thread]rt9471 5-0053: __rt9471_dump_registers MIVR = 4200mV, AICR = 500mA
11-06 18:28:56.674   351   351 I (1)[351:charger_thread]rt9471 5-0053: __rt9471_dump_registers CV = 4450mV, ICHG = 500mA, IEOC = 200mA
11-06 18:28:56.674   351   351 I (1)[351:charger_thread]rt9471 5-0053: __rt9471_dump_registers CHG_EN = 1, IC_STAT = fast-charge
11-06 18:28:56.674   351   351 I (1)[351:charger_thread]rt9471 5-0053: __rt9471_dump_registers STAT0 = 0xC1, STAT1 = 0x40
11-06 18:28:56.674   351   351 I (1)[351:charger_thread]rt9471 5-0053: __rt9471_dump_registers STAT2 = 0x00, STAT3 = 0x00
11-06 18:28:56.674   351   351 I (1)[351:charger_thread]rt9471 5-0053: __rt9471_dump_registers HIDDEN_2 = 0xE2
11-06 18:28:56.675   351   351 I         : (1)[351:charger_thread][fgauge_read_current] final current=518 (ratio=1000)
11-06 18:28:58.671   358   358 I (0)[358:kworker/0:2]sd 0: 0:0:2: [sdc] Synchronizing SCSI cache
11-06 18:28:58.680   358   358 I (0)[358:kworker/0:2]ufshcd-mtk 11270000.ufshci: rs,ret 0,7936 us
11-06 18:28:59.011   283   283 I         : (0)[283:battery_thread][fg_drv_update_hw_status]=>
11-06 18:28:59.011   283   283 I (0)[283:battery_thread][fg_update_sw_iavg]diff time: 10 iavg:3480
11-06 18:28:59.011   283   283 I         : (0)[283:battery_thread][read_boot_battery_plug_out_status] rtc_invalid 0 plugout 0 bat_plug_out_time 0 sp3:0xab pl:0 0
11-06 18:28:59.011   283   283 I         : (0)[283:battery_thread][fgauge_read_current] final current=3592 (ratio=1000)
11-06 18:28:59.012   283   283 I         : (0)[283:battery_thread][fgauge_read_columb_internal] CAR=176 r_fg_value=50 car_tune_value=1000
11-06 18:28:59.013   283   283 I         : (0)[283:battery_thread][MDRT_ADC] OLD = 0x3092, NOW = 0x309d, CNT = 0
11-06 18:28:59.014   283   283 I         : (0)[283:battery_thread]vbat_out_old=38690, vthr=692, T_curr=383, vbat_out=38721
11-06 18:28:59.014   283   283 W -(0)[283:battery_thread]mt635x_auxadc_read_raw: 5 callbacks suppressed
11-06 18:28:59.014   283   283 I (0)[283:battery_thread]mt635x-auxadc mt635x-auxadc: name:BATADC, channel=0, adc_out=0x5bb9, adc_result=3872
11-06 18:28:59.014   283   283 I (0)[283:battery_thread]mt635x-auxadc mt635x-auxadc: name:VCDT, channel=2, adc_out=0x49d, adc_result=518
11-06 18:28:59.014   283   283 I         : (0)[283:battery_thread][fgauge_read_current] final current=3584 (ratio=1000)
11-06 18:28:59.014   283   283 I         : (0)[283:battery_thread][CH3_DBG] bat_cur = 3584
11-06 18:28:59.015   283   283 I (0)[283:battery_thread]mt635x-auxadc mt635x-auxadc: name:BAT_TEMP, channel=3, adc_out=0x2d9, adc_result=640
11-06 18:28:59.015   283   283 I         : (0)[283:battery_thread][fgauge_read_current] final current=3584 (ratio=1000)
11-06 18:28:59.015   283   283 I         : (0)[283:battery_thread][BattVoltToTemp] 637 24000 2791 -3
11-06 18:28:59.015   283   283 I         : (0)[283:battery_thread][force_get_tbat] 640,637,1,358,0,344 r:100 0 0
11-06 18:28:59.015   283   283 I (0)[283:battery_thread][force_get_tbat] t: 34 precise:344
11-06 18:28:59.015   283   283 I         : (0)[283:battery_thread]lbat 0 0 0 0
11-06 18:28:59.015   283   283 I (0)[283:battery_thread]car[176,245,-245,491,-217, cycle_car:0,ncar:0] c: 1 3592 vbat:3872 vbus:4901 soc:38 50 gm3:0 0 0 0
11-06 18:28:59.015   283   283 I         : (0)[283:battery_thread][fgauge_read_columb_internal] CAR=176 r_fg_value=50 car_tune_value=1000
11-06 18:28:59.016   283   283 I         : (0)[283:battery_thread][fg_get_current_iavg] 3578 1
11-06 18:28:59.016   283   283 I         : (0)[283:battery_thread][fg_bat_nafg][fgauge_get_nafg_cnt] 0 [25_16 0 15_0 0]
11-06 18:28:59.016   283   283 I (0)[283:battery_thread][fg_nafg_monitor]time: 191 nafg_cnt:0, now:191, last_t:0
11-06 18:28:59.016   283   283 I (0)[283:battery_thread]tmp: 34 65535 65535 hcar2:491 lcar2:217 time:191 sw_iavg:3480 3578 1 nafg_m:0 0 0
11-06 18:28:59.016   283   283 I         : (0)[283:battery_thread][fgauge_read_columb_internal] CAR=176 r_fg_value=50 car_tune_value=1000
11-06 18:28:59.018   283   283 I         : (0)[283:battery_thread]vbat_out_old=38690, vthr=692, T_curr=383, vbat_out=38721
11-06 18:28:59.018   283   283 I (0)[283:battery_thread]mt635x-auxadc mt635x-auxadc: name:BATADC, channel=0, adc_out=0x5bbb, adc_result=3872
11-06 18:28:59.018   283   283 I         : (0)[283:battery_thread][fgauge_read_current] final current=3554 (ratio=1000)
11-06 18:28:59.018   283   283 I         : (0)[283:battery_thread][fg_get_current_iavg] 3578 1
11-06 18:28:59.019   283   283 I         : (0)[283:battery_thread][fgauge_read_current] final current=3554 (ratio=1000)
11-06 18:28:59.019   283   283 I         : (0)[283:battery_thread][CH3_DBG] bat_cur = 3554
11-06 18:28:59.019   283   283 I (0)[283:battery_thread]mt635x-auxadc mt635x-auxadc: name:BAT_TEMP, channel=3, adc_out=0x2d8, adc_result=639
11-06 18:28:59.019   283   283 I         : (0)[283:battery_thread][fgauge_read_current] final current=3554 (ratio=1000)
11-06 18:28:59.019   283   283 I         : (0)[283:battery_thread][BattVoltToTemp] 636 24000 2791 -3
11-06 18:28:59.019   283   283 I         : (0)[283:battery_thread][force_get_tbat] 639,636,1,355,0,345 r:100 0 0
11-06 18:28:59.019   283   283 I (0)[283:battery_thread][force_get_tbat] t: 34 precise:345
11-06 18:28:59.019   283   283 I         : (0)[283:battery_thread][fg_is_battery_exist] PMIC_RGS_BATON_UNDET = 1
11-06 18:28:59.019   283   283 I         : (0)[283:battery_thread]GM3log1 191 191 3872 3554 3578 55000 84 34 1 1 61 0 0
11-06 18:28:59.019   283   283 I (0)[283:battery_thread]battery_get_boot_mode: boot mode=2
11-06 18:28:59.020   283   283 I         : (0)[283:battery_thread]GM3log2 191 0 0 0 0 0 0 0 4910
11-06 18:28:59.020   283   283 I         : (0)[283:battery_thread]GM3log3 191 0 38431 22 0
11-06 18:28:59.020   283   283 I         : (0)[283:battery_thread]GM3log4 1 43 0 0 0 0 1 1 1 0 38
11-06 18:28:59.020   283   283 I         : (0)[283:battery_thread]GM3log int 191 191 0 0 0 0
11-06 18:28:59.020   283   283 I         : (0)[283:battery_thread]GM3log phone_state 0 0
11-06 18:28:59.020   283   283 I (0)[283:battery_thread]GM3 car: 176 car_diff:-92
11-06 18:28:59.020   283   283 I (0)[283:battery_thread][fg_bat_nafg][fgauge_get_nafg_dltv] mV: Reg [15546:9434]
11-06 18:28:59.020   283   283 I         : (0)[283:battery_thread][fg_bat_nafg][fgauge_get_nafg_cnt] 0 [25_16 0 15_0 0]
11-06 18:28:59.020   283   283 I (0)[283:battery_thread][fg_bat_nafg][fgauge_get_nafg_c_dltv] mV: Reg[0:0] [b10:0][26_16(0x0000) 15_00(0x0000)]
11-06 18:28:59.020   283   283 I         : (0)[283:battery_thread]GM3log-nint-nafg 191 191 0 38453 15546 0 0
11-06 18:28:59.020   283   283 I (0)[283:battery_thread]battery_get_boot_mode: boot mode=2
11-06 18:28:59.020   283   283 I         : (0)[283:battery_thread]mtk_battery boot mode =2
11-06 18:28:59.020   283   283 I         : (0)[283:battery_thread][wakeup_fg_algo_recovery] intr_num=0x2000000
11-06 18:28:59.020   283   283 I (0)[283:battery_thread]rt9471 5-0053: __rt9471_kick_wdt
11-06 18:29:00.827   322   322 I         : (0)[322:sf_pf_release_t][name:spm&][SPM] MCUSYSOFF wake up by , timer_out = 0, r13 = 0x84000e80, debug_flag = 0x0 0x0, r12 = 0x0, r12_ext = 0x0, raw_sta = 0x0 0x0 0x0, idle_sta = 0xf3, req_sta =  0x5c00000 0x0 0x1f9 0x1e0001 0x0, cg_check_sta =0x0, isr = 0x0, rt_req_sta0 = 0x0 rt_req_sta1 = 0x0 rt_req_sta2 = 0xffffffff rt_req_sta3 = 0xffffffff dram_sw_con_3 = 0x0, raw_ext_sta = 0x180256, wake_misc = 0x0, pcm_flag = 0x0 0x0 0x0 0x0, req = 0x0,  clk_settle = 0x60fe, gpio200 = 1
11-06 18:29:01.602   764   764 D vndksupport: Loading /vendor/lib64/hw/paytrigger.trustonic.so from current namespace instead of sphal namespace.
11-06 18:29:01.603   764   764 I PAYTRIGGER_CA: beanpod transsion_paytrigger_open
11-06 18:29:01.603   764   764 E cutils-trace: Error opening trace file: No such file or directory (2)
11-06 18:29:01.603   384   384 I hwservicemanager: getDeviceHalManifest: Reading VINTF information.
11-06 18:29:01.604   765   765 F linker  : CANNOT LINK EXECUTABLE "/vendor/bin/hw/vendor.trustonic.tee@1.1-service": library "libhidlmemory.so" not found: needed by main executable
11-06 18:29:01.604   384   384 E hwservicemanager: getDeviceHalManifest: status from fetching VINTF information: -22
11-06 18:29:01.605   384   384 E hwservicemanager: getDeviceHalManifest: -22 VINTF parse error: Illformed file: /vendor/etc/vintf/manifest.xml: Unrecognized manifest.version 4.0 (libvintf@2.0)
11-06 18:29:01.605   384   384 I hwservicemanager: getTransport: Cannot find entry vendor.mediatek.hardware.paytrigger@1.0::IPayTrigger/default in either framework or device manifest.
11-06 18:29:01.605   764   764 E HidlServiceManagement: Service vendor.mediatek.hardware.paytrigger@1.0::IPayTrigger/default must be in VINTF manifest in order to register/get.
11-06 18:29:01.605   766   766 F linker  : CANNOT LINK EXECUTABLE "/vendor/bin/hw/android.hardware.keymaster@4.1-service.trustonic": library "libcppbor_external.so" not found: needed by /system/lib64/libkeymaster_portable.so in namespace (default)
11-06 18:29:01.605   764   764 I PAYTRIGGER_CA: beanpod transsion_paytrigger_close
11-06 18:29:01.606   764   764 E android.hardware.paytrigger@1.0-service: cound not regisetr paytriger service(-2147483648)
11-06 18:29:01.611   763   763 F linker  : CANNOT LINK EXECUTABLE "/system/bin/recovery": cannot locate symbol "_ZN7android6Parcel13markForBinderERKNS_2spINS_7IBinderEEE" referenced by "/system/lib64/libkeystore-attestation-application-id.so"...
11-06 18:29:01.614   768   768 E cutils-trace: Error opening trace file: No such file or directory (2)
11-06 18:29:01.614   384   384 I hwservicemanager: getDeviceHalManifest: Reading VINTF information.
11-06 18:29:01.615   384   384 E hwservicemanager: getDeviceHalManifest: status from fetching VINTF information: -22
11-06 18:29:01.615   384   384 E hwservicemanager: getDeviceHalManifest: -22 VINTF parse error: Illformed file: /vendor/etc/vintf/manifest.xml: Unrecognized manifest.version 4.0 (libvintf@2.0)
11-06 18:29:01.615   384   384 I hwservicemanager: getTransport: Cannot find entry android.hardware.boot@1.0::IBootControl/default in either framework or device manifest.
11-06 18:29:01.616   767   767 E cutils-trace: Error opening trace file: No such file or directory (2)
11-06 18:29:01.617   768   768 W android.hardware.boot@1.1-service: [libfs_mgr]Warning: unknown flag: resize
11-06 18:29:01.617   384   384 I hwservicemanager: getDeviceHalManifest: Reading VINTF information.
11-06 18:29:01.618   384   384 E hwservicemanager: getDeviceHalManifest: status from fetching VINTF information: -22
11-06 18:29:01.618   384   384 E hwservicemanager: getDeviceHalManifest: -22 VINTF parse error: Illformed file: /vendor/etc/vintf/manifest.xml: Unrecognized manifest.version 4.0 (libvintf@2.0)
11-06 18:29:01.618   384   384 I hwservicemanager: getTransport: Cannot find entry android.hardware.gatekeeper@1.0::IGatekeeper/default in either framework or device manifest.
11-06 18:29:01.618   767   767 E LegacySupport: Could not get passthrough implementation for android.hardware.gatekeeper@1.0::IGatekeeper/default.
11-06 18:29:01.622   768   768 W android.hardware.boot@1.1-service: [libfs_mgr]Warning: unknown flag: resize
11-06 18:29:01.622   769   769 E cutils-trace: Error opening trace file: No such file or directory (2)
11-06 18:29:01.622   384   384 I hwservicemanager: getDeviceHalManifest: Reading VINTF information.
11-06 18:29:01.623   384   384 E hwservicemanager: getDeviceHalManifest: status from fetching VINTF information: -22
11-06 18:29:01.623   384   384 E hwservicemanager: getDeviceHalManifest: -22 VINTF parse error: Illformed file: /vendor/etc/vintf/manifest.xml: Unrecognized manifest.version 4.0 (libvintf@2.0)
11-06 18:29:01.623   384   384 I hwservicemanager: getTransport: Cannot find entry android.hardware.boot@1.1::IBootControl/default in either framework or device manifest.
11-06 18:29:01.623   384   384 I hwservicemanager: getDeviceHalManifest: Reading VINTF information.
11-06 18:29:01.624   384   384 E hwservicemanager: getDeviceHalManifest: status from fetching VINTF information: -22
11-06 18:29:01.624   384   384 E hwservicemanager: getDeviceHalManifest: -22 VINTF parse error: Illformed file: /vendor/etc/vintf/manifest.xml: Unrecognized manifest.version 4.0 (libvintf@2.0)
11-06 18:29:01.624   384   384 I hwservicemanager: getTransport: Cannot find entry android.hardware.health@2.0::IHealth/default in either framework or device manifest.
11-06 18:29:01.624   768   768 E HidlServiceManagement: Service android.hardware.boot@1.1::IBootControl/default must be in VINTF manifest in order to register/get.
11-06 18:29:01.624   768   768 E LegacySupport: Could not register service android.hardware.boot@1.0::IBootControl/default (-2147483648).
11-06 18:29:01.628   769   769 I android.hardware.health@2.1-service: default instance initializing with healthd_config...
11-06 18:29:01.628   384   384 I hwservicemanager: getDeviceHalManifest: Reading VINTF information.
11-06 18:29:01.629   384   384 E hwservicemanager: getDeviceHalManifest: status from fetching VINTF information: -22
11-06 18:29:01.629   384   384 E hwservicemanager: getDeviceHalManifest: -22 VINTF parse error: Illformed file: /vendor/etc/vintf/manifest.xml: Unrecognized manifest.version 4.0 (libvintf@2.0)
11-06 18:29:01.629   384   384 I hwservicemanager: getTransport: Cannot find entry android.hardware.health@2.1::IHealth/default in either framework or device manifest.
11-06 18:29:01.629   769   769 E HidlServiceManagement: Service android.hardware.health@2.1::IHealth/default must be in VINTF manifest in order to register/get.
11-06 18:29:01.629   769   769 F android.hardware.health@2.1-service: Check failed: registerAsService(instance_name()) == android::OK (registerAsService(instance_name())=-2147483648, android::OK=0) default: Failed to register HAL
11-06 18:29:01.629   769   769 F libc    : Fatal signal 6 (SIGABRT), code -1 (SI_QUEUE) in tid 769 (android.hardwar), pid 769 (android.hardwar)
11-06 18:29:01.631   771   771 F libc    : failed to exec crash_dump helper: No such file or directory
11-06 18:29:01.631   769   769 F libc    : crash_dump helper failed to exec
11-06 18:29:01.636     1     1 I (2)[1:init]: starting service 'recovery'...
11-06 18:29:01.637     1     1 I (2)[1:init]: Created socket '/dev/socket/recovery', mode 422, user 1000, group 1000
11-06 18:29:01.642     1     1 I (2)[1:init]: starting service 'paytrigger_hal_service'...
11-06 18:29:01.646     1     1 I (2)[1:init]: starting service 'tee-1-1'...
11-06 18:29:01.650     1     1 I (2)[1:init]: starting service 'keymaster-4-1'...
11-06 18:29:01.653     1     1 I (2)[1:init]: starting service 'gatekeeper-1-0'...
11-06 18:29:01.655     1     1 I (2)[1:init]: starting service 'boot-hal-1-1'...
11-06 18:29:01.658     1     1 I (2)[1:init]: starting service 'health-hal-2-1'...
11-06 18:29:01.658     1     1 I (2)[1:init]: Opened file '/dev/kmsg', flags 1
11-06 18:29:01.660     1     1 I (2)[1:init]: Service 'paytrigger_hal_service' (pid 764) exited with status 1
11-06 18:29:01.670   363   363 I (5)[363:kworker/5:2]ufshcd-mtk 11270000.ufshci: rr,ret 0,2634 us
11-06 18:29:01.680   769   769 I (3)[769:android.hardwar][SDD]: do_coredump.
11-06 18:29:03.419    53    53 I         : (6)[53:kworker/6:1][K][Perf] TRAN Perf Statistic start (11-06 18:29:03)
11-06 18:29:03.419    53    53 I         : (6)[53:kworker/6:1][K]     Usage          PID                        Name          Total:10000(ms)*8
11-06 18:29:03.420    53    53 I         : (6)[53:kworker/6:1][K]        0%          322             sf_pf_release_t             88000000(ns)
11-06 18:29:03.420    53    53 I         : (6)[53:kworker/6:1][K]        0%            1                        init             52000000(ns)
11-06 18:29:03.420    53    53 I         : (6)[53:kworker/6:1][K]        0%          351              charger_thread             16000000(ns)
11-06 18:29:03.420    53    53 I         : (6)[53:kworker/6:1][K]        0%          384             hwservicemanage             16000000(ns)
11-06 18:29:03.420    53    53 I         : (6)[53:kworker/6:1][K]        0%          382                        logd              8000000(ns)
11-06 18:29:03.420    53    53 I         : (6)[53:kworker/6:1][K]  Cpus Usage [ 1], [ 0], [ 0], [ 0], [ 0] [ 0], [ 0], [ 0]
11-06 18:29:03.420    53    53 I         : (6)[53:kworker/6:1][K]  user[00],system[00],iowait[00],irq[00],idle[99]
11-06 18:29:03.420    53    53 I         : (6)[53:kworker/6:1][K][Perf] TRAN Perf Statistic done
11-06 18:29:03.983     0     0 I         : (7)[239:wdtk-7][wdk-c] cpu=7 o_k=7 lbit=0x80 cbit=0xff,7f,7,1,908635771,ff,0,0,0,0,[196416961775,15000000] 21
11-06 18:29:03.987     0     0 I         : (1)[233:wdtk-1][wdk-c] cpu=1 o_k=1 lbit=0x82 cbit=0xff,7d,7,1,908635771,ff,0,0,0,0,[196421039545,14995923] 21
11-06 18:29:04.075     0     0 I         : (0)[232:wdtk-0][wdk-c] cpu=0 o_k=0 lbit=0x83 cbit=0xff,7c,7,1,908635771,ff,0,0,0,0,[196508832545,14908130] 21
11-06 18:29:04.075     0     0 I         : (6)[238:wdtk-6][wdk-c] cpu=6 o_k=6 lbit=0xc3 cbit=0xff,3c,7,1,908635771,ff,0,0,0,0,[196509023314,14907938] 21
11-06 18:29:04.075     0     0 I         : (2)[234:wdtk-2][wdk-c] cpu=2 o_k=2 lbit=0xc7 cbit=0xff,38,7,1,908635771,ff,0,0,0,0,[196509124237,14907838] 21
11-06 18:29:04.075     0     0 I         : (3)[235:wdtk-3][wdk-c] cpu=3 o_k=3 lbit=0xcf cbit=0xff,30,7,1,908635771,ff,0,0,0,0,[196509153083,14907809] 21
11-06 18:29:04.075     0     0 I         : (5)[237:wdtk-5][wdk-c] cpu=5 o_k=5 lbit=0xef cbit=0xff,10,7,1,908635771,ff,0,0,0,0,[196509176160,14907785] 21
11-06 18:29:04.075     0     0 I         : (4)[236:wdtk-4][thread:236] 2023-11-06 18:29:04.27147 UTC;android time 2023-11-06 18:29:04.27147
11-06 18:29:04.075     0     0 I         : (4)[236:wdtk-4][wdk-k] cpu=4 o_k=4 lbit=0xff cbit=0xff,0,7,1,908635771,ff,0,0,0,0,[196509199006,14907763] 21
11-06 18:29:04.443   363   363 I (5)[363:kworker/5:2]sd 0: 0:0:2: [sdc] Synchronizing SCSI cache
11-06 18:29:04.452   363   363 I (5)[363:kworker/5:2]ufshcd-mtk 11270000.ufshci: rs,ret 0,7856 us
11-06 18:29:06.235   274   274 I (1)[274:kworker/u16:3][SCP] scp_ipi_send: SCP A not ready
11-06 18:29:06.235   274   274 E         : (1)[274:kworker/u16:3][sensorHub] scp_ipi_send fail
11-06 18:29:06.235    69    69 E         : (7)[69:kworker/7:1][sensorHub] scp_sensorHub_req_send fail!
11-06 18:29:06.243     0     0 I         : (0)[0:swapper/0][name:spm&][SPM] MCUSYSOFF wake up by , timer_out = 0, r13 = 0x84000e80, debug_flag = 0x0 0x0, r12 = 0x0, r12_ext = 0x0, raw_sta = 0x0 0x0 0x0, idle_sta = 0xe1f7, req_sta =  0x5c00000 0x0 0x1f9 0x1e0001 0x0, cg_check_sta =0x0, isr = 0x0, rt_req_sta0 = 0x0 rt_req_sta1 = 0x0 rt_req_sta2 = 0xffffffff rt_req_sta3 = 0xffffffff dram_sw_con_3 = 0x0, raw_ext_sta = 0x180256, wake_misc = 0x0, pcm_flag = 0x0 0x0 0x0 0x0, req = 0x0,  clk_settle = 0x60fe, gpio200 = 1
11-06 18:29:06.612   773   773 D vndksupport: Loading /vendor/lib64/hw/paytrigger.trustonic.so from current namespace instead of sphal namespace.
11-06 18:29:06.612   773   773 I PAYTRIGGER_CA: beanpod transsion_paytrigger_open
11-06 18:29:06.613   773   773 E cutils-trace: Error opening trace file: No such file or directory (2)
11-06 18:29:06.613   384   384 I hwservicemanager: getDeviceHalManifest: Reading VINTF information.
11-06 18:29:06.614   774   774 F linker  : CANNOT LINK EXECUTABLE "/vendor/bin/hw/vendor.trustonic.tee@1.1-service": library "libhidlmemory.so" not found: needed by main executable
11-06 18:29:06.614   384   384 E hwservicemanager: getDeviceHalManifest: status from fetching VINTF information: -22
11-06 18:29:06.615   384   384 E hwservicemanager: getDeviceHalManifest: -22 VINTF parse error: Illformed file: /vendor/etc/vintf/manifest.xml: Unrecognized manifest.version 4.0 (libvintf@2.0)
11-06 18:29:06.615   384   384 I hwservicemanager: getTransport: Cannot find entry vendor.mediatek.hardware.paytrigger@1.0::IPayTrigger/default in either framework or device manifest.
11-06 18:29:06.615   775   775 F linker  : CANNOT LINK EXECUTABLE "/vendor/bin/hw/android.hardware.keymaster@4.1-service.trustonic": library "libcppbor_external.so" not found: needed by /system/lib64/libkeymaster_portable.so in namespace (default)
11-06 18:29:06.615   773   773 E HidlServiceManagement: Service vendor.mediatek.hardware.paytrigger@1.0::IPayTrigger/default must be in VINTF manifest in order to register/get.
11-06 18:29:06.615   773   773 I PAYTRIGGER_CA: beanpod transsion_paytrigger_close
11-06 18:29:06.616   773   773 E android.hardware.paytrigger@1.0-service: cound not regisetr paytriger service(-2147483648)
11-06 18:29:06.621   772   772 F linker  : CANNOT LINK EXECUTABLE "/system/bin/recovery": cannot locate symbol "_ZN7android6Parcel13markForBinderERKNS_2spINS_7IBinderEEE" referenced by "/system/lib64/libkeystore-attestation-application-id.so"...
11-06 18:29:06.622   776   776 E cutils-trace: Error opening trace file: No such file or directory (2)
11-06 18:29:06.623   384   384 I hwservicemanager: getDeviceHalManifest: Reading VINTF information.
11-06 18:29:06.624   384   384 E hwservicemanager: getDeviceHalManifest: status from fetching VINTF information: -22
11-06 18:29:06.624   384   384 E hwservicemanager: getDeviceHalManifest: -22 VINTF parse error: Illformed file: /vendor/etc/vintf/manifest.xml: Unrecognized manifest.version 4.0 (libvintf@2.0)
11-06 18:29:06.624   384   384 I hwservicemanager: getTransport: Cannot find entry android.hardware.gatekeeper@1.0::IGatekeeper/default in either framework or device manifest.
11-06 18:29:06.625   776   776 E LegacySupport: Could not get passthrough implementation for android.hardware.gatekeeper@1.0::IGatekeeper/default.
11-06 18:29:06.634   778   778 E cutils-trace: Error opening trace file: No such file or directory (2)
11-06 18:29:06.635   384   384 I hwservicemanager: getDeviceHalManifest: Reading VINTF information.
11-06 18:29:06.636   384   384 E hwservicemanager: getDeviceHalManifest: status from fetching VINTF information: -22
11-06 18:29:06.636   384   384 E hwservicemanager: getDeviceHalManifest: -22 VINTF parse error: Illformed file: /vendor/etc/vintf/manifest.xml: Unrecognized manifest.version 4.0 (libvintf@2.0)
11-06 18:29:06.636   384   384 I hwservicemanager: getTransport: Cannot find entry android.hardware.health@2.0::IHealth/default in either framework or device manifest.
11-06 18:29:06.636   777   777 E cutils-trace: Error opening trace file: No such file or directory (2)
11-06 18:29:06.636   384   384 I hwservicemanager: getDeviceHalManifest: Reading VINTF information.
11-06 18:29:06.637   384   384 E hwservicemanager: getDeviceHalManifest: status from fetching VINTF information: -22
11-06 18:29:06.637   384   384 E hwservicemanager: getDeviceHalManifest: -22 VINTF parse error: Illformed file: /vendor/etc/vintf/manifest.xml: Unrecognized manifest.version 4.0 (libvintf@2.0)
11-06 18:29:06.637   384   384 I hwservicemanager: getTransport: Cannot find entry android.hardware.boot@1.0::IBootControl/default in either framework or device manifest.
11-06 18:29:06.638   778   778 I android.hardware.health@2.1-service: default instance initializing with healthd_config...
11-06 18:29:06.639   777   777 W android.hardware.boot@1.1-service: [libfs_mgr]Warning: unknown flag: resize
11-06 18:29:06.639   384   384 I hwservicemanager: getDeviceHalManifest: Reading VINTF information.
11-06 18:29:06.640   384   384 E hwservicemanager: getDeviceHalManifest: status from fetching VINTF information: -22
11-06 18:29:06.640   384   384 E hwservicemanager: getDeviceHalManifest: -22 VINTF parse error: Illformed file: /vendor/etc/vintf/manifest.xml: Unrecognized manifest.version 4.0 (libvintf@2.0)
11-06 18:29:06.640   384   384 I hwservicemanager: getTransport: Cannot find entry android.hardware.health@2.1::IHealth/default in either framework or device manifest.
11-06 18:29:06.640   778   778 E HidlServiceManagement: Service android.hardware.health@2.1::IHealth/default must be in VINTF manifest in order to register/get.
11-06 18:29:06.640   778   778 F android.hardware.health@2.1-service: Check failed: registerAsService(instance_name()) == android::OK (registerAsService(instance_name())=-2147483648, android::OK=0) default: Failed to register HAL
11-06 18:29:06.640   778   778 F libc    : Fatal signal 6 (SIGABRT), code -1 (SI_QUEUE) in tid 778 (android.hardwar), pid 778 (android.hardwar)
11-06 18:29:06.641   780   780 F libc    : failed to exec crash_dump helper: No such file or directory
11-06 18:29:06.642   778   778 F libc    : crash_dump helper failed to exec
11-06 18:29:06.642   777   777 W android.hardware.boot@1.1-service: [libfs_mgr]Warning: unknown flag: resize
11-06 18:29:06.643   384   384 I hwservicemanager: getDeviceHalManifest: Reading VINTF information.
11-06 18:29:06.644   384   384 E hwservicemanager: getDeviceHalManifest: status from fetching VINTF information: -22
11-06 18:29:06.644   384   384 E hwservicemanager: getDeviceHalManifest: -22 VINTF parse error: Illformed file: /vendor/etc/vintf/manifest.xml: Unrecognized manifest.version 4.0 (libvintf@2.0)
11-06 18:29:06.644   384   384 I hwservicemanager: getTransport: Cannot find entry android.hardware.boot@1.1::IBootControl/default in either framework or device manifest.
11-06 18:29:06.644   777   777 E HidlServiceManagement: Service android.hardware.boot@1.1::IBootControl/default must be in VINTF manifest in order to register/get.
11-06 18:29:06.644   777   777 E LegacySupport: Could not register service android.hardware.boot@1.0::IBootControl/default (-2147483648).
11-06 18:29:06.646     1     1 I (2)[1:init]: starting service 'recovery'...
11-06 18:29:06.647     1     1 I (2)[1:init]: Created socket '/dev/socket/recovery', mode 422, user 1000, group 1000
11-06 18:29:06.652     1     1 I (2)[1:init]: starting service 'paytrigger_hal_service'...
11-06 18:29:06.656     1     1 I (2)[1:init]: starting service 'tee-1-1'...
11-06 18:29:06.660     1     1 I (2)[1:init]: starting service 'keymaster-4-1'...
11-06 18:29:06.663     1     1 I (2)[1:init]: starting service 'gatekeeper-1-0'...
11-06 18:29:06.665     0     0 I -(1)[0:swapper/1]mtk_charger_alarm_timer_func: not suspend, wake up charger
11-06 18:29:06.666   351   351 I         : (1)[351:charger_thread][fgauge_read_current] final current=556 (ratio=1000)
11-06 18:29:06.666   351   351 I (1)[351:charger_thread]rt9471 5-0053: __rt9471_kick_wdt
11-06 18:29:06.667     1     1 I (2)[1:init]: starting service 'boot-hal-1-1'...
11-06 18:29:06.667   351   351 I         : (1)[351:charger_thread][MDRT_ADC] OLD = 0x309d, NOW = 0x30ac, CNT = 0
11-06 18:29:06.669   351   351 I         : (1)[351:charger_thread]vbat_out_old=38510, vthr=692, T_curr=383, vbat_out=38541
11-06 18:29:06.669   351   351 W -(1)[351:charger_thread]mt635x_auxadc_read_raw: 1 callbacks suppressed
11-06 18:29:06.669   351   351 I (1)[351:charger_thread]mt635x-auxadc mt635x-auxadc: name:BATADC, channel=0, adc_out=0x5b4c, adc_result=3854
11-06 18:29:06.669   351   351 I (1)[351:charger_thread]mt635x-auxadc mt635x-auxadc: name:VCDT, channel=2, adc_out=0x49d, adc_result=518
11-06 18:29:06.669   351   351 I         : (1)[351:charger_thread][fgauge_read_current] final current=1326 (ratio=1000)
11-06 18:29:06.670   351   351 I         : (1)[351:charger_thread][CH3_DBG] bat_cur = -1326
11-06 18:29:06.670   351   351 I (1)[351:charger_thread]mt635x-auxadc mt635x-auxadc: name:BAT_TEMP, channel=3, adc_out=0x2d6, adc_result=638
