11-06 18:27:48.947     0     0 I         : (7)[239:wdtk-7][wdk-c] cpu=7 o_k=7 lbit=0x90 cbit=0xff,6f,7,1,908635771,ff,0,0,0,0,[121380863981,14993214] 19
11-06 18:27:48.947     0     0 I         : (2)[234:wdtk-2][wdk-c] cpu=2 o_k=2 lbit=0x94 cbit=0xff,6b,7,1,908635771,ff,0,0,0,0,[121381024596,14993054] 19
11-06 18:27:48.947   283   283 I         : (4)[283:battery_thread]vbat_out_old=38670, vthr=692, T_curr=383, vbat_out=38701
11-06 18:27:48.947   283   283 I (4)[283:battery_thread]mt635x-auxadc mt635x-auxadc: name:BATADC, channel=0, adc_out=0x5bab, adc_result=3870
11-06 18:27:48.948   283   283 I         : (4)[283:battery_thread][fgauge_read_current] final current=3524 (ratio=1000)
11-06 18:27:48.948   283   283 I         : (4)[283:battery_thread][fg_get_current_iavg] 3566 1
11-06 18:27:48.948   283   283 I         : (4)[283:battery_thread][fgauge_read_current] final current=3524 (ratio=1000)
11-06 18:27:48.948   283   283 I         : (4)[283:battery_thread][CH3_DBG] bat_cur = 3524
11-06 18:27:48.949   283   283 I (4)[283:battery_thread]mt635x-auxadc mt635x-auxadc: name:BAT_TEMP, channel=3, adc_out=0x2d0, adc_result=632
11-06 18:27:48.949   283   283 I         : (4)[283:battery_thread][fgauge_read_current] final current=3524 (ratio=1000)
11-06 18:27:48.949   283   283 I         : (4)[283:battery_thread][BattVoltToTemp] 629 24000 2791 -3
11-06 18:27:48.949   283   283 I         : (4)[283:battery_thread][force_get_tbat] 632,629,1,352,0,348 r:100 0 0
11-06 18:27:48.949   283   283 I (4)[283:battery_thread][force_get_tbat] t: 34 precise:348
11-06 18:27:48.949   283   283 I         : (4)[283:battery_thread][fg_is_battery_exist] PMIC_RGS_BATON_UNDET = 1
11-06 18:27:48.949   283   283 I         : (4)[283:battery_thread]GM3log1 121 121 3870 3524 3566 55000 14 34 1 1 61 0 0
11-06 18:27:48.949   283   283 I (4)[283:battery_thread]battery_get_boot_mode: boot mode=2
11-06 18:27:48.950   283   283 I         : (4)[283:battery_thread]GM3log2 121 0 0 0 0 0 0 0 4901
11-06 18:27:48.950   283   283 I         : (4)[283:battery_thread]GM3log3 121 0 38431 22 0
11-06 18:27:48.950   283   283 I         : (4)[283:battery_thread]GM3log4 1 43 0 0 0 0 1 1 1 0 38
11-06 18:27:48.950   283   283 I         : (4)[283:battery_thread]GM3log int 121 121 0 0 0 0
11-06 18:27:48.950   283   283 I         : (4)[283:battery_thread]GM3log phone_state 0 0
11-06 18:27:48.950   283   283 I (4)[283:battery_thread]GM3 car: 106 car_diff:-92
11-06 18:27:48.950   283   283 I (4)[283:battery_thread][fg_bat_nafg][fgauge_get_nafg_dltv] mV: Reg [15546:9434]
11-06 18:27:48.950   283   283 I         : (4)[283:battery_thread][fg_bat_nafg][fgauge_get_nafg_cnt] 0 [25_16 0 15_0 0]
11-06 18:27:48.950   283   283 I (4)[283:battery_thread][fg_bat_nafg][fgauge_get_nafg_c_dltv] mV: Reg[0:0] [b10:0][26_16(0x0000) 15_00(0x0000)]
11-06 18:27:48.950   283   283 I         : (4)[283:battery_thread]GM3log-nint-nafg 121 121 0 38453 15546 0 0
11-06 18:27:48.950   283   283 I (4)[283:battery_thread]battery_get_boot_mode: boot mode=2
11-06 18:27:48.950   283   283 I         : (4)[283:battery_thread]mtk_battery boot mode =2
11-06 18:27:48.950   283   283 I         : (4)[283:battery_thread][wakeup_fg_algo_recovery] intr_num=0x2000000
11-06 18:27:48.950   283   283 I (4)[283:battery_thread]rt9471 5-0053: __rt9471_kick_wdt
11-06 18:27:49.027     0     0 I         : (0)[232:wdtk-0][wdk-c] cpu=0 o_k=0 lbit=0x95 cbit=0xff,6a,7,1,908635771,ff,0,0,0,0,[121460943674,14913135] 19
11-06 18:27:49.027     0     0 I         : (6)[238:wdtk-6][wdk-c] cpu=6 o_k=6 lbit=0xd5 cbit=0xff,2a,7,1,908635771,ff,0,0,0,0,[121461233212,14912845] 19
11-06 18:27:49.028     0     0 I         : (1)[233:wdtk-1][wdk-c] cpu=1 o_k=1 lbit=0xd7 cbit=0xff,28,7,1,908635771,ff,0,0,0,0,[121461372674,14912706] 19
11-06 18:27:49.028     0     0 I         : (5)[237:wdtk-5][wdk-c] cpu=5 o_k=5 lbit=0xf7 cbit=0xff,8,7,1,908635771,ff,0,0,0,0,[121461396674,14912682] 19
11-06 18:27:49.028     0     0 I         : (3)[235:wdtk-3][thread:235] 2023-11-06 18:27:48.979368 UTC;android time 2023-11-06 18:27:48.979368
11-06 18:27:49.028     0     0 I         : (3)[235:wdtk-3][wdk-k] cpu=3 o_k=3 lbit=0xff cbit=0xff,0,7,1,908635771,ff,0,0,0,0,[121461417827,14912661] 19
11-06 18:27:49.435   247   247 I         : (1)[247:hang_detect][Hang_Detect] hang_detect thread counts down 2147483647:2147483647, status 0.
11-06 18:27:51.472   637   637 F linker  : CANNOT LINK EXECUTABLE "/vendor/bin/hw/vendor.mediatek.hardware.paytrigger@1.0-service": library "vendor.mediatek.hardware.paytrigger@1.0.so" not found: needed by main executable
11-06 18:27:51.474   638   638 F linker  : CANNOT LINK EXECUTABLE "/vendor/bin/hw/vendor.trustonic.tee@1.1-service": library "libhidlmemory.so" not found: needed by main executable
11-06 18:27:51.479   639   639 F linker  : CANNOT LINK EXECUTABLE "/vendor/bin/hw/android.hardware.keymaster@4.1-service.trustonic": library "libcppbor_external.so" not found: needed by /system/lib64/libkeymaster_portable.so in namespace (default)
11-06 18:27:51.485   640   640 E cutils-trace: Error opening trace file: No such file or directory (2)
11-06 18:27:51.485   117   117 I         : (0)[117:dlpt_notify_thr]vbat_out_old=38650, vthr=692, T_curr=383, vbat_out=38681
11-06 18:27:51.485   117   117 W -(0)[117:dlpt_notify_thr]mt635x_auxadc_read_raw: 1 callbacks suppressed
11-06 18:27:51.485   117   117 I (0)[117:dlpt_notify_thr]mt635x-auxadc mt635x-auxadc: name:BATADC, channel=0, adc_out=0x5b9e, adc_result=3868
11-06 18:27:51.485   384   384 I hwservicemanager: getDeviceHalManifest: Reading VINTF information.
11-06 18:27:51.486   636   636 F linker  : CANNOT LINK EXECUTABLE "/system/bin/recovery": cannot locate symbol "_ZN7android6Parcel13markForBinderERKNS_2spINS_7IBinderEEE" referenced by "/system/lib64/libkeystore-attestation-application-id.so"...
11-06 18:27:51.487   384   384 E hwservicemanager: getDeviceHalManifest: status from fetching VINTF information: -22
11-06 18:27:51.487   117   117 I         : (0)[117:dlpt_notify_thr]vbat_out_old=38670, vthr=691, T_curr=389, vbat_out=38703
11-06 18:27:51.487   384   384 E hwservicemanager: getDeviceHalManifest: -22 VINTF parse error: Illformed file: /vendor/etc/vintf/manifest.xml: Unrecognized manifest.version 4.0 (libvintf@2.0)
11-06 18:27:51.487   117   117 I (0)[117:dlpt_notify_thr]mt635x-auxadc mt635x-auxadc: name:BATADC, channel=0, adc_out=0x5bab, adc_result=3870
11-06 18:27:51.487   117   117 I         : (0)[117:dlpt_notify_thr][PBM] [ma_to_mw] 3870(mV) * 5500(mA) = 21285(mW)
11-06 18:27:51.487   384   384 I hwservicemanager: getTransport: Cannot find entry android.hardware.gatekeeper@1.0::IGatekeeper/default in either framework or device manifest.
11-06 18:27:51.487   117   117 I         : (0)[117:dlpt_notify_thr][DLPT_final] 5500,50,50,1,5500
11-06 18:27:51.488   640   640 E LegacySupport: Could not get passthrough implementation for android.hardware.gatekeeper@1.0::IGatekeeper/default.
11-06 18:27:51.497   641   641 E cutils-trace: Error opening trace file: No such file or directory (2)
11-06 18:27:51.497   642   642 E cutils-trace: Error opening trace file: No such file or directory (2)
11-06 18:27:51.497   384   384 I hwservicemanager: getDeviceHalManifest: Reading VINTF information.
11-06 18:27:51.498   384   384 E hwservicemanager: getDeviceHalManifest: status from fetching VINTF information: -22
11-06 18:27:51.498   384   384 E hwservicemanager: getDeviceHalManifest: -22 VINTF parse error: Illformed file: /vendor/etc/vintf/manifest.xml: Unrecognized manifest.version 4.0 (libvintf@2.0)
11-06 18:27:51.498   384   384 I hwservicemanager: getTransport: Cannot find entry android.hardware.boot@1.0::IBootControl/default in either framework or device manifest.
11-06 18:27:51.498   384   384 I hwservicemanager: getDeviceHalManifest: Reading VINTF information.
11-06 18:27:51.500   384   384 E hwservicemanager: getDeviceHalManifest: status from fetching VINTF information: -22
11-06 18:27:51.500   384   384 E hwservicemanager: getDeviceHalManifest: -22 VINTF parse error: Illformed file: /vendor/etc/vintf/manifest.xml: Unrecognized manifest.version 4.0 (libvintf@2.0)
11-06 18:27:51.500   384   384 I hwservicemanager: getTransport: Cannot find entry android.hardware.health@2.0::IHealth/default in either framework or device manifest.
11-06 18:27:51.502   642   642 I android.hardware.health@2.1-service: default instance initializing with healthd_config...
11-06 18:27:51.503   384   384 I hwservicemanager: getDeviceHalManifest: Reading VINTF information.
11-06 18:27:51.503   641   641 W android.hardware.boot@1.1-service: [libfs_mgr]Warning: unknown flag: resize
11-06 18:27:51.503   384   384 E hwservicemanager: getDeviceHalManifest: status from fetching VINTF information: -22
11-06 18:27:51.503   384   384 E hwservicemanager: getDeviceHalManifest: -22 VINTF parse error: Illformed file: /vendor/etc/vintf/manifest.xml: Unrecognized manifest.version 4.0 (libvintf@2.0)
11-06 18:27:51.503   384   384 I hwservicemanager: getTransport: Cannot find entry android.hardware.health@2.1::IHealth/default in either framework or device manifest.
11-06 18:27:51.504   642   642 E HidlServiceManagement: Service android.hardware.health@2.1::IHealth/default must be in VINTF manifest in order to register/get.
11-06 18:27:51.504   642   642 F android.hardware.health@2.1-service: Check failed: registerAsService(instance_name()) == android::OK (registerAsService(instance_name())=-2147483648, android::OK=0) default: Failed to register HAL
11-06 18:27:51.504   642   642 F libc    : Fatal signal 6 (SIGABRT), code -1 (SI_QUEUE) in tid 642 (android.hardwar), pid 642 (android.hardwar)
11-06 18:27:51.505   644   644 F libc    : failed to exec crash_dump helper: No such file or directory
11-06 18:27:51.506   642   642 F libc    : crash_dump helper failed to exec
11-06 18:27:51.507   641   641 W android.hardware.boot@1.1-service: [libfs_mgr]Warning: unknown flag: resize
11-06 18:27:51.507   384   384 I hwservicemanager: getDeviceHalManifest: Reading VINTF information.
11-06 18:27:51.508   384   384 E hwservicemanager: getDeviceHalManifest: status from fetching VINTF information: -22
11-06 18:27:51.508   384   384 E hwservicemanager: getDeviceHalManifest: -22 VINTF parse error: Illformed file: /vendor/etc/vintf/manifest.xml: Unrecognized manifest.version 4.0 (libvintf@2.0)
11-06 18:27:51.509   384   384 I hwservicemanager: getTransport: Cannot find entry android.hardware.boot@1.1::IBootControl/default in either framework or device manifest.
11-06 18:27:51.509   641   641 E HidlServiceManagement: Service android.hardware.boot@1.1::IBootControl/default must be in VINTF manifest in order to register/get.
11-06 18:27:51.509   641   641 E LegacySupport: Could not register service android.hardware.boot@1.0::IBootControl/default (-2147483648).
11-06 18:27:51.510     1     1 I (3)[1:init]: starting service 'recovery'...
11-06 18:27:51.511     1     1 I (3)[1:init]: Created socket '/dev/socket/recovery', mode 422, user 1000, group 1000
11-06 18:27:51.516     1     1 I (0)[1:init]: starting service 'paytrigger_hal_service'...
11-06 18:27:51.520     1     1 I (0)[1:init]: starting service 'tee-1-1'...
11-06 18:27:51.522     1     1 I (0)[1:init]: starting service 'keymaster-4-1'...
11-06 18:27:51.526     1     1 I (0)[1:init]: starting service 'gatekeeper-1-0'...
11-06 18:27:51.530     1     1 I (0)[1:init]: starting service 'boot-hal-1-1'...
11-06 18:27:51.533     1     1 I (0)[1:init]: starting service 'health-hal-2-1'...
11-06 18:27:51.533     1     1 I (0)[1:init]: Opened file '/dev/kmsg', flags 1
11-06 18:27:51.538     1     1 I (0)[1:init]: Service 'recovery' (pid 636) exited with status 1
11-06 18:27:51.554   642   642 I (6)[642:android.hardwar][SDD]: do_coredump.
11-06 18:27:51.555   359   359 I (1)[359:kworker/1:2]ufshcd-mtk 11270000.ufshci: rr,ret 0,2626 us
11-06 18:27:51.739    53    53 I         : (6)[53:kworker/6:1][K][Perf] TRAN Perf Statistic start (11-06 18:27:51)
11-06 18:27:51.739    53    53 I         : (6)[53:kworker/6:1][K]     Usage          PID                        Name          Total:10000(ms)*8
11-06 18:27:51.740    53    53 I         : (6)[53:kworker/6:1][K]        0%            1                        init             84000000(ns)
11-06 18:27:51.740    53    53 I         : (6)[53:kworker/6:1][K]        0%          322             sf_pf_release_t             60000000(ns)
11-06 18:27:51.740    53    53 I         : (6)[53:kworker/6:1][K]        0%          384             hwservicemanage             28000000(ns)
11-06 18:27:51.740    53    53 I         : (6)[53:kworker/6:1][K]        0%          351              charger_thread             12000000(ns)
11-06 18:27:51.740    53    53 I         : (6)[53:kworker/6:1][K]        0%          382                        logd             12000000(ns)
11-06 18:27:51.740    53    53 I         : (6)[53:kworker/6:1][K]  Cpus Usage [ 1], [ 0], [ 0], [ 0], [ 0] [ 0], [ 0], [ 0]
11-06 18:27:51.740    53    53 I         : (6)[53:kworker/6:1][K]  user[00],system[00],iowait[00],irq[00],idle[99]
11-06 18:27:51.740    53    53 I         : (6)[53:kworker/6:1][K][Perf] TRAN Perf Statistic done
11-06 18:27:52.507     0     0 I         : (7)[0:swapper/7][mtk_net][rtnl_lock]There is no process hold rtnl lock
11-06 18:27:52.891   112   112 I         : (0)[112:watchdogd][wdtk] kick watchdog
11-06 18:27:52.895     0     0 I         : (0)[0:swapper/0][name:spm&][SPM] MCUSYSOFF wake up by , timer_out = 0, r13 = 0x84000e80, debug_flag = 0x0 0x0, r12 = 0x0, r12_ext = 0x0, raw_sta = 0x0 0x0 0x0, idle_sta = 0xf3, req_sta =  0x5c00000 0x180000 0x1f9 0x1e0001 0x0, cg_check_sta =0x0, isr = 0x0, rt_req_sta0 = 0x0 rt_req_sta1 = 0x0 rt_req_sta2 = 0xffffffff rt_req_sta3 = 0xffffffff dram_sw_con_3 = 0x0, raw_ext_sta = 0x180256, wake_misc = 0x0, pcm_flag = 0x0 0x0 0x0 0x0, req = 0x0,  clk_settle = 0x60fe, gpio200 = 1
11-06 18:27:53.559   362   362 I (4)[362:kworker/4:2]sd 0: 0:0:2: [sdc] Synchronizing SCSI cache
11-06 18:27:53.569   362   362 I (4)[362:kworker/4:2]ufshcd-mtk 11270000.ufshci: rs,ret 0,8060 us
11-06 18:27:54.555   273   273 I (4)[273:kworker/u16:2][SCP] scp_ipi_send: SCP A not ready
11-06 18:27:54.555   273   273 E         : (4)[273:kworker/u16:2][sensorHub] scp_ipi_send fail
11-06 18:27:54.556    69    69 E         : (7)[69:kworker/7:1][sensorHub] scp_sensorHub_req_send fail!
11-06 18:27:56.482   646   646 F linker  : CANNOT LINK EXECUTABLE "/vendor/bin/hw/vendor.mediatek.hardware.paytrigger@1.0-service": library "vendor.mediatek.hardware.paytrigger@1.0.so" not found: needed by main executable
11-06 18:27:56.484   647   647 F linker  : CANNOT LINK EXECUTABLE "/vendor/bin/hw/vendor.trustonic.tee@1.1-service": library "libhidlmemory.so" not found: needed by main executable
11-06 18:27:56.490   648   648 F linker  : CANNOT LINK EXECUTABLE "/vendor/bin/hw/android.hardware.keymaster@4.1-service.trustonic": library "libcppbor_external.so" not found: needed by /system/lib64/libkeymaster_portable.so in namespace (default)
11-06 18:27:56.496   645   645 F linker  : CANNOT LINK EXECUTABLE "/system/bin/recovery": cannot locate symbol "_ZN7android6Parcel13markForBinderERKNS_2spINS_7IBinderEEE" referenced by "/system/lib64/libkeystore-attestation-application-id.so"...
11-06 18:27:56.496   649   649 E cutils-trace: Error opening trace file: No such file or directory (2)
11-06 18:27:56.496   384   384 I hwservicemanager: getDeviceHalManifest: Reading VINTF information.
11-06 18:27:56.498   384   384 E hwservicemanager: getDeviceHalManifest: status from fetching VINTF information: -22
11-06 18:27:56.498   384   384 E hwservicemanager: getDeviceHalManifest: -22 VINTF parse error: Illformed file: /vendor/etc/vintf/manifest.xml: Unrecognized manifest.version 4.0 (libvintf@2.0)
11-06 18:27:56.498   384   384 I hwservicemanager: getTransport: Cannot find entry android.hardware.gatekeeper@1.0::IGatekeeper/default in either framework or device manifest.
11-06 18:27:56.499   649   649 E LegacySupport: Could not get passthrough implementation for android.hardware.gatekeeper@1.0::IGatekeeper/default.
11-06 18:27:56.504   651   651 E cutils-trace: Error opening trace file: No such file or directory (2)
11-06 18:27:56.504   384   384 I hwservicemanager: getDeviceHalManifest: Reading VINTF information.
11-06 18:27:56.505   384   384 E hwservicemanager: getDeviceHalManifest: status from fetching VINTF information: -22
11-06 18:27:56.506   384   384 E hwservicemanager: getDeviceHalManifest: -22 VINTF parse error: Illformed file: /vendor/etc/vintf/manifest.xml: Unrecognized manifest.version 4.0 (libvintf@2.0)
11-06 18:27:56.506   384   384 I hwservicemanager: getTransport: Cannot find entry android.hardware.health@2.0::IHealth/default in either framework or device manifest.
11-06 18:27:56.507   650   650 E cutils-trace: Error opening trace file: No such file or directory (2)
11-06 18:27:56.508   384   384 I hwservicemanager: getDeviceHalManifest: Reading VINTF information.
11-06 18:27:56.509   384   384 E hwservicemanager: getDeviceHalManifest: status from fetching VINTF information: -22
11-06 18:27:56.509   384   384 E hwservicemanager: getDeviceHalManifest: -22 VINTF parse error: Illformed file: /vendor/etc/vintf/manifest.xml: Unrecognized manifest.version 4.0 (libvintf@2.0)
11-06 18:27:56.509   384   384 I hwservicemanager: getTransport: Cannot find entry android.hardware.boot@1.0::IBootControl/default in either framework or device manifest.
11-06 18:27:56.510   651   651 I android.hardware.health@2.1-service: default instance initializing with healthd_config...
11-06 18:27:56.510   384   384 I hwservicemanager: getDeviceHalManifest: Reading VINTF information.
11-06 18:27:56.511   384   384 E hwservicemanager: getDeviceHalManifest: status from fetching VINTF information: -22
11-06 18:27:56.511   384   384 E hwservicemanager: getDeviceHalManifest: -22 VINTF parse error: Illformed file: /vendor/etc/vintf/manifest.xml: Unrecognized manifest.version 4.0 (libvintf@2.0)
11-06 18:27:56.511   384   384 I hwservicemanager: getTransport: Cannot find entry android.hardware.health@2.1::IHealth/default in either framework or device manifest.
11-06 18:27:56.511   651   651 E HidlServiceManagement: Service android.hardware.health@2.1::IHealth/default must be in VINTF manifest in order to register/get.
11-06 18:27:56.511   651   651 F android.hardware.health@2.1-service: Check failed: registerAsService(instance_name()) == android::OK (registerAsService(instance_name())=-2147483648, android::OK=0) default: Failed to register HAL
11-06 18:27:56.511   651   651 F libc    : Fatal signal 6 (SIGABRT), code -1 (SI_QUEUE) in tid 651 (android.hardwar), pid 651 (android.hardwar)
11-06 18:27:56.511   650   650 W android.hardware.boot@1.1-service: [libfs_mgr]Warning: unknown flag: resize
11-06 18:27:56.513   653   653 F libc    : failed to exec crash_dump helper: No such file or directory
11-06 18:27:56.513   651   651 F libc    : crash_dump helper failed to exec
11-06 18:27:56.515   650   650 W android.hardware.boot@1.1-service: [libfs_mgr]Warning: unknown flag: resize
11-06 18:27:56.516   384   384 I hwservicemanager: getDeviceHalManifest: Reading VINTF information.
11-06 18:27:56.517   384   384 E hwservicemanager: getDeviceHalManifest: status from fetching VINTF information: -22
11-06 18:27:56.517   384   384 E hwservicemanager: getDeviceHalManifest: -22 VINTF parse error: Illformed file: /vendor/etc/vintf/manifest.xml: Unrecognized manifest.version 4.0 (libvintf@2.0)
11-06 18:27:56.517   384   384 I hwservicemanager: getTransport: Cannot find entry android.hardware.boot@1.1::IBootControl/default in either framework or device manifest.
11-06 18:27:56.517   650   650 E HidlServiceManagement: Service android.hardware.boot@1.1::IBootControl/default must be in VINTF manifest in order to register/get.
11-06 18:27:56.517   650   650 E LegacySupport: Could not register service android.hardware.boot@1.0::IBootControl/default (-2147483648).
11-06 18:27:56.520     1     1 I (0)[1:init]: starting service 'recovery'...
11-06 18:27:56.521     1     1 I (0)[1:init]: Created socket '/dev/socket/recovery', mode 422, user 1000, group 1000
11-06 18:27:56.526     1     1 I (0)[1:init]: starting service 'paytrigger_hal_service'...
11-06 18:27:56.530     1     1 I (0)[1:init]: starting service 'tee-1-1'...
11-06 18:27:56.533     1     1 I (0)[1:init]: starting service 'keymaster-4-1'...
11-06 18:27:56.537     1     1 I (0)[1:init]: starting service 'gatekeeper-1-0'...
11-06 18:27:56.541     1     1 I (2)[1:init]: starting service 'boot-hal-1-1'...
11-06 18:27:56.545     1     1 I (2)[1:init]: starting service 'health-hal-2-1'...
11-06 18:27:56.545     1     1 I (2)[1:init]: Opened file '/dev/kmsg', flags 1
11-06 18:27:56.548     1     1 I (2)[1:init]: Service 'recovery' (pid 645) exited with status 1
11-06 18:27:56.562   651   651 I (6)[651:android.hardwar][SDD]: do_coredump.
11-06 18:27:56.563   359   359 I (1)[359:kworker/1:2]ufshcd-mtk 11270000.ufshci: rr,ret 0,2643 us
11-06 18:27:56.636     0     0 I -(4)[0:swapper/4]mtk_charger_alarm_timer_func: not suspend, wake up charger
11-06 18:27:56.636   351   351 I         : (4)[351:charger_thread][fgauge_read_current] final current=3554 (ratio=1000)
11-06 18:27:56.636   351   351 I (4)[351:charger_thread]rt9471 5-0053: __rt9471_kick_wdt
11-06 18:27:56.638   351   351 I         : (4)[351:charger_thread][MDRT_ADC] OLD = 0x3007, NOW = 0x301f, CNT = 0
11-06 18:27:56.639   351   351 I         : (4)[351:charger_thread]vbat_out_old=38660, vthr=691, T_curr=389, vbat_out=38693
11-06 18:27:56.639   351   351 I (4)[351:charger_thread]mt635x-auxadc mt635x-auxadc: name:BATADC, channel=0, adc_out=0x5ba8, adc_result=3869
11-06 18:27:56.640   351   351 I (4)[351:charger_thread]mt635x-auxadc mt635x-auxadc: name:VCDT, channel=2, adc_out=0x49e, adc_result=519
11-06 18:27:56.640   351   351 I         : (4)[351:charger_thread][fgauge_read_current] final current=3562 (ratio=1000)
11-06 18:27:56.640   351   351 I         : (4)[351:charger_thread][CH3_DBG] bat_cur = 3562
11-06 18:27:56.641   351   351 I (4)[351:charger_thread]mt635x-auxadc mt635x-auxadc: name:BAT_TEMP, channel=3, adc_out=0x2d2, adc_result=634
11-06 18:27:56.641   351   351 I         : (4)[351:charger_thread][fgauge_read_current] final current=3562 (ratio=1000)
11-06 18:27:56.641   351   351 I         : (4)[351:charger_thread][BattVoltToTemp] 631 24000 2791 -3
11-06 18:27:56.641   351   351 I         : (4)[351:charger_thread][force_get_tbat] 634,631,1,356,0,347 r:100 0 0
11-06 18:27:56.641   351   351 I (4)[351:charger_thread][force_get_tbat] t: 34 precise:347
11-06 18:27:56.641   351   351 I (4)[351:charger_thread]Vbat=3869,Ibat=3554,I=0,VChr=4910,T=34,Soc=38: 50,CT:1:1 hv:1 pd:0:0
11-06 18:27:56.641   351   351 I (4)[351:charger_thread]mtk_charger_start_timer: alarm timer start:0, 139 25976853
11-06 18:27:56.641   351   351 I         : -(4)[351:charger_thread]alarmtimer_enqueue, 139025976853
11-06 18:27:56.641   351   351 I         : (4)[351:charger_thread][fgauge_read_current] final current=3416 (ratio=1000)
11-06 18:27:56.641   351   351 I         : (4)[351:charger_thread][CH3_DBG] bat_cur = 3416
11-06 18:27:56.642   351   351 I (4)[351:charger_thread]mt635x-auxadc mt635x-auxadc: name:BAT_TEMP, channel=3, adc_out=0x2d1, adc_result=633
11-06 18:27:56.642   351   351 I         : (4)[351:charger_thread][fgauge_read_current] final current=3416 (ratio=1000)
11-06 18:27:56.642   351   351 I         : (4)[351:charger_thread][BattVoltToTemp] 630 24000 2791 -3
11-06 18:27:56.642   351   351 I         : (4)[351:charger_thread][force_get_tbat] 633,630,1,341,0,348 r:100 0 0
11-06 18:27:56.642   351   351 I (4)[351:charger_thread][force_get_tbat] t: 34 precise:348
11-06 18:27:56.642   351   351 I         : (4)[351:charger_thread][fg_is_battery_exist] PMIC_RGS_BATON_UNDET = 1
11-06 18:27:56.642   351   351 I chatty  : uid=1036(auditd) identical 1 line
11-06 18:27:56.642   351   351 I         : (4)[351:charger_thread][fg_is_battery_exist] PMIC_RGS_BATON_UNDET = 1
11-06 18:27:56.647   351   351 I         : (4)[351:charger_thread]vbat_out_old=38660, vthr=691, T_curr=389, vbat_out=38693
11-06 18:27:56.647   351   351 I (4)[351:charger_thread]mt635x-auxadc mt635x-auxadc: name:BATADC, channel=0, adc_out=0x5ba4, adc_result=3869
11-06 18:27:56.647   351   351 I (4)[351:charger_thread]rt9471 5-0053: __rt9471_set_mivr mivr = 4200000(0x03)
11-06 18:27:56.648   351   351 I         : (4)[351:charger_thread][SW_JEITA] Battery Normal Temperature between 15 and 45 !!
11-06 18:27:56.648   351   351 I (4)[351:charger_thread][SW_JEITA]preState: 3 newState:3 tmp:34 cv:0
11-06 18:27:56.648   351   351 I         : (4)[351:charger_thread][50] bat_temp(34) tran_notify_code(0x0)
11-06 18:27:56.648   351   351 I         : (4)[351:charger_thread]info->notify_code = 0x0
11-06 18:27:56.648   351   351 I (4)[351:charger_thread]tmp: 34 (jeita:1 sm:3 cv:0 en:1) (sm:1) en:1 c:0 s:0 ov:0 sc:0 1 1
11-06 18:27:56.648   351   351 I         : (4)[351:charger_thread]mtk_switch_charging_run [1 0], timer=110
11-06 18:27:56.648   351   351 I (4)[351:charger_thread]DV2_SWITCH: dcp_get_ta_status switch_dev->rfc_dcp_ta=0
11-06 18:27:56.648   351   351 I         : (4)[351:charger_thread]mtk_switch_charging_run_2 [1] 0
11-06 18:27:56.649   351   351 I         : (4)[351:charger_thread][fgauge_read_current] final current=3402 (ratio=1000)
11-06 18:27:56.649   351   351 I         : (4)[351:charger_thread][CH3_DBG] bat_cur = 3402
11-06 18:27:56.649   351   351 I         : (4)[351:charger_thread][fgauge_read_current] final current=3402 (ratio=1000)
11-06 18:27:56.649   351   351 I         : (4)[351:charger_thread][BattVoltToTemp] 628 24000 2791 -3
11-06 18:27:56.649   351   351 I         : (4)[351:charger_thread][force_get_tbat] 631,628,1,340,0,349 r:100 0 0
11-06 18:27:56.649   351   351 I (4)[351:charger_thread][force_get_tbat] t: 34 precise:349
11-06 18:27:56.650   351   351 I (4)[351:charger_thread]pe40_ready: 0 hv:1 thermal:-1,-1 tmp:34,39,16 pps:0 en:0 ibus:0 80
11-06 18:27:56.650   351   351 I (4)[351:charger_thread]mtk_tc30_start_algotithm: stop, tc30 is not connected
11-06 18:27:56.650   351   351 I (4)[351:charger_thread]mtk_pe20_start_algorithm: stop, PE+20 is not connected
11-06 18:27:56.650   351   351 I (4)[351:charger_thread]mtk_pe_start_algorithm: stop, PE+ is not connected
11-06 18:27:56.650   351   351 I (4)[351:charger_thread]mtk_pe_start_algorithm: vchr_org = 5000, vchr_after = 4901, delta = -99
11-06 18:27:56.650   351   351 I (4)[351:charger_thread]mtk_hvdcp20_start_algotithm: stop, hvdcp20 is not connected
11-06 18:27:56.650   351   351 I (4)[351:charger_thread]force: 0 thermal:-1,-1 pe4:-1,-1,0 setting:500 500 type:1 usb_unlimited:0 usbif:0 usbsm:2 aicl:-1 atm:0
11-06 18:27:56.650   351   351 I (4)[351:charger_thread]rt9471 5-0053: __rt9471_set_aicr aicr = 500000(0x0A)
11-06 18:27:56.650   351   351 I (4)[351:charger_thread]rt9471 5-0053: __rt9471_set_ichg ichg = 500000(0x0A)
11-06 18:27:56.651   351   351 I (4)[351:charger_thread]rt9471 5-0053: rt9471_enable_charging en = 1
11-06 18:27:56.651   351   351 I (4)[351:charger_thread]rt9471 5-0053: __rt9471_enable_chg en = 1, chip_rev = 5
11-06 18:27:56.654   351   351 I (4)[351:charger_thread]swchg_select_cv: 1 0
11-06 18:27:56.654   351   351 I (4)[351:charger_thread]swchg_select_cv: 0,0 4450000 200000 20000 40000
11-06 18:27:56.654   351   351 I (4)[351:charger_thread]rt9471 5-0053: __rt9471_set_ieoc ieoc = 200000(0x03)
11-06 18:27:56.655   351   351 I (4)[351:charger_thread]rt9471 5-0053: __rt9471_set_cv cv = 4450000(0x37)
11-06 18:27:56.655   351   351 I (0)[351:charger_thread]rt9471 5-0053: rt9471_enable_charging en = 1
11-06 18:27:56.655   351   351 I (0)[351:charger_thread]rt9471 5-0053: __rt9471_enable_chg en = 1, chip_rev = 5
11-06 18:27:56.656   351   351 I (0)[351:charger_thread]rt9471 5-0053: __rt9471_kick_wdt
11-06 18:27:56.659   351   351 I (0)[351:charger_thread]rt9471 5-0053: __rt9471_dump_registers MIVR = 4200mV, AICR = 500mA
11-06 18:27:56.659   351   351 I (0)[351:charger_thread]rt9471 5-0053: __rt9471_dump_registers CV = 4450mV, ICHG = 500mA, IEOC = 200mA
11-06 18:27:56.659   351   351 I (0)[351:charger_thread]rt9471 5-0053: __rt9471_dump_registers CHG_EN = 1, IC_STAT = fast-charge
11-06 18:27:56.659   351   351 I (0)[351:charger_thread]rt9471 5-0053: __rt9471_dump_registers STAT0 = 0xC1, STAT1 = 0x40
11-06 18:27:56.659   351   351 I (0)[351:charger_thread]rt9471 5-0053: __rt9471_dump_registers STAT2 = 0x00, STAT3 = 0x00
11-06 18:27:56.659   351   351 I (0)[351:charger_thread]rt9471 5-0053: __rt9471_dump_registers HIDDEN_2 = 0xE2
11-06 18:27:56.659   351   351 I         : (0)[351:charger_thread][fgauge_read_current] final current=3462 (ratio=1000)
11-06 18:27:58.159     0     0 I         : (0)[0:swapper/0][name:spm&][SPM] MCUSYSOFF wake up by , timer_out = 0, r13 = 0x84000e80, debug_flag = 0x0 0x0, r12 = 0x0, r12_ext = 0x0, raw_sta = 0x0 0x0 0x0, idle_sta = 0xf3, req_sta =  0x5c00000 0x0 0x1f9 0x1e0001 0x0, cg_check_sta =0x0, isr = 0x0, rt_req_sta0 = 0x0 rt_req_sta1 = 0x0 rt_req_sta2 = 0xffffffff rt_req_sta3 = 0xffffffff dram_sw_con_3 = 0x0, raw_ext_sta = 0x180256, wake_misc = 0x0, pcm_flag = 0x0 0x0 0x0 0x0, req = 0x0,  clk_settle = 0x60fe, gpio200 = 1
11-06 18:27:58.567   362   362 I (4)[362:kworker/4:2]sd 0: 0:0:2: [sdc] Synchronizing SCSI cache
11-06 18:27:58.577   362   362 I (4)[362:kworker/4:2]ufshcd-mtk 11270000.ufshci: rs,ret 0,7907 us
11-06 18:27:58.950   283   283 I         : (4)[283:battery_thread][fg_drv_update_hw_status]=>
11-06 18:27:58.950   283   283 I (4)[283:battery_thread][fg_update_sw_iavg]diff time: 10 iavg:3600
11-06 18:27:58.950   283   283 I         : (4)[283:battery_thread][read_boot_battery_plug_out_status] rtc_invalid 0 plugout 0 bat_plug_out_time 0 sp3:0xab pl:0 0
11-06 18:27:58.950   283   283 I         : (4)[283:battery_thread][fgauge_read_current] final current=3554 (ratio=1000)
11-06 18:27:58.951   283   283 I         : (4)[283:battery_thread][fgauge_read_columb_internal] CAR=116 r_fg_value=50 car_tune_value=1000
11-06 18:27:58.952   283   283 I         : (4)[283:battery_thread]vbat_out_old=38670, vthr=692, T_curr=383, vbat_out=38701
11-06 18:27:58.953   283   283 W -(4)[283:battery_thread]mt635x_auxadc_read_raw: 5 callbacks suppressed
11-06 18:27:58.953   283   283 I (4)[283:battery_thread]mt635x-auxadc mt635x-auxadc: name:BATADC, channel=0, adc_out=0x5bad, adc_result=3870
11-06 18:27:58.953   283   283 I (4)[283:battery_thread]mt635x-auxadc mt635x-auxadc: name:VCDT, channel=2, adc_out=0x49c, adc_result=518
11-06 18:27:58.953   283   283 I         : (4)[283:battery_thread][fgauge_read_current] final current=3554 (ratio=1000)
11-06 18:27:58.953   283   283 I         : (4)[283:battery_thread][CH3_DBG] bat_cur = 3554
11-06 18:27:58.954   283   283 I (4)[283:battery_thread]mt635x-auxadc mt635x-auxadc: name:BAT_TEMP, channel=3, adc_out=0x2d2, adc_result=634
11-06 18:27:58.954   283   283 I         : (4)[283:battery_thread][fgauge_read_current] final current=3486 (ratio=1000)
11-06 18:27:58.954   283   283 I         : (4)[283:battery_thread][BattVoltToTemp] 631 24000 2791 -3
11-06 18:27:58.954   283   283 I         : (4)[283:battery_thread][force_get_tbat] 634,631,1,348,0,347 r:100 0 0
11-06 18:27:58.954   283   283 I (4)[283:battery_thread][force_get_tbat] t: 34 precise:347
11-06 18:27:58.954   283   283 I         : (4)[283:battery_thread]lbat 0 0 0 0
11-06 18:27:58.954   283   283 I (4)[283:battery_thread]car[116,245,-245,491,-217, cycle_car:0,ncar:0] c: 1 3554 vbat:3870 vbus:4901 soc:38 50 gm3:0 0 0 0
11-06 18:27:58.954   283   283 I         : (4)[283:battery_thread][fgauge_read_columb_internal] CAR=116 r_fg_value=50 car_tune_value=1000
11-06 18:27:58.955   283   283 I         : (4)[283:battery_thread][fg_get_current_iavg] 3574 1
11-06 18:27:58.955   283   283 I         : (4)[283:battery_thread][fg_bat_nafg][fgauge_get_nafg_cnt] 0 [25_16 0 15_0 0]
11-06 18:27:58.955   283   283 I (4)[283:battery_thread][fg_nafg_monitor]time: 131 nafg_cnt:0, now:131, last_t:0
11-06 18:27:58.955   283   283 I (4)[283:battery_thread]tmp: 34 65535 65535 hcar2:491 lcar2:217 time:131 sw_iavg:3600 3574 1 nafg_m:0 0 0
11-06 18:27:58.955   283   283 I         : (4)[283:battery_thread][fgauge_read_columb_internal] CAR=116 r_fg_value=50 car_tune_value=1000
11-06 18:27:58.959   283   283 I         : (4)[283:battery_thread]vbat_out_old=38670, vthr=692, T_curr=383, vbat_out=38701
11-06 18:27:58.959   283   283 I (4)[283:battery_thread]mt635x-auxadc mt635x-auxadc: name:BATADC, channel=0, adc_out=0x5bac, adc_result=3870
11-06 18:27:58.960   283   283 I         : (4)[283:battery_thread][fgauge_read_current] final current=3456 (ratio=1000)
11-06 18:27:58.960   283   283 I         : (4)[283:battery_thread][fg_get_current_iavg] 3574 1
11-06 18:27:58.960   283   283 I         : (4)[283:battery_thread][fgauge_read_current] final current=3456 (ratio=1000)
11-06 18:27:58.960   283   283 I         : (4)[283:battery_thread][CH3_DBG] bat_cur = 3456
11-06 18:27:58.961   283   283 I (4)[283:battery_thread]mt635x-auxadc mt635x-auxadc: name:BAT_TEMP, channel=3, adc_out=0x2d2, adc_result=634
11-06 18:27:58.961   283   283 I         : (4)[283:battery_thread][fgauge_read_current] final current=3456 (ratio=1000)
11-06 18:27:58.961   283   283 I         : (4)[283:battery_thread][BattVoltToTemp] 631 24000 2791 -3
11-06 18:27:58.961   283   283 I         : (4)[283:battery_thread][force_get_tbat] 634,631,1,345,0,347 r:100 0 0
11-06 18:27:58.961   283   283 I (4)[283:battery_thread][force_get_tbat] t: 34 precise:347
11-06 18:27:58.961   283   283 I         : (4)[283:battery_thread][fg_is_battery_exist] PMIC_RGS_BATON_UNDET = 1
11-06 18:27:58.961   283   283 I         : (4)[283:battery_thread]GM3log1 131 131 3870 3456 3574 55000 24 34 1 1 61 0 0
11-06 18:27:58.961   283   283 I (4)[283:battery_thread]battery_get_boot_mode: boot mode=2
11-06 18:27:58.961   283   283 I         : (4)[283:battery_thread]GM3log2 131 0 0 0 0 0 0 0 4910
11-06 18:27:58.961   283   283 I         : (4)[283:battery_thread]GM3log3 131 0 38431 22 0
11-06 18:27:58.961   283   283 I         : (4)[283:battery_thread]GM3log4 1 43 0 0 0 0 1 1 1 0 38
11-06 18:27:58.961   283   283 I         : (4)[283:battery_thread]GM3log int 131 131 0 0 0 0
11-06 18:27:58.961   283   283 I         : (4)[283:battery_thread]GM3log phone_state 0 0
11-06 18:27:58.961   283   283 I (4)[283:battery_thread]GM3 car: 116 car_diff:-92
11-06 18:27:58.961   283   283 I (4)[283:battery_thread][fg_bat_nafg][fgauge_get_nafg_dltv] mV: Reg [15546:9434]
11-06 18:27:58.961   283   283 I         : (4)[283:battery_thread][fg_bat_nafg][fgauge_get_nafg_cnt] 0 [25_16 0 15_0 0]
11-06 18:27:58.961   283   283 I (4)[283:battery_thread][fg_bat_nafg][fgauge_get_nafg_c_dltv] mV: Reg[0:0] [b10:0][26_16(0x0000) 15_00(0x0000)]
11-06 18:27:58.962   283   283 I         : (4)[283:battery_thread]GM3log-nint-nafg 131 131 0 38453 15546 0 0
11-06 18:27:58.962   283   283 I (4)[283:battery_thread]battery_get_boot_mode: boot mode=2
11-06 18:27:58.962   283   283 I         : (4)[283:battery_thread]mtk_battery boot mode =2
11-06 18:27:58.962   283   283 I         : (4)[283:battery_thread][wakeup_fg_algo_recovery] intr_num=0x2000000
11-06 18:27:58.962   283   283 I (4)[283:battery_thread]rt9471 5-0053: __rt9471_kick_wdt
11-06 18:27:59.783   306   306 I (3)[306:rpmb_open]Trustonic TEE: request_send: daemon not connected after 90s, waiting
11-06 18:28:01.492   655   655 F linker  : CANNOT LINK EXECUTABLE "/vendor/bin/hw/vendor.mediatek.hardware.paytrigger@1.0-service": library "vendor.mediatek.hardware.paytrigger@1.0.so" not found: needed by main executable
11-06 18:28:01.496   656   656 F linker  : CANNOT LINK EXECUTABLE "/vendor/bin/hw/vendor.trustonic.tee@1.1-service": library "libhidlmemory.so" not found: needed by main executable
11-06 18:28:01.499   657   657 F linker  : CANNOT LINK EXECUTABLE "/vendor/bin/hw/android.hardware.keymaster@4.1-service.trustonic": library "libcppbor_external.so" not found: needed by /system/lib64/libkeymaster_portable.so in namespace (default)
11-06 18:28:01.505   658   658 E cutils-trace: Error opening trace file: No such file or directory (2)
11-06 18:28:01.506   654   654 F linker  : CANNOT LINK EXECUTABLE "/system/bin/recovery": cannot locate symbol "_ZN7android6Parcel13markForBinderERKNS_2spINS_7IBinderEEE" referenced by "/system/lib64/libkeystore-attestation-application-id.so"...
11-06 18:28:01.506   384   384 I hwservicemanager: getDeviceHalManifest: Reading VINTF information.
11-06 18:28:01.507   384   384 E hwservicemanager: getDeviceHalManifest: status from fetching VINTF information: -22
11-06 18:28:01.507   384   384 E hwservicemanager: getDeviceHalManifest: -22 VINTF parse error: Illformed file: /vendor/etc/vintf/manifest.xml: Unrecognized manifest.version 4.0 (libvintf@2.0)
11-06 18:28:01.507   384   384 I hwservicemanager: getTransport: Cannot find entry android.hardware.gatekeeper@1.0::IGatekeeper/default in either framework or device manifest.
11-06 18:28:01.508   658   658 E LegacySupport: Could not get passthrough implementation for android.hardware.gatekeeper@1.0::IGatekeeper/default.
11-06 18:28:01.511   660   660 E cutils-trace: Error opening trace file: No such file or directory (2)
11-06 18:28:01.512   384   384 I hwservicemanager: getDeviceHalManifest: Reading VINTF information.
11-06 18:28:01.513   384   384 E hwservicemanager: getDeviceHalManifest: status from fetching VINTF information: -22
11-06 18:28:01.513   384   384 E hwservicemanager: getDeviceHalManifest: -22 VINTF parse error: Illformed file: /vendor/etc/vintf/manifest.xml: Unrecognized manifest.version 4.0 (libvintf@2.0)
11-06 18:28:01.513   384   384 I hwservicemanager: getTransport: Cannot find entry android.hardware.health@2.0::IHealth/default in either framework or device manifest.
11-06 18:28:01.516   659   659 E cutils-trace: Error opening trace file: No such file or directory (2)
11-06 18:28:01.516   660   660 I android.hardware.health@2.1-service: default instance initializing with healthd_config...
11-06 18:28:01.516   384   384 I hwservicemanager: getDeviceHalManifest: Reading VINTF information.
11-06 18:28:01.517   384   384 E hwservicemanager: getDeviceHalManifest: status from fetching VINTF information: -22
11-06 18:28:01.517   384   384 E hwservicemanager: getDeviceHalManifest: -22 VINTF parse error: Illformed file: /vendor/etc/vintf/manifest.xml: Unrecognized manifest.version 4.0 (libvintf@2.0)
11-06 18:28:01.517   384   384 I hwservicemanager: getTransport: Cannot find entry android.hardware.health@2.1::IHealth/default in either framework or device manifest.
11-06 18:28:01.517   384   384 I hwservicemanager: getDeviceHalManifest: Reading VINTF information.
11-06 18:28:01.518   384   384 E hwservicemanager: getDeviceHalManifest: status from fetching VINTF information: -22
11-06 18:28:01.518   384   384 E hwservicemanager: getDeviceHalManifest: -22 VINTF parse error: Illformed file: /vendor/etc/vintf/manifest.xml: Unrecognized manifest.version 4.0 (libvintf@2.0)
11-06 18:28:01.518   384   384 I hwservicemanager: getTransport: Cannot find entry android.hardware.boot@1.0::IBootControl/default in either framework or device manifest.
11-06 18:28:01.518   660   660 E HidlServiceManagement: Service android.hardware.health@2.1::IHealth/default must be in VINTF manifest in order to register/get.
11-06 18:28:01.518   660   660 F android.hardware.health@2.1-service: Check failed: registerAsService(instance_name()) == android::OK (registerAsService(instance_name())=-2147483648, android::OK=0) default: Failed to register HAL
11-06 18:28:01.518   660   660 F libc    : Fatal signal 6 (SIGABRT), code -1 (SI_QUEUE) in tid 660 (android.hardwar), pid 660 (android.hardwar)
11-06 18:28:01.520   659   659 W android.hardware.boot@1.1-service: [libfs_mgr]Warning: unknown flag: resize
11-06 18:28:01.520   662   662 F libc    : failed to exec crash_dump helper: No such file or directory
11-06 18:28:01.520   660   660 F libc    : crash_dump helper failed to exec
11-06 18:28:01.523   659   659 W android.hardware.boot@1.1-service: [libfs_mgr]Warning: unknown flag: resize
11-06 18:28:01.524   384   384 I hwservicemanager: getDeviceHalManifest: Reading VINTF information.
11-06 18:28:01.525   384   384 E hwservicemanager: getDeviceHalManifest: status from fetching VINTF information: -22
11-06 18:28:01.525   384   384 E hwservicemanager: getDeviceHalManifest: -22 VINTF parse error: Illformed file: /vendor/etc/vintf/manifest.xml: Unrecognized manifest.version 4.0 (libvintf@2.0)
11-06 18:28:01.525   384   384 I hwservicemanager: getTransport: Cannot find entry android.hardware.boot@1.1::IBootControl/default in either framework or device manifest.
11-06 18:28:01.525   659   659 E HidlServiceManagement: Service android.hardware.boot@1.1::IBootControl/default must be in VINTF manifest in order to register/get.
11-06 18:28:01.525   659   659 E LegacySupport: Could not register service android.hardware.boot@1.0::IBootControl/default (-2147483648).
11-06 18:28:01.530     1     1 I (2)[1:init]: starting service 'recovery'...
11-06 18:28:01.531     1     1 I (2)[1:init]: Created socket '/dev/socket/recovery', mode 422, user 1000, group 1000
11-06 18:28:01.536     1     1 I (2)[1:init]: starting service 'paytrigger_hal_service'...
11-06 18:28:01.541     1     1 I (2)[1:init]: starting service 'tee-1-1'...
11-06 18:28:01.544     1     1 I (2)[1:init]: starting service 'keymaster-4-1'...
11-06 18:28:01.546     1     1 I (2)[1:init]: starting service 'gatekeeper-1-0'...
11-06 18:28:01.550     1     1 I (2)[1:init]: starting service 'boot-hal-1-1'...
11-06 18:28:01.554     1     1 I (2)[1:init]: starting service 'health-hal-2-1'...
11-06 18:28:01.554     1     1 I (2)[1:init]: Opened file '/dev/kmsg', flags 1
11-06 18:28:01.556     1     1 I (2)[1:init]: Service 'recovery' (pid 654) exited with status 1
11-06 18:28:01.569   660   660 I (0)[660:android.hardwar][SDD]: do_coredump.
11-06 18:28:01.571   361   361 I (3)[361:kworker/3:2]ufshcd-mtk 11270000.ufshci: rr,ret 0,2710 us
11-06 18:28:01.980    53    53 I         : (6)[53:kworker/6:1][K][Perf] TRAN Perf Statistic start (11-06 18:28:01)
11-06 18:28:01.980    53    53 I         : (6)[53:kworker/6:1][K]     Usage          PID                        Name          Total:10000(ms)*8
11-06 18:28:01.980    53    53 I         : (6)[53:kworker/6:1][K]        0%            1                        init             76000000(ns)
11-06 18:28:01.980    53    53 I         : (6)[53:kworker/6:1][K]        0%          322             sf_pf_release_t             52000000(ns)
11-06 18:28:01.980    53    53 I         : (6)[53:kworker/6:1][K]        0%          283              battery_thread              8000000(ns)
11-06 18:28:01.980    53    53 I         : (6)[53:kworker/6:1][K]        0%          384             hwservicemanage              8000000(ns)
11-06 18:28:01.980    53    53 I         : (6)[53:kworker/6:1][K]        0%          351              charger_thread              4000000(ns)
11-06 18:28:01.980    53    53 I         : (6)[53:kworker/6:1][K]  Cpus Usage [ 0], [ 0], [ 0], [ 0], [ 0] [ 0], [ 0], [ 0]
11-06 18:28:01.980    53    53 I         : (6)[53:kworker/6:1][K]  user[00],system[00],iowait[00],irq[00],idle[99]
11-06 18:28:01.980    53    53 I         : (6)[53:kworker/6:1][K][Perf] TRAN Perf Statistic done
11-06 18:28:03.575   362   362 I (4)[362:kworker/4:2]sd 0: 0:0:2: [sdc] Synchronizing SCSI cache
11-06 18:28:03.583     0     0 I         : (0)[0:swapper/0][name:spm&][SPM] MCUSYSOFF wake up by , timer_out = 0, r13 = 0x84000e80, debug_flag = 0x0 0x0, r12 = 0x0, r12_ext = 0x0, raw_sta = 0x0 0x0 0x0, idle_sta = 0x40f3, req_sta =  0x5c00000 0x180000 0x1ff 0x1e0001 0x0, cg_check_sta =0x0, isr = 0x0, rt_req_sta0 = 0x0 rt_req_sta1 = 0x0 rt_req_sta2 = 0xffffffff rt_req_sta3 = 0xffffffff dram_sw_con_3 = 0x0, raw_ext_sta = 0x180256, wake_misc = 0x0, pcm_flag = 0x0 0x0 0x0 0x0, req = 0x0,  clk_settle = 0x60fe, gpio200 = 1
11-06 18:28:03.584   362   362 I (4)[362:kworker/4:2]ufshcd-mtk 11270000.ufshci: rs,ret 0,7875 us
11-06 18:28:03.955     0     0 I         : (7)[239:wdtk-7][wdk-c] cpu=7 o_k=7 lbit=0x80 cbit=0xff,7f,7,1,908635771,ff,0,0,0,0,[136388966171,15000000] 19
11-06 18:28:03.955     0     0 I         : (1)[233:wdtk-1][wdk-c] cpu=1 o_k=1 lbit=0x82 cbit=0xff,7d,7,1,908635771,ff,0,0,0,0,[136389148325,14999819] 19
11-06 18:28:04.040     0     0 I         : (0)[232:wdtk-0][wdk-c] cpu=0 o_k=0 lbit=0x83 cbit=0xff,7c,7,1,908635771,ff,0,0,0,0,[136474171402,14914796] 19
11-06 18:28:04.040     0     0 I         : (6)[238:wdtk-6][wdk-c] cpu=6 o_k=6 lbit=0xc3 cbit=0xff,3c,7,1,908635771,ff,0,0,0,0,[136474200709,14914765] 19
11-06 18:28:04.041     0     0 I         : (2)[234:wdtk-2][wdk-c] cpu=2 o_k=2 lbit=0xc7 cbit=0xff,38,7,1,908635771,ff,0,0,0,0,[136474306863,14914660] 19
11-06 18:28:04.041     0     0 I         : (4)[236:wdtk-4][wdk-c] cpu=4 o_k=4 lbit=0xd7 cbit=0xff,28,7,1,908635771,ff,0,0,0,0,[136474326248,14914640] 19
11-06 18:28:04.041     0     0 I         : (5)[237:wdtk-5][wdk-c] cpu=5 o_k=5 lbit=0xf7 cbit=0xff,8,7,1,908635771,ff,0,0,0,0,[136474346248,14914620] 19
11-06 18:28:04.041     0     0 I         : (3)[235:wdtk-3][thread:235] 2023-11-06 18:28:03.992316 UTC;android time 2023-11-06 18:28:03.992316
11-06 18:28:04.041     0     0 I         : (3)[235:wdtk-3][wdk-k] cpu=3 o_k=3 lbit=0xff cbit=0xff,0,7,1,908635771,ff,0,0,0,0,[136474365555,14914601] 19
11-06 18:28:04.795   274   274 I (3)[274:kworker/u16:3][SCP] scp_ipi_send: SCP A not ready
11-06 18:28:04.795   274   274 E         : (3)[274:kworker/u16:3][sensorHub] scp_ipi_send fail
11-06 18:28:04.796    69    69 E         : (7)[69:kworker/7:1][sensorHub] scp_sensorHub_req_send fail!
11-06 18:28:06.502   664   664 F linker  : CANNOT LINK EXECUTABLE "/vendor/bin/hw/vendor.mediatek.hardware.paytrigger@1.0-service": library "vendor.mediatek.hardware.paytrigger@1.0.so" not found: needed by main executable
11-06 18:28:06.506   665   665 F linker  : CANNOT LINK EXECUTABLE "/vendor/bin/hw/vendor.trustonic.tee@1.1-service": library "libhidlmemory.so" not found: needed by main executable
11-06 18:28:06.509   666   666 F linker  : CANNOT LINK EXECUTABLE "/vendor/bin/hw/android.hardware.keymaster@4.1-service.trustonic": library "libcppbor_external.so" not found: needed by /system/lib64/libkeymaster_portable.so in namespace (default)
11-06 18:28:06.516   663   663 F linker  : CANNOT LINK EXECUTABLE "/system/bin/recovery": cannot locate symbol "_ZN7android6Parcel13markForBinderERKNS_2spINS_7IBinderEEE" referenced by "/system/lib64/libkeystore-attestation-application-id.so"...
11-06 18:28:06.517   667   667 E cutils-trace: Error opening trace file: No such file or directory (2)
11-06 18:28:06.518   384   384 I hwservicemanager: getDeviceHalManifest: Reading VINTF information.
11-06 18:28:06.520   384   384 E hwservicemanager: getDeviceHalManifest: status from fetching VINTF information: -22
11-06 18:28:06.520   384   384 E hwservicemanager: getDeviceHalManifest: -22 VINTF parse error: Illformed file: /vendor/etc/vintf/manifest.xml: Unrecognized manifest.version 4.0 (libvintf@2.0)
11-06 18:28:06.520   384   384 I hwservicemanager: getTransport: Cannot find entry android.hardware.gatekeeper@1.0::IGatekeeper/default in either framework or device manifest.
11-06 18:28:06.521   667   667 E LegacySupport: Could not get passthrough implementation for android.hardware.gatekeeper@1.0::IGatekeeper/default.
11-06 18:28:06.523   669   669 E cutils-trace: Error opening trace file: No such file or directory (2)
11-06 18:28:06.524   384   384 I hwservicemanager: getDeviceHalManifest: Reading VINTF information.
11-06 18:28:06.525   384   384 E hwservicemanager: getDeviceHalManifest: status from fetching VINTF information: -22
11-06 18:28:06.525   384   384 E hwservicemanager: getDeviceHalManifest: -22 VINTF parse error: Illformed file: /vendor/etc/vintf/manifest.xml: Unrecognized manifest.version 4.0 (libvintf@2.0)
11-06 18:28:06.525   384   384 I hwservicemanager: getTransport: Cannot find entry android.hardware.health@2.0::IHealth/default in either framework or device manifest.
11-06 18:28:06.527   668   668 E cutils-trace: Error opening trace file: No such file or directory (2)
11-06 18:28:06.528   384   384 I hwservicemanager: getDeviceHalManifest: Reading VINTF information.
11-06 18:28:06.528   384   384 E hwservicemanager: getDeviceHalManifest: status from fetching VINTF information: -22
11-06 18:28:06.528   384   384 E hwservicemanager: getDeviceHalManifest: -22 VINTF parse error: Illformed file: /vendor/etc/vintf/manifest.xml: Unrecognized manifest.version 4.0 (libvintf@2.0)
11-06 18:28:06.528   384   384 I hwservicemanager: getTransport: Cannot find entry android.hardware.boot@1.0::IBootControl/default in either framework or device manifest.
11-06 18:28:06.529   669   669 I android.hardware.health@2.1-service: default instance initializing with healthd_config...
11-06 18:28:06.530   668   668 W android.hardware.boot@1.1-service: [libfs_mgr]Warning: unknown flag: resize
11-06 18:28:06.530   384   384 I hwservicemanager: getDeviceHalManifest: Reading VINTF information.
11-06 18:28:06.531   384   384 E hwservicemanager: getDeviceHalManifest: status from fetching VINTF information: -22
11-06 18:28:06.531   384   384 E hwservicemanager: getDeviceHalManifest: -22 VINTF parse error: Illformed file: /vendor/etc/vintf/manifest.xml: Unrecognized manifest.version 4.0 (libvintf@2.0)
11-06 18:28:06.531   384   384 I hwservicemanager: getTransport: Cannot find entry android.hardware.health@2.1::IHealth/default in either framework or device manifest.
11-06 18:28:06.531   669   669 E HidlServiceManagement: Service android.hardware.health@2.1::IHealth/default must be in VINTF manifest in order to register/get.
