11-06 18:28:36.658   351   351 I         : (0)[351:charger_thread][fgauge_read_current] final current=3256 (ratio=1000)
11-06 18:28:36.658   351   351 I         : (0)[351:charger_thread][BattVoltToTemp] 635 24000 2791 -3
11-06 18:28:36.658   351   351 I         : (0)[351:charger_thread][force_get_tbat] 638,635,1,325,0,345 r:100 0 0
11-06 18:28:36.658   351   351 I (0)[351:charger_thread][force_get_tbat] t: 34 precise:345
11-06 18:28:36.658   351   351 I         : (0)[351:charger_thread][fg_is_battery_exist] PMIC_RGS_BATON_UNDET = 1
11-06 18:28:36.658   351   351 I chatty  : uid=1036(auditd) identical 1 line
11-06 18:28:36.658   351   351 I         : (0)[351:charger_thread][fg_is_battery_exist] PMIC_RGS_BATON_UNDET = 1
11-06 18:28:36.660   351   351 I         : (0)[351:charger_thread]vbat_out_old=38630, vthr=692, T_curr=383, vbat_out=38661
11-06 18:28:36.660   351   351 I (0)[351:charger_thread]mt635x-auxadc mt635x-auxadc: name:BATADC, channel=0, adc_out=0x5b95, adc_result=3866
11-06 18:28:36.660   351   351 I (0)[351:charger_thread]rt9471 5-0053: __rt9471_set_mivr mivr = 4200000(0x03)
11-06 18:28:36.661   351   351 I         : (0)[351:charger_thread][SW_JEITA] Battery Normal Temperature between 15 and 45 !!
11-06 18:28:36.661   351   351 I (0)[351:charger_thread][SW_JEITA]preState: 3 newState:3 tmp:34 cv:0
11-06 18:28:36.661   351   351 I         : (0)[351:charger_thread][50] bat_temp(34) tran_notify_code(0x0)
11-06 18:28:36.661   351   351 I         : (0)[351:charger_thread]info->notify_code = 0x0
11-06 18:28:36.661   351   351 I (0)[351:charger_thread]tmp: 34 (jeita:1 sm:3 cv:0 en:1) (sm:1) en:1 c:0 s:0 ov:0 sc:0 1 1
11-06 18:28:36.661   351   351 I         : (0)[351:charger_thread]mtk_switch_charging_run [1 0], timer=150
11-06 18:28:36.661   351   351 I (0)[351:charger_thread]DV2_SWITCH: dcp_get_ta_status switch_dev->rfc_dcp_ta=0
11-06 18:28:36.661   351   351 I         : (0)[351:charger_thread]mtk_switch_charging_run_2 [1] 0
11-06 18:28:36.662   351   351 I         : (0)[351:charger_thread][fgauge_read_current] final current=3250 (ratio=1000)
11-06 18:28:36.662   351   351 I         : (0)[351:charger_thread][CH3_DBG] bat_cur = 3250
11-06 18:28:36.662   351   351 I         : (0)[351:charger_thread][fgauge_read_current] final current=3302 (ratio=1000)
11-06 18:28:36.662   351   351 I         : (0)[351:charger_thread][BattVoltToTemp] 635 24000 2791 -3
11-06 18:28:36.662   351   351 I         : (0)[351:charger_thread][force_get_tbat] 638,635,1,330,0,345 r:100 0 0
11-06 18:28:36.662   351   351 I (0)[351:charger_thread][force_get_tbat] t: 34 precise:345
11-06 18:28:36.662   351   351 I (0)[351:charger_thread]pe40_ready: 0 hv:1 thermal:-1,-1 tmp:34,39,16 pps:0 en:0 ibus:0 80
11-06 18:28:36.662   351   351 I (0)[351:charger_thread]mtk_tc30_start_algotithm: stop, tc30 is not connected
11-06 18:28:36.662   351   351 I (0)[351:charger_thread]mtk_pe20_start_algorithm: stop, PE+20 is not connected
11-06 18:28:36.663   351   351 I (0)[351:charger_thread]mtk_pe_start_algorithm: stop, PE+ is not connected
11-06 18:28:36.663   351   351 I (0)[351:charger_thread]mtk_pe_start_algorithm: vchr_org = 5000, vchr_after = 4901, delta = -99
11-06 18:28:36.663   351   351 I (0)[351:charger_thread]mtk_hvdcp20_start_algotithm: stop, hvdcp20 is not connected
11-06 18:28:36.663   351   351 I (0)[351:charger_thread]force: 0 thermal:-1,-1 pe4:-1,-1,0 setting:500 500 type:1 usb_unlimited:0 usbif:0 usbsm:2 aicl:-1 atm:0
11-06 18:28:36.663   351   351 I (0)[351:charger_thread]rt9471 5-0053: __rt9471_set_aicr aicr = 500000(0x0A)
11-06 18:28:36.664   351   351 I (0)[351:charger_thread]rt9471 5-0053: __rt9471_set_ichg ichg = 500000(0x0A)
11-06 18:28:36.664   351   351 I (0)[351:charger_thread]rt9471 5-0053: rt9471_enable_charging en = 1
11-06 18:28:36.664   351   351 I (0)[351:charger_thread]rt9471 5-0053: __rt9471_enable_chg en = 1, chip_rev = 5
11-06 18:28:36.664   351   351 I (0)[351:charger_thread]swchg_select_cv: 1 0
11-06 18:28:36.664   351   351 I (0)[351:charger_thread]swchg_select_cv: 0,0 4450000 200000 20000 40000
11-06 18:28:36.664   351   351 I (0)[351:charger_thread]rt9471 5-0053: __rt9471_set_ieoc ieoc = 200000(0x03)
11-06 18:28:36.665   351   351 I (0)[351:charger_thread]rt9471 5-0053: __rt9471_set_cv cv = 4450000(0x37)
11-06 18:28:36.665   351   351 I (0)[351:charger_thread]rt9471 5-0053: rt9471_enable_charging en = 1
11-06 18:28:36.665   351   351 I (0)[351:charger_thread]rt9471 5-0053: __rt9471_enable_chg en = 1, chip_rev = 5
11-06 18:28:36.666   351   351 I (0)[351:charger_thread]rt9471 5-0053: __rt9471_kick_wdt
11-06 18:28:36.668   351   351 I (0)[351:charger_thread]rt9471 5-0053: __rt9471_dump_registers MIVR = 4200mV, AICR = 500mA
11-06 18:28:36.668   351   351 I (0)[351:charger_thread]rt9471 5-0053: __rt9471_dump_registers CV = 4450mV, ICHG = 500mA, IEOC = 200mA
11-06 18:28:36.668   351   351 I (0)[351:charger_thread]rt9471 5-0053: __rt9471_dump_registers CHG_EN = 1, IC_STAT = fast-charge
11-06 18:28:36.668   351   351 I (0)[351:charger_thread]rt9471 5-0053: __rt9471_dump_registers STAT0 = 0xC1, STAT1 = 0x40
11-06 18:28:36.668   351   351 I (0)[351:charger_thread]rt9471 5-0053: __rt9471_dump_registers STAT2 = 0x00, STAT3 = 0x00
11-06 18:28:36.668   351   351 I (0)[351:charger_thread]rt9471 5-0053: __rt9471_dump_registers HIDDEN_2 = 0xE2
11-06 18:28:36.669   351   351 I         : (0)[351:charger_thread][fgauge_read_current] final current=3280 (ratio=1000)
11-06 18:28:38.343   322   322 I         : (0)[322:sf_pf_release_t][name:spm&][SPM] MCUSYSOFF wake up by , timer_out = 0, r13 = 0x84000e80, debug_flag = 0x0 0x0, r12 = 0x0, r12_ext = 0x0, raw_sta = 0x0 0x0 0x0, idle_sta = 0xf3, req_sta =  0x5c00000 0x0 0x1f9 0x1e0001 0x0, cg_check_sta =0x0, isr = 0x0, rt_req_sta0 = 0x0 rt_req_sta1 = 0x0 rt_req_sta2 = 0xffffffff rt_req_sta3 = 0xffffffff dram_sw_con_3 = 0x0, raw_ext_sta = 0x180256, wake_misc = 0x0, pcm_flag = 0x0 0x0 0x0 0x0, req = 0x0,  clk_settle = 0x60fe, gpio200 = 1
11-06 18:28:38.992   283   283 I         : (0)[283:battery_thread][fg_drv_update_hw_status]=>
11-06 18:28:38.992   283   283 I (0)[283:battery_thread][fg_update_sw_iavg]diff time: 50 iavg:3600
11-06 18:28:38.992   283   283 I         : (0)[283:battery_thread][read_boot_battery_plug_out_status] rtc_invalid 0 plugout 0 bat_plug_out_time 0 sp3:0xab pl:0 0
11-06 18:28:38.992   283   283 I         : (0)[283:battery_thread][fgauge_read_current] final current=3668 (ratio=1000)
11-06 18:28:38.992   283   283 I         : (0)[283:battery_thread][fgauge_read_columb_internal] CAR=156 r_fg_value=50 car_tune_value=1000
11-06 18:28:38.994   283   283 I         : (0)[283:battery_thread]vbat_out_old=38690, vthr=692, T_curr=383, vbat_out=38721
11-06 18:28:38.994   283   283 W -(0)[283:battery_thread]mt635x_auxadc_read_raw: 5 callbacks suppressed
11-06 18:28:38.994   283   283 I (0)[283:battery_thread]mt635x-auxadc mt635x-auxadc: name:BATADC, channel=0, adc_out=0x5bb6, adc_result=3872
11-06 18:28:38.994   283   283 I (0)[283:battery_thread]mt635x-auxadc mt635x-auxadc: name:VCDT, channel=2, adc_out=0x49e, adc_result=519
11-06 18:28:38.995   283   283 I         : (0)[283:battery_thread][fgauge_read_current] final current=3630 (ratio=1000)
11-06 18:28:38.995   283   283 I         : (0)[283:battery_thread][CH3_DBG] bat_cur = 3630
11-06 18:28:38.995   283   283 I (0)[283:battery_thread]mt635x-auxadc mt635x-auxadc: name:BAT_TEMP, channel=3, adc_out=0x2d7, adc_result=638
11-06 18:28:38.995   283   283 I         : (0)[283:battery_thread][fgauge_read_current] final current=3630 (ratio=1000)
11-06 18:28:38.995   283   283 I         : (0)[283:battery_thread][BattVoltToTemp] 635 24000 2791 -3
11-06 18:28:38.995   283   283 I         : (0)[283:battery_thread][force_get_tbat] 638,635,1,363,0,345 r:100 0 0
11-06 18:28:38.995   283   283 I (0)[283:battery_thread][force_get_tbat] t: 34 precise:345
11-06 18:28:38.995   283   283 I         : (0)[283:battery_thread]lbat 0 0 0 0
11-06 18:28:38.995   283   283 I (0)[283:battery_thread]car[156,245,-245,491,-217, cycle_car:0,ncar:0] c: 1 3668 vbat:3872 vbus:4910 soc:38 50 gm3:0 0 0 0
11-06 18:28:38.996   283   283 I         : (0)[283:battery_thread][fgauge_read_columb_internal] CAR=156 r_fg_value=50 car_tune_value=1000
11-06 18:28:38.996   283   283 I         : (0)[283:battery_thread][fg_get_current_iavg] 3566 1
11-06 18:28:38.996   283   283 I         : (0)[283:battery_thread][fg_bat_nafg][fgauge_get_nafg_cnt] 0 [25_16 0 15_0 0]
11-06 18:28:38.996   283   283 I (0)[283:battery_thread][fg_nafg_monitor]time: 171 nafg_cnt:0, now:171, last_t:0
11-06 18:28:38.996   283   283 I (0)[283:battery_thread]tmp: 34 65535 65535 hcar2:491 lcar2:217 time:171 sw_iavg:3600 3566 1 nafg_m:0 0 0
11-06 18:28:38.996   283   283 I         : (0)[283:battery_thread][fgauge_read_columb_internal] CAR=156 r_fg_value=50 car_tune_value=1000
11-06 18:28:38.998   283   283 I         : (0)[283:battery_thread]vbat_out_old=38680, vthr=692, T_curr=383, vbat_out=38711
11-06 18:28:38.998   283   283 I (0)[283:battery_thread]mt635x-auxadc mt635x-auxadc: name:BATADC, channel=0, adc_out=0x5bb3, adc_result=3871
11-06 18:28:38.998   283   283 I         : (0)[283:battery_thread][fgauge_read_current] final current=3584 (ratio=1000)
11-06 18:28:38.999   283   283 I         : (0)[283:battery_thread][fg_get_current_iavg] 3566 1
11-06 18:28:38.999   283   283 I         : (0)[283:battery_thread][fgauge_read_current] final current=3554 (ratio=1000)
11-06 18:28:38.999   283   283 I         : (0)[283:battery_thread][CH3_DBG] bat_cur = 3554
11-06 18:28:38.999   283   283 I (0)[283:battery_thread]mt635x-auxadc mt635x-auxadc: name:BAT_TEMP, channel=3, adc_out=0x2d7, adc_result=638
11-06 18:28:39.000   283   283 I         : (0)[283:battery_thread][fgauge_read_current] final current=3554 (ratio=1000)
11-06 18:28:39.000   283   283 I         : (0)[283:battery_thread][BattVoltToTemp] 635 24000 2791 -3
11-06 18:28:39.000   283   283 I         : (0)[283:battery_thread][force_get_tbat] 638,635,1,355,0,345 r:100 0 0
11-06 18:28:39.000   283   283 I (0)[283:battery_thread][force_get_tbat] t: 34 precise:345
11-06 18:28:39.000   283   283 I         : (0)[283:battery_thread][fg_is_battery_exist] PMIC_RGS_BATON_UNDET = 1
11-06 18:28:39.000   283   283 I         : (0)[283:battery_thread]GM3log1 171 171 3871 3584 3566 55000 64 34 1 1 61 0 0
11-06 18:28:39.000   283   283 I (0)[283:battery_thread]battery_get_boot_mode: boot mode=2
11-06 18:28:39.000   283   283 I         : (0)[283:battery_thread]GM3log2 171 0 0 0 0 0 0 0 4910
11-06 18:28:39.000   283   283 I         : (0)[283:battery_thread]GM3log3 171 0 38431 22 0
11-06 18:28:39.000   283   283 I         : (0)[283:battery_thread]GM3log4 1 43 0 0 0 0 1 1 1 0 38
11-06 18:28:39.000   283   283 I         : (0)[283:battery_thread]GM3log int 171 171 0 0 0 0
11-06 18:28:39.000   283   283 I         : (0)[283:battery_thread]GM3log phone_state 0 0
11-06 18:28:39.000   283   283 I (0)[283:battery_thread]GM3 car: 156 car_diff:-92
11-06 18:28:39.000   283   283 I (0)[283:battery_thread][fg_bat_nafg][fgauge_get_nafg_dltv] mV: Reg [15546:9434]
11-06 18:28:39.000   283   283 I         : (0)[283:battery_thread][fg_bat_nafg][fgauge_get_nafg_cnt] 0 [25_16 0 15_0 0]
11-06 18:28:39.000   283   283 I (0)[283:battery_thread][fg_bat_nafg][fgauge_get_nafg_c_dltv] mV: Reg[0:0] [b10:0][26_16(0x0000) 15_00(0x0000)]
11-06 18:28:39.000   283   283 I         : (0)[283:battery_thread]GM3log-nint-nafg 171 171 0 38453 15546 0 0
11-06 18:28:39.000   283   283 I (0)[283:battery_thread]battery_get_boot_mode: boot mode=2
11-06 18:28:39.000   283   283 I         : (0)[283:battery_thread]mtk_battery boot mode =2
11-06 18:28:39.000   283   283 I         : (0)[283:battery_thread][wakeup_fg_algo_recovery] intr_num=0x2000000
11-06 18:28:39.000   283   283 I (0)[283:battery_thread]rt9471 5-0053: __rt9471_kick_wdt
11-06 18:28:39.392   112   112 I         : (0)[112:watchdogd][wdtk] kick watchdog
11-06 18:28:39.419   361   361 I (3)[361:kworker/3:2]sd 0: 0:0:2: [sdc] Synchronizing SCSI cache
11-06 18:28:39.428   361   361 I (3)[361:kworker/3:2]ufshcd-mtk 11270000.ufshci: rs,ret 0,7901 us
11-06 18:28:41.570   728   728 D vndksupport: Loading /vendor/lib64/hw/paytrigger.trustonic.so from current namespace instead of sphal namespace.
11-06 18:28:41.570   728   728 I PAYTRIGGER_CA: beanpod transsion_paytrigger_open
11-06 18:28:41.570   728   728 E cutils-trace: Error opening trace file: No such file or directory (2)
11-06 18:28:41.571   384   384 E SELinux : avc:  denied  { find } for interface=vendor.mediatek.hardware.paytrigger::IPayTrigger sid=u:r:recovery:s0 pid=728 scontext=u:r:recovery:s0 tcontext=u:object_r:default_android_hwservice:s0 tclass=hwservice_manager permissive=1
11-06 18:28:41.571   729   729 F linker  : CANNOT LINK EXECUTABLE "/vendor/bin/hw/vendor.trustonic.tee@1.1-service": library "libhidlmemory.so" not found: needed by main executable
11-06 18:28:41.571   384   384 I hwservicemanager: getDeviceHalManifest: Reading VINTF information.
11-06 18:28:41.572   384   384 E hwservicemanager: getDeviceHalManifest: status from fetching VINTF information: -22
11-06 18:28:41.572   384   384 E hwservicemanager: getDeviceHalManifest: -22 VINTF parse error: Illformed file: /vendor/etc/vintf/manifest.xml: Unrecognized manifest.version 4.0 (libvintf@2.0)
11-06 18:28:41.572   384   384 I hwservicemanager: getTransport: Cannot find entry vendor.mediatek.hardware.paytrigger@1.0::IPayTrigger/default in either framework or device manifest.
11-06 18:28:41.573   728   728 E HidlServiceManagement: Service vendor.mediatek.hardware.paytrigger@1.0::IPayTrigger/default must be in VINTF manifest in order to register/get.
11-06 18:28:41.573   728   728 I PAYTRIGGER_CA: beanpod transsion_paytrigger_close
11-06 18:28:41.573   728   728 E android.hardware.paytrigger@1.0-service: cound not regisetr paytriger service(-2147483648)
11-06 18:28:41.576   730   730 F linker  : CANNOT LINK EXECUTABLE "/vendor/bin/hw/android.hardware.keymaster@4.1-service.trustonic": library "libcppbor_external.so" not found: needed by /system/lib64/libkeymaster_portable.so in namespace (default)
11-06 18:28:41.579   727   727 F linker  : CANNOT LINK EXECUTABLE "/system/bin/recovery": cannot locate symbol "_ZN7android6Parcel13markForBinderERKNS_2spINS_7IBinderEEE" referenced by "/system/lib64/libkeystore-attestation-application-id.so"...
11-06 18:28:41.580   732   732 E cutils-trace: Error opening trace file: No such file or directory (2)
11-06 18:28:41.581   384   384 I hwservicemanager: getDeviceHalManifest: Reading VINTF information.
11-06 18:28:41.582   384   384 E hwservicemanager: getDeviceHalManifest: status from fetching VINTF information: -22
11-06 18:28:41.582   384   384 E hwservicemanager: getDeviceHalManifest: -22 VINTF parse error: Illformed file: /vendor/etc/vintf/manifest.xml: Unrecognized manifest.version 4.0 (libvintf@2.0)
11-06 18:28:41.582   384   384 I hwservicemanager: getTransport: Cannot find entry android.hardware.boot@1.0::IBootControl/default in either framework or device manifest.
11-06 18:28:41.584   732   732 W android.hardware.boot@1.1-service: [libfs_mgr]Warning: unknown flag: resize
11-06 18:28:41.584   731   731 E cutils-trace: Error opening trace file: No such file or directory (2)
11-06 18:28:41.584   384   384 I hwservicemanager: getDeviceHalManifest: Reading VINTF information.
11-06 18:28:41.585   384   384 E hwservicemanager: getDeviceHalManifest: status from fetching VINTF information: -22
11-06 18:28:41.585   384   384 E hwservicemanager: getDeviceHalManifest: -22 VINTF parse error: Illformed file: /vendor/etc/vintf/manifest.xml: Unrecognized manifest.version 4.0 (libvintf@2.0)
11-06 18:28:41.585   384   384 I hwservicemanager: getTransport: Cannot find entry android.hardware.gatekeeper@1.0::IGatekeeper/default in either framework or device manifest.
11-06 18:28:41.585   731   731 E LegacySupport: Could not get passthrough implementation for android.hardware.gatekeeper@1.0::IGatekeeper/default.
11-06 18:28:41.587   732   732 W android.hardware.boot@1.1-service: [libfs_mgr]Warning: unknown flag: resize
11-06 18:28:41.588   384   384 I hwservicemanager: getDeviceHalManifest: Reading VINTF information.
11-06 18:28:41.589   384   384 E hwservicemanager: getDeviceHalManifest: status from fetching VINTF information: -22
11-06 18:28:41.589   384   384 E hwservicemanager: getDeviceHalManifest: -22 VINTF parse error: Illformed file: /vendor/etc/vintf/manifest.xml: Unrecognized manifest.version 4.0 (libvintf@2.0)
11-06 18:28:41.589   384   384 I hwservicemanager: getTransport: Cannot find entry android.hardware.boot@1.1::IBootControl/default in either framework or device manifest.
11-06 18:28:41.589   732   732 E HidlServiceManagement: Service android.hardware.boot@1.1::IBootControl/default must be in VINTF manifest in order to register/get.
11-06 18:28:41.589   732   732 E LegacySupport: Could not register service android.hardware.boot@1.0::IBootControl/default (-2147483648).
11-06 18:28:41.589   733   733 E cutils-trace: Error opening trace file: No such file or directory (2)
11-06 18:28:41.590   384   384 I hwservicemanager: getDeviceHalManifest: Reading VINTF information.
11-06 18:28:41.591   384   384 E hwservicemanager: getDeviceHalManifest: status from fetching VINTF information: -22
11-06 18:28:41.591   384   384 E hwservicemanager: getDeviceHalManifest: -22 VINTF parse error: Illformed file: /vendor/etc/vintf/manifest.xml: Unrecognized manifest.version 4.0 (libvintf@2.0)
11-06 18:28:41.591   384   384 I hwservicemanager: getTransport: Cannot find entry android.hardware.health@2.0::IHealth/default in either framework or device manifest.
11-06 18:28:41.593   733   733 I android.hardware.health@2.1-service: default instance initializing with healthd_config...
11-06 18:28:41.593   384   384 I hwservicemanager: getDeviceHalManifest: Reading VINTF information.
11-06 18:28:41.594   384   384 E hwservicemanager: getDeviceHalManifest: status from fetching VINTF information: -22
11-06 18:28:41.594   384   384 E hwservicemanager: getDeviceHalManifest: -22 VINTF parse error: Illformed file: /vendor/etc/vintf/manifest.xml: Unrecognized manifest.version 4.0 (libvintf@2.0)
11-06 18:28:41.594   384   384 I hwservicemanager: getTransport: Cannot find entry android.hardware.health@2.1::IHealth/default in either framework or device manifest.
11-06 18:28:41.595   733   733 E HidlServiceManagement: Service android.hardware.health@2.1::IHealth/default must be in VINTF manifest in order to register/get.
11-06 18:28:41.595   733   733 F android.hardware.health@2.1-service: Check failed: registerAsService(instance_name()) == android::OK (registerAsService(instance_name())=-2147483648, android::OK=0) default: Failed to register HAL
11-06 18:28:41.595   733   733 F libc    : Fatal signal 6 (SIGABRT), code -1 (SI_QUEUE) in tid 733 (android.hardwar), pid 733 (android.hardwar)
11-06 18:28:41.596   735   735 F libc    : failed to exec crash_dump helper: No such file or directory
11-06 18:28:41.596   733   733 F libc    : crash_dump helper failed to exec
11-06 18:28:41.603     1     1 I (1)[1:init]: starting service 'recovery'...
11-06 18:28:41.604     1     1 I (1)[1:init]: Created socket '/dev/socket/recovery', mode 422, user 1000, group 1000
11-06 18:28:41.610     1     1 I (2)[1:init]: starting service 'paytrigger_hal_service'...
11-06 18:28:41.613     1     1 I (2)[1:init]: starting service 'tee-1-1'...
11-06 18:28:41.617     1     1 I (2)[1:init]: starting service 'keymaster-4-1'...
11-06 18:28:41.620     1     1 I (2)[1:init]: starting service 'gatekeeper-1-0'...
11-06 18:28:41.622     1     1 I (2)[1:init]: starting service 'boot-hal-1-1'...
11-06 18:28:41.625     1     1 I (2)[1:init]: starting service 'health-hal-2-1'...
11-06 18:28:41.625     1     1 I (2)[1:init]: Opened file '/dev/kmsg', flags 1
11-06 18:28:41.628     1     1 I (2)[1:init]: Service 'paytrigger_hal_service' (pid 728) exited with status 1
11-06 18:28:41.635   359   359 I (1)[359:kworker/1:2]ufshcd-mtk 11270000.ufshci: rr,ret 0,2640 us
11-06 18:28:41.645   733   733 I (3)[733:android.hardwar][SDD]: do_coredump.
11-06 18:28:41.831   306   306 I (0)[306:rpmb_open]Trustonic TEE: request_send: daemon not connected after 120s, waiting
11-06 18:28:42.939    53    53 I         : (6)[53:kworker/6:1][K][Perf] TRAN Perf Statistic start (11-06 18:28:42)
11-06 18:28:42.939    53    53 I         : (6)[53:kworker/6:1][K]     Usage          PID                        Name          Total:10000(ms)*8
11-06 18:28:42.940    53    53 I         : (6)[53:kworker/6:1][K]        0%            1                        init             68000000(ns)
11-06 18:28:42.940    53    53 I         : (6)[53:kworker/6:1][K]        0%          322             sf_pf_release_t             64000000(ns)
11-06 18:28:42.940    53    53 I         : (6)[53:kworker/6:1][K]        0%          384             hwservicemanage             16000000(ns)
11-06 18:28:42.940    53    53 I         : (6)[53:kworker/6:1][K]        0%          351              charger_thread             12000000(ns)
11-06 18:28:42.940    53    53 I         : (6)[53:kworker/6:1][K]        0%          382                        logd             12000000(ns)
11-06 18:28:42.940    53    53 I         : (6)[53:kworker/6:1][K]  Cpus Usage [ 0], [ 0], [ 0], [ 0], [ 0] [ 0], [ 0], [ 0]
11-06 18:28:42.940    53    53 I         : (6)[53:kworker/6:1][K]  user[00],system[00],iowait[00],irq[00],idle[99]
11-06 18:28:42.940    53    53 I         : (6)[53:kworker/6:1][K][Perf] TRAN Perf Statistic done
11-06 18:28:43.459     0     0 I         : (0)[0:swapper/0][name:spm&][SPM] MCUSYSOFF wake up by , timer_out = 0, r13 = 0x84000e80, debug_flag = 0x0 0x0, r12 = 0x0, r12_ext = 0x0, raw_sta = 0x0 0x0 0x0, idle_sta = 0x1f3, req_sta =  0x5c00000 0x0 0x1f9 0x1e0001 0x0, cg_check_sta =0x0, isr = 0x0, rt_req_sta0 = 0x0 rt_req_sta1 = 0x0 rt_req_sta2 = 0xffffffff rt_req_sta3 = 0xffffffff dram_sw_con_3 = 0x0, raw_ext_sta = 0x180256, wake_misc = 0x0, pcm_flag = 0x0 0x0 0x0 0x0, req = 0x0,  clk_settle = 0x60fe, gpio200 = 1
11-06 18:28:43.639   359   359 I (1)[359:kworker/1:2]sd 0: 0:0:2: [sdc] Synchronizing SCSI cache
11-06 18:28:43.649   359   359 I (1)[359:kworker/1:2]ufshcd-mtk 11270000.ufshci: rs,ret 0,7909 us
11-06 18:28:45.755   273   273 I (0)[273:kworker/u16:2][SCP] scp_ipi_send: SCP A not ready
11-06 18:28:45.755   273   273 E         : (0)[273:kworker/u16:2][sensorHub] scp_ipi_send fail
11-06 18:28:45.755    69    69 E         : (7)[69:kworker/7:1][sensorHub] scp_sensorHub_req_send fail!
11-06 18:28:46.577   737   737 D vndksupport: Loading /vendor/lib64/hw/paytrigger.trustonic.so from current namespace instead of sphal namespace.
11-06 18:28:46.578   737   737 I PAYTRIGGER_CA: beanpod transsion_paytrigger_open
11-06 18:28:46.578   737   737 E cutils-trace: Error opening trace file: No such file or directory (2)
11-06 18:28:46.578   384   384 I hwservicemanager: getDeviceHalManifest: Reading VINTF information.
11-06 18:28:46.579   738   738 F linker  : CANNOT LINK EXECUTABLE "/vendor/bin/hw/vendor.trustonic.tee@1.1-service": library "libhidlmemory.so" not found: needed by main executable
11-06 18:28:46.580   384   384 E hwservicemanager: getDeviceHalManifest: status from fetching VINTF information: -22
11-06 18:28:46.580   384   384 E hwservicemanager: getDeviceHalManifest: -22 VINTF parse error: Illformed file: /vendor/etc/vintf/manifest.xml: Unrecognized manifest.version 4.0 (libvintf@2.0)
11-06 18:28:46.580   384   384 I hwservicemanager: getTransport: Cannot find entry vendor.mediatek.hardware.paytrigger@1.0::IPayTrigger/default in either framework or device manifest.
11-06 18:28:46.581   737   737 E HidlServiceManagement: Service vendor.mediatek.hardware.paytrigger@1.0::IPayTrigger/default must be in VINTF manifest in order to register/get.
11-06 18:28:46.581   737   737 I PAYTRIGGER_CA: beanpod transsion_paytrigger_close
11-06 18:28:46.581   737   737 E android.hardware.paytrigger@1.0-service: cound not regisetr paytriger service(-2147483648)
11-06 18:28:46.584   739   739 F linker  : CANNOT LINK EXECUTABLE "/vendor/bin/hw/android.hardware.keymaster@4.1-service.trustonic": library "libcppbor_external.so" not found: needed by /system/lib64/libkeymaster_portable.so in namespace (default)
11-06 18:28:46.586   736   736 F linker  : CANNOT LINK EXECUTABLE "/system/bin/recovery": cannot locate symbol "_ZN7android6Parcel13markForBinderERKNS_2spINS_7IBinderEEE" referenced by "/system/lib64/libkeystore-attestation-application-id.so"...
11-06 18:28:46.590   741   741 E cutils-trace: Error opening trace file: No such file or directory (2)
11-06 18:28:46.591   384   384 I hwservicemanager: getDeviceHalManifest: Reading VINTF information.
11-06 18:28:46.592   384   384 E hwservicemanager: getDeviceHalManifest: status from fetching VINTF information: -22
11-06 18:28:46.592   384   384 E hwservicemanager: getDeviceHalManifest: -22 VINTF parse error: Illformed file: /vendor/etc/vintf/manifest.xml: Unrecognized manifest.version 4.0 (libvintf@2.0)
11-06 18:28:46.592   384   384 I hwservicemanager: getTransport: Cannot find entry android.hardware.boot@1.0::IBootControl/default in either framework or device manifest.
11-06 18:28:46.593   740   740 E cutils-trace: Error opening trace file: No such file or directory (2)
11-06 18:28:46.593   384   384 I hwservicemanager: getDeviceHalManifest: Reading VINTF information.
11-06 18:28:46.594   742   742 E cutils-trace: Error opening trace file: No such file or directory (2)
11-06 18:28:46.594   384   384 E hwservicemanager: getDeviceHalManifest: status from fetching VINTF information: -22
11-06 18:28:46.594   384   384 E hwservicemanager: getDeviceHalManifest: -22 VINTF parse error: Illformed file: /vendor/etc/vintf/manifest.xml: Unrecognized manifest.version 4.0 (libvintf@2.0)
11-06 18:28:46.594   384   384 I hwservicemanager: getTransport: Cannot find entry android.hardware.gatekeeper@1.0::IGatekeeper/default in either framework or device manifest.
11-06 18:28:46.594   741   741 W android.hardware.boot@1.1-service: [libfs_mgr]Warning: unknown flag: resize
11-06 18:28:46.594   384   384 I hwservicemanager: getDeviceHalManifest: Reading VINTF information.
11-06 18:28:46.595   384   384 E hwservicemanager: getDeviceHalManifest: status from fetching VINTF information: -22
11-06 18:28:46.595   384   384 E hwservicemanager: getDeviceHalManifest: -22 VINTF parse error: Illformed file: /vendor/etc/vintf/manifest.xml: Unrecognized manifest.version 4.0 (libvintf@2.0)
11-06 18:28:46.595   384   384 I hwservicemanager: getTransport: Cannot find entry android.hardware.health@2.0::IHealth/default in either framework or device manifest.
11-06 18:28:46.597   741   741 W android.hardware.boot@1.1-service: [libfs_mgr]Warning: unknown flag: resize
11-06 18:28:46.598   740   740 E LegacySupport: Could not get passthrough implementation for android.hardware.gatekeeper@1.0::IGatekeeper/default.
11-06 18:28:46.598   742   742 I android.hardware.health@2.1-service: default instance initializing with healthd_config...
11-06 18:28:46.598   384   384 I hwservicemanager: getDeviceHalManifest: Reading VINTF information.
11-06 18:28:46.599   384   384 E hwservicemanager: getDeviceHalManifest: status from fetching VINTF information: -22
11-06 18:28:46.599   384   384 E hwservicemanager: getDeviceHalManifest: -22 VINTF parse error: Illformed file: /vendor/etc/vintf/manifest.xml: Unrecognized manifest.version 4.0 (libvintf@2.0)
11-06 18:28:46.599   384   384 I hwservicemanager: getTransport: Cannot find entry android.hardware.health@2.1::IHealth/default in either framework or device manifest.
11-06 18:28:46.599   384   384 I hwservicemanager: getDeviceHalManifest: Reading VINTF information.
11-06 18:28:46.600   384   384 E hwservicemanager: getDeviceHalManifest: status from fetching VINTF information: -22
11-06 18:28:46.600   384   384 E hwservicemanager: getDeviceHalManifest: -22 VINTF parse error: Illformed file: /vendor/etc/vintf/manifest.xml: Unrecognized manifest.version 4.0 (libvintf@2.0)
11-06 18:28:46.600   384   384 I hwservicemanager: getTransport: Cannot find entry android.hardware.boot@1.1::IBootControl/default in either framework or device manifest.
11-06 18:28:46.600   741   741 E HidlServiceManagement: Service android.hardware.boot@1.1::IBootControl/default must be in VINTF manifest in order to register/get.
11-06 18:28:46.600   741   741 E LegacySupport: Could not register service android.hardware.boot@1.0::IBootControl/default (-2147483648).
11-06 18:28:46.601   742   742 E HidlServiceManagement: Service android.hardware.health@2.1::IHealth/default must be in VINTF manifest in order to register/get.
11-06 18:28:46.601   742   742 F android.hardware.health@2.1-service: Check failed: registerAsService(instance_name()) == android::OK (registerAsService(instance_name())=-2147483648, android::OK=0) default: Failed to register HAL
11-06 18:28:46.601   742   742 F libc    : Fatal signal 6 (SIGABRT), code -1 (SI_QUEUE) in tid 742 (android.hardwar), pid 742 (android.hardwar)
11-06 18:28:46.603   744   744 F libc    : failed to exec crash_dump helper: No such file or directory
11-06 18:28:46.603   742   742 F libc    : crash_dump helper failed to exec
11-06 18:28:46.611     1     1 I (2)[1:init]: starting service 'recovery'...
11-06 18:28:46.612     1     1 I (2)[1:init]: Created socket '/dev/socket/recovery', mode 422, user 1000, group 1000
11-06 18:28:46.618     1     1 I (0)[1:init]: starting service 'paytrigger_hal_service'...
11-06 18:28:46.621     1     1 I (0)[1:init]: starting service 'tee-1-1'...
11-06 18:28:46.625     1     1 I (0)[1:init]: starting service 'keymaster-4-1'...
11-06 18:28:46.630     1     1 I (0)[1:init]: starting service 'gatekeeper-1-0'...
11-06 18:28:46.632     1     1 I (0)[1:init]: starting service 'boot-hal-1-1'...
11-06 18:28:46.634     1     1 I (0)[1:init]: starting service 'health-hal-2-1'...
11-06 18:28:46.634     1     1 I (0)[1:init]: Opened file '/dev/kmsg', flags 1
11-06 18:28:46.637     1     1 I (0)[1:init]: Service 'recovery' (pid 736) exited with status 1
11-06 18:28:46.646    69    69 I (7)[69:kworker/7:1]ufshcd-mtk 11270000.ufshci: rr,ret 0,2545 us
11-06 18:28:46.652   742   742 I (0)[742:android.hardwar][SDD]: do_coredump.
11-06 18:28:46.657     0     0 I -(0)[0:swapper/0]mtk_charger_alarm_timer_func: not suspend, wake up charger
11-06 18:28:46.658   351   351 I         : (0)[351:charger_thread][fgauge_read_current] final current=396 (ratio=1000)
11-06 18:28:46.658   351   351 I (0)[351:charger_thread]rt9471 5-0053: __rt9471_kick_wdt
11-06 18:28:46.659   351   351 I         : (0)[351:charger_thread][MDRT_ADC] OLD = 0x3073, NOW = 0x3086, CNT = 0
11-06 18:28:46.660   351   351 I         : (0)[351:charger_thread]vbat_out_old=38630, vthr=692, T_curr=383, vbat_out=38661
11-06 18:28:46.660   351   351 W -(0)[351:charger_thread]mt635x_auxadc_read_raw: 1 callbacks suppressed
11-06 18:28:46.660   351   351 I (0)[351:charger_thread]mt635x-auxadc mt635x-auxadc: name:BATADC, channel=0, adc_out=0x5b93, adc_result=3866
11-06 18:28:46.660   351   351 I (0)[351:charger_thread]mt635x-auxadc mt635x-auxadc: name:VCDT, channel=2, adc_out=0x49e, adc_result=519
11-06 18:28:46.660   351   351 I         : (0)[351:charger_thread][fgauge_read_current] final current=1090 (ratio=1000)
11-06 18:28:46.660   351   351 I         : (0)[351:charger_thread][CH3_DBG] bat_cur = 1090
11-06 18:28:46.661   351   351 I (0)[351:charger_thread]mt635x-auxadc mt635x-auxadc: name:BAT_TEMP, channel=3, adc_out=0x2d6, adc_result=638
11-06 18:28:46.661   351   351 I         : (0)[351:charger_thread][fgauge_read_current] final current=1670 (ratio=1000)
11-06 18:28:46.661   351   351 I         : (0)[351:charger_thread][BattVoltToTemp] 637 24000 2793 -1
11-06 18:28:46.661   351   351 I         : (0)[351:charger_thread][force_get_tbat] 638,637,1,167,0,344 r:100 0 0
11-06 18:28:46.661   351   351 I (0)[351:charger_thread][force_get_tbat] t: 34 precise:344
11-06 18:28:46.661   351   351 I (0)[351:charger_thread]Vbat=3866,Ibat=396,I=0,VChr=4910,T=34,Soc=38: 50,CT:1:1 hv:1 pd:0:0
11-06 18:28:46.661   351   351 I (0)[351:charger_thread]mtk_charger_start_timer: alarm timer start:0, 189 46242164
11-06 18:28:46.661   351   351 I         : -(0)[351:charger_thread]alarmtimer_enqueue, 189046242164
11-06 18:28:46.661   351   351 I         : (0)[351:charger_thread][fgauge_read_current] final current=1670 (ratio=1000)
11-06 18:28:46.661   351   351 I         : (0)[351:charger_thread][CH3_DBG] bat_cur = 1670
11-06 18:28:46.662   351   351 I (0)[351:charger_thread]mt635x-auxadc mt635x-auxadc: name:BAT_TEMP, channel=3, adc_out=0x2d8, adc_result=639
11-06 18:28:46.662   351   351 I         : (0)[351:charger_thread][fgauge_read_current] final current=1670 (ratio=1000)
11-06 18:28:46.662   351   351 I         : (0)[351:charger_thread][BattVoltToTemp] 638 24000 2793 -1
11-06 18:28:46.662   351   351 I         : (0)[351:charger_thread][force_get_tbat] 639,638,1,167,0,344 r:100 0 0
11-06 18:28:46.662   351   351 I (0)[351:charger_thread][force_get_tbat] t: 34 precise:344
11-06 18:28:46.662   351   351 I         : (0)[351:charger_thread][fg_is_battery_exist] PMIC_RGS_BATON_UNDET = 1
11-06 18:28:46.662   351   351 I chatty  : uid=1036(auditd) identical 1 line
11-06 18:28:46.662   351   351 I         : (0)[351:charger_thread][fg_is_battery_exist] PMIC_RGS_BATON_UNDET = 1
11-06 18:28:46.664   351   351 I         : (0)[351:charger_thread]vbat_out_old=38630, vthr=692, T_curr=383, vbat_out=38661
11-06 18:28:46.664   351   351 I (0)[351:charger_thread]mt635x-auxadc mt635x-auxadc: name:BATADC, channel=0, adc_out=0x5b93, adc_result=3866
11-06 18:28:46.664   351   351 I (0)[351:charger_thread]rt9471 5-0053: __rt9471_set_mivr mivr = 4200000(0x03)
11-06 18:28:46.665   351   351 I         : (0)[351:charger_thread][SW_JEITA] Battery Normal Temperature between 15 and 45 !!
11-06 18:28:46.665   351   351 I (0)[351:charger_thread][SW_JEITA]preState: 3 newState:3 tmp:34 cv:0
11-06 18:28:46.665   351   351 I         : (0)[351:charger_thread][50] bat_temp(34) tran_notify_code(0x0)
11-06 18:28:46.665   351   351 I         : (0)[351:charger_thread]info->notify_code = 0x0
11-06 18:28:46.665   351   351 I (0)[351:charger_thread]tmp: 34 (jeita:1 sm:3 cv:0 en:1) (sm:1) en:1 c:0 s:0 ov:0 sc:0 1 1
11-06 18:28:46.665   351   351 I         : (0)[351:charger_thread]mtk_switch_charging_run [1 0], timer=160
11-06 18:28:46.665   351   351 I (0)[351:charger_thread]DV2_SWITCH: dcp_get_ta_status switch_dev->rfc_dcp_ta=0
11-06 18:28:46.665   351   351 I         : (0)[351:charger_thread]mtk_switch_charging_run_2 [1] 0
11-06 18:28:46.666   351   351 I         : (0)[351:charger_thread][fgauge_read_current] final current=3218 (ratio=1000)
11-06 18:28:46.666   351   351 I         : (0)[351:charger_thread][CH3_DBG] bat_cur = 3218
11-06 18:28:46.666   351   351 I         : (0)[351:charger_thread][fgauge_read_current] final current=3272 (ratio=1000)
11-06 18:28:46.666   351   351 I         : (0)[351:charger_thread][BattVoltToTemp] 635 24000 2791 -3
11-06 18:28:46.666   351   351 I         : (0)[351:charger_thread][force_get_tbat] 638,635,1,327,0,345 r:100 0 0
11-06 18:28:46.666   351   351 I (0)[351:charger_thread][force_get_tbat] t: 34 precise:345
11-06 18:28:46.667   351   351 I (0)[351:charger_thread]pe40_ready: 0 hv:1 thermal:-1,-1 tmp:34,39,16 pps:0 en:0 ibus:0 80
11-06 18:28:46.667   351   351 I (0)[351:charger_thread]mtk_tc30_start_algotithm: stop, tc30 is not connected
11-06 18:28:46.667   351   351 I (0)[351:charger_thread]mtk_pe20_start_algorithm: stop, PE+20 is not connected
11-06 18:28:46.667   351   351 I (0)[351:charger_thread]mtk_pe_start_algorithm: stop, PE+ is not connected
11-06 18:28:46.667   351   351 I (0)[351:charger_thread]mtk_pe_start_algorithm: vchr_org = 5000, vchr_after = 4910, delta = -90
11-06 18:28:46.667   351   351 I (0)[351:charger_thread]mtk_hvdcp20_start_algotithm: stop, hvdcp20 is not connected
11-06 18:28:46.667   351   351 I (0)[351:charger_thread]force: 0 thermal:-1,-1 pe4:-1,-1,0 setting:500 500 type:1 usb_unlimited:0 usbif:0 usbsm:2 aicl:-1 atm:0
11-06 18:28:46.667   351   351 I (0)[351:charger_thread]rt9471 5-0053: __rt9471_set_aicr aicr = 500000(0x0A)
11-06 18:28:46.668   351   351 I (0)[351:charger_thread]rt9471 5-0053: __rt9471_set_ichg ichg = 500000(0x0A)
11-06 18:28:46.668   351   351 I (0)[351:charger_thread]rt9471 5-0053: rt9471_enable_charging en = 1
11-06 18:28:46.668   351   351 I (0)[351:charger_thread]rt9471 5-0053: __rt9471_enable_chg en = 1, chip_rev = 5
11-06 18:28:46.668   351   351 I (0)[351:charger_thread]swchg_select_cv: 1 0
11-06 18:28:46.668   351   351 I (0)[351:charger_thread]swchg_select_cv: 0,0 4450000 200000 20000 40000
11-06 18:28:46.668   351   351 I (0)[351:charger_thread]rt9471 5-0053: __rt9471_set_ieoc ieoc = 200000(0x03)
11-06 18:28:46.669   351   351 I (0)[351:charger_thread]rt9471 5-0053: __rt9471_set_cv cv = 4450000(0x37)
11-06 18:28:46.669   351   351 I (0)[351:charger_thread]rt9471 5-0053: rt9471_enable_charging en = 1
11-06 18:28:46.669   351   351 I (0)[351:charger_thread]rt9471 5-0053: __rt9471_enable_chg en = 1, chip_rev = 5
11-06 18:28:46.670   351   351 I (0)[351:charger_thread]rt9471 5-0053: __rt9471_kick_wdt
11-06 18:28:46.672   351   351 I (0)[351:charger_thread]rt9471 5-0053: __rt9471_dump_registers MIVR = 4200mV, AICR = 500mA
11-06 18:28:46.672   351   351 I (0)[351:charger_thread]rt9471 5-0053: __rt9471_dump_registers CV = 4450mV, ICHG = 500mA, IEOC = 200mA
11-06 18:28:46.672   351   351 I (0)[351:charger_thread]rt9471 5-0053: __rt9471_dump_registers CHG_EN = 1, IC_STAT = fast-charge
11-06 18:28:46.672   351   351 I (0)[351:charger_thread]rt9471 5-0053: __rt9471_dump_registers STAT0 = 0xC1, STAT1 = 0x40
11-06 18:28:46.672   351   351 I (0)[351:charger_thread]rt9471 5-0053: __rt9471_dump_registers STAT2 = 0x00, STAT3 = 0x00
11-06 18:28:46.672   351   351 I (0)[351:charger_thread]rt9471 5-0053: __rt9471_dump_registers HIDDEN_2 = 0xE2
11-06 18:28:46.673   351   351 I         : (0)[351:charger_thread][fgauge_read_current] final current=3226 (ratio=1000)
11-06 18:28:48.475     0     0 I         : -(7)[0:swapper/7][thread:0] 2023-11-06 18:28:48.426513 UTC;android time 2023-11-06 18:28:48.426513
11-06 18:28:48.587     0     0 I         : (0)[0:swapper/0][name:spm&][SPM] MCUSYSOFF wake up by , timer_out = 0, r13 = 0x84000e80, debug_flag = 0x0 0x0, r12 = 0x0, r12_ext = 0x0, raw_sta = 0x0 0x0 0x0, idle_sta = 0x60f7, req_sta =  0x5c00000 0x0 0x1f9 0x1e0001 0x0, cg_check_sta =0x0, isr = 0x0, rt_req_sta0 = 0x0 rt_req_sta1 = 0x0 rt_req_sta2 = 0xffffffff rt_req_sta3 = 0xffffffff dram_sw_con_3 = 0x0, raw_ext_sta = 0x180256, wake_misc = 0x0, pcm_flag = 0x0 0x0 0x0 0x0, req = 0x0,  clk_settle = 0x60fe, gpio200 = 1
11-06 18:28:48.975     0     0 I         : (7)[239:wdtk-7][wdk-c] cpu=7 o_k=7 lbit=0x80 cbit=0xff,7f,7,1,908635771,ff,0,0,0,0,[181408901740,15000000] 21
11-06 18:28:49.001   283   283 I         : (0)[283:battery_thread][fg_drv_update_hw_status]=>
11-06 18:28:49.001   283   283 I (0)[283:battery_thread][fg_update_sw_iavg]diff time: 60 iavg:3600
11-06 18:28:49.001   283   283 I         : (0)[283:battery_thread][fgauge_read_columb_internal] CAR=164 r_fg_value=50 car_tune_value=1000
11-06 18:28:49.001   283   283 I (0)[283:battery_thread][fg_update_sw_iavg]time: 60 car:164 164 iavg:3480 ht:6600 lt:600 gap:3000
11-06 18:28:49.001   283   283 I         : (0)[283:battery_thread][read_boot_battery_plug_out_status] rtc_invalid 0 plugout 0 bat_plug_out_time 0 sp3:0xab pl:0 0
11-06 18:28:49.001   283   283 I         : (0)[283:battery_thread][fgauge_read_current] final current=3662 (ratio=1000)
11-06 18:28:49.001   283   283 I         : (0)[283:battery_thread][fgauge_read_columb_internal] CAR=164 r_fg_value=50 car_tune_value=1000
11-06 18:28:49.003   283   283 I         : (0)[283:battery_thread]vbat_out_old=38680, vthr=692, T_curr=383, vbat_out=38711
11-06 18:28:49.003   283   283 W -(0)[283:battery_thread]mt635x_auxadc_read_raw: 5 callbacks suppressed
11-06 18:28:49.003   283   283 I (0)[283:battery_thread]mt635x-auxadc mt635x-auxadc: name:BATADC, channel=0, adc_out=0x5bb5, adc_result=3871
11-06 18:28:49.004   283   283 I (0)[283:battery_thread]mt635x-auxadc mt635x-auxadc: name:VCDT, channel=2, adc_out=0x49e, adc_result=519
11-06 18:28:49.004   283   283 I         : (0)[283:battery_thread][fgauge_read_current] final current=3638 (ratio=1000)
11-06 18:28:49.004   283   283 I         : (0)[283:battery_thread][CH3_DBG] bat_cur = 3638
11-06 18:28:49.006   283   283 I (0)[283:battery_thread]mt635x-auxadc mt635x-auxadc: name:BAT_TEMP, channel=3, adc_out=0x2d8, adc_result=639
11-06 18:28:49.006   283   283 I         : (0)[283:battery_thread][fgauge_read_current] final current=3546 (ratio=1000)
11-06 18:28:49.006   283   283 I         : (0)[283:battery_thread][BattVoltToTemp] 636 24000 2791 -3
11-06 18:28:49.006   283   283 I         : (0)[283:battery_thread][force_get_tbat] 639,636,1,354,0,345 r:100 0 0
11-06 18:28:49.006   283   283 I (0)[283:battery_thread][force_get_tbat] t: 34 precise:345
11-06 18:28:49.006   283   283 I         : (0)[283:battery_thread]lbat 0 0 0 0
11-06 18:28:49.006   283   283 I (0)[283:battery_thread]car[164,245,-245,491,-217, cycle_car:0,ncar:0] c: 1 3662 vbat:3871 vbus:4910 soc:38 50 gm3:0 0 0 0
11-06 18:28:49.006   283   283 I         : (0)[283:battery_thread][fgauge_read_columb_internal] CAR=164 r_fg_value=50 car_tune_value=1000
11-06 18:28:49.006   283   283 I         : (0)[283:battery_thread][fg_get_current_iavg] 3570 1
11-06 18:28:49.006   283   283 I         : (0)[283:battery_thread][fg_bat_nafg][fgauge_get_nafg_cnt] 0 [25_16 0 15_0 0]
11-06 18:28:49.006   283   283 I (0)[283:battery_thread][fg_nafg_monitor]time: 181 nafg_cnt:0, now:181, last_t:0
11-06 18:28:49.006   283   283 I (0)[283:battery_thread]tmp: 34 65535 65535 hcar2:491 lcar2:217 time:181 sw_iavg:3480 3570 1 nafg_m:0 0 0
11-06 18:28:49.007   283   283 I         : (0)[283:battery_thread][fgauge_read_columb_internal] CAR=164 r_fg_value=50 car_tune_value=1000
11-06 18:28:49.008   283   283 I         : (0)[283:battery_thread]vbat_out_old=38680, vthr=692, T_curr=383, vbat_out=38711
11-06 18:28:49.009   283   283 I (0)[283:battery_thread]mt635x-auxadc mt635x-auxadc: name:BATADC, channel=0, adc_out=0x5bb1, adc_result=3871
11-06 18:28:49.009   283   283 I         : (0)[283:battery_thread][fgauge_read_current] final current=3432 (ratio=1000)
11-06 18:28:49.009   283   283 I         : (0)[283:battery_thread][fg_get_current_iavg] 3570 1
11-06 18:28:49.009   283   283 I         : (0)[283:battery_thread][fgauge_read_current] final current=3432 (ratio=1000)
11-06 18:28:49.009   283   283 I         : (0)[283:battery_thread][CH3_DBG] bat_cur = 3432
11-06 18:28:49.010   283   283 I (0)[283:battery_thread]mt635x-auxadc mt635x-auxadc: name:BAT_TEMP, channel=3, adc_out=0x2d7, adc_result=638
11-06 18:28:49.010   283   283 I         : (0)[283:battery_thread][fgauge_read_current] final current=3432 (ratio=1000)
11-06 18:28:49.010   283   283 I         : (0)[283:battery_thread][BattVoltToTemp] 635 24000 2791 -3
11-06 18:28:49.010   283   283 I         : (0)[283:battery_thread][force_get_tbat] 638,635,1,343,0,345 r:100 0 0
11-06 18:28:49.010   283   283 I (0)[283:battery_thread][force_get_tbat] t: 34 precise:345
11-06 18:28:49.010   283   283 I         : (0)[283:battery_thread][fg_is_battery_exist] PMIC_RGS_BATON_UNDET = 1
11-06 18:28:49.010   283   283 I         : (0)[283:battery_thread]GM3log1 181 181 3871 3432 3570 55000 72 34 1 1 61 0 0
11-06 18:28:49.010   283   283 I (0)[283:battery_thread]battery_get_boot_mode: boot mode=2
11-06 18:28:49.011   283   283 I         : (0)[283:battery_thread]GM3log2 181 0 0 0 0 0 0 0 4910
11-06 18:28:49.011   283   283 I         : (0)[283:battery_thread]GM3log3 181 0 38431 22 0
11-06 18:28:49.011   283   283 I         : (0)[283:battery_thread]GM3log4 1 43 0 0 0 0 1 1 1 0 38
11-06 18:28:49.011   283   283 I         : (0)[283:battery_thread]GM3log int 181 181 0 0 0 0
11-06 18:28:49.011   283   283 I         : (0)[283:battery_thread]GM3log phone_state 0 0
11-06 18:28:49.011   283   283 I (0)[283:battery_thread]GM3 car: 164 car_diff:-92
11-06 18:28:49.011   283   283 I (0)[283:battery_thread][fg_bat_nafg][fgauge_get_nafg_dltv] mV: Reg [15546:9434]
11-06 18:28:49.011   283   283 I         : (0)[283:battery_thread][fg_bat_nafg][fgauge_get_nafg_cnt] 0 [25_16 0 15_0 0]
11-06 18:28:49.011   283   283 I (0)[283:battery_thread][fg_bat_nafg][fgauge_get_nafg_c_dltv] mV: Reg[0:0] [b10:0][26_16(0x0000) 15_00(0x0000)]
11-06 18:28:49.011   283   283 I         : (0)[283:battery_thread]GM3log-nint-nafg 181 181 0 38453 15546 0 0
11-06 18:28:49.011   283   283 I (0)[283:battery_thread]battery_get_boot_mode: boot mode=2
11-06 18:28:49.011   283   283 I         : (0)[283:battery_thread]mtk_battery boot mode =2
11-06 18:28:49.011   283   283 I         : (0)[283:battery_thread][wakeup_fg_algo_recovery] intr_num=0x2000000
11-06 18:28:49.011   283   283 I (0)[283:battery_thread]rt9471 5-0053: __rt9471_kick_wdt
11-06 18:28:49.015     0     0 I         : (4)[236:wdtk-4][wdk-c] cpu=4 o_k=4 lbit=0x90 cbit=0xff,6f,7,1,908635771,ff,0,0,0,0,[181448959278,14959943] 21
11-06 18:28:49.067     0     0 I         : (2)[234:wdtk-2][wdk-c] cpu=2 o_k=2 lbit=0x94 cbit=0xff,6b,7,1,908635771,ff,0,0,0,0,[181500825663,14908076] 21
11-06 18:28:49.067     0     0 I         : (0)[232:wdtk-0][wdk-c] cpu=0 o_k=0 lbit=0x95 cbit=0xff,6a,7,1,908635771,ff,0,0,0,0,[181501022971,14907879] 21
11-06 18:28:49.067     0     0 I         : (6)[238:wdtk-6][wdk-c] cpu=6 o_k=6 lbit=0xd5 cbit=0xff,2a,7,1,908635771,ff,0,0,0,0,[181501051278,14907850] 21
11-06 18:28:49.067     0     0 I         : (1)[233:wdtk-1][wdk-c] cpu=1 o_k=1 lbit=0xd7 cbit=0xff,28,7,1,908635771,ff,0,0,0,0,[181501156740,14907745] 21
11-06 18:28:49.067     0     0 I         : (5)[237:wdtk-5][wdk-c] cpu=5 o_k=5 lbit=0xf7 cbit=0xff,8,7,1,908635771,ff,0,0,0,0,[181501176124,14907726] 21
11-06 18:28:49.067     0     0 I         : (3)[235:wdtk-3][thread:235] 2023-11-06 18:28:49.19146 UTC;android time 2023-11-06 18:28:49.19146
11-06 18:28:49.067     0     0 I         : (3)[235:wdtk-3][wdk-k] cpu=3 o_k=3 lbit=0xff cbit=0xff,0,7,1,908635771,ff,0,0,0,0,[181501195817,14907706] 21
11-06 18:28:49.595    69    69 I (7)[69:kworker/7:1]sd 0: 0:0:2: [sdc] Synchronizing SCSI cache
11-06 18:28:49.604    69    69 I (7)[69:kworker/7:1]ufshcd-mtk 11270000.ufshci: rs,ret 0,7894 us
11-06 18:28:50.875   247   247 I         : (1)[247:hang_detect][Hang_Detect] hang_detect thread counts down 2147483647:2147483647, status 0.
11-06 18:28:51.587   746   746 D vndksupport: Loading /vendor/lib64/hw/paytrigger.trustonic.so from current namespace instead of sphal namespace.
11-06 18:28:51.587   746   746 I PAYTRIGGER_CA: beanpod transsion_paytrigger_open
11-06 18:28:51.587   746   746 E cutils-trace: Error opening trace file: No such file or directory (2)
11-06 18:28:51.588   384   384 I hwservicemanager: getDeviceHalManifest: Reading VINTF information.
11-06 18:28:51.589   384   384 E hwservicemanager: getDeviceHalManifest: status from fetching VINTF information: -22
11-06 18:28:51.589   384   384 E hwservicemanager: getDeviceHalManifest: -22 VINTF parse error: Illformed file: /vendor/etc/vintf/manifest.xml: Unrecognized manifest.version 4.0 (libvintf@2.0)
11-06 18:28:51.589   384   384 I hwservicemanager: getTransport: Cannot find entry vendor.mediatek.hardware.paytrigger@1.0::IPayTrigger/default in either framework or device manifest.
11-06 18:28:51.590   747   747 F linker  : CANNOT LINK EXECUTABLE "/vendor/bin/hw/vendor.trustonic.tee@1.1-service": library "libhidlmemory.so" not found: needed by main executable
11-06 18:28:51.590   746   746 E HidlServiceManagement: Service vendor.mediatek.hardware.paytrigger@1.0::IPayTrigger/default must be in VINTF manifest in order to register/get.
11-06 18:28:51.590   746   746 I PAYTRIGGER_CA: beanpod transsion_paytrigger_close
11-06 18:28:51.590   746   746 E android.hardware.paytrigger@1.0-service: cound not regisetr paytriger service(-2147483648)
11-06 18:28:51.596   745   745 F linker  : CANNOT LINK EXECUTABLE "/system/bin/recovery": cannot locate symbol "_ZN7android6Parcel13markForBinderERKNS_2spINS_7IBinderEEE" referenced by "/system/lib64/libkeystore-attestation-application-id.so"...
11-06 18:28:51.596   748   748 F linker  : CANNOT LINK EXECUTABLE "/vendor/bin/hw/android.hardware.keymaster@4.1-service.trustonic": library "libcppbor_external.so" not found: needed by /system/lib64/libkeymaster_portable.so in namespace (default)
11-06 18:28:51.598   749   749 E cutils-trace: Error opening trace file: No such file or directory (2)
11-06 18:28:51.599   384   384 I hwservicemanager: getDeviceHalManifest: Reading VINTF information.
11-06 18:28:51.600   384   384 E hwservicemanager: getDeviceHalManifest: status from fetching VINTF information: -22
11-06 18:28:51.600   384   384 E hwservicemanager: getDeviceHalManifest: -22 VINTF parse error: Illformed file: /vendor/etc/vintf/manifest.xml: Unrecognized manifest.version 4.0 (libvintf@2.0)
11-06 18:28:51.600   384   384 I hwservicemanager: getTransport: Cannot find entry android.hardware.gatekeeper@1.0::IGatekeeper/default in either framework or device manifest.
11-06 18:28:51.601   749   749 E LegacySupport: Could not get passthrough implementation for android.hardware.gatekeeper@1.0::IGatekeeper/default.
11-06 18:28:51.604   751   751 E cutils-trace: Error opening trace file: No such file or directory (2)
11-06 18:28:51.605   384   384 I hwservicemanager: getDeviceHalManifest: Reading VINTF information.
11-06 18:28:51.606   384   384 E hwservicemanager: getDeviceHalManifest: status from fetching VINTF information: -22
11-06 18:28:51.606   384   384 E hwservicemanager: getDeviceHalManifest: -22 VINTF parse error: Illformed file: /vendor/etc/vintf/manifest.xml: Unrecognized manifest.version 4.0 (libvintf@2.0)
