11-06 18:28:21.546   694   694 E cutils-trace: Error opening trace file: No such file or directory (2)
11-06 18:28:21.546   690   690 F linker  : CANNOT LINK EXECUTABLE "/system/bin/recovery": cannot locate symbol "_ZN7android6Parcel13markForBinderERKNS_2spINS_7IBinderEEE" referenced by "/system/lib64/libkeystore-attestation-application-id.so"...
11-06 18:28:21.546   384   384 I hwservicemanager: getDeviceHalManifest: Reading VINTF information.
11-06 18:28:21.547   384   384 E hwservicemanager: getDeviceHalManifest: status from fetching VINTF information: -22
11-06 18:28:21.547   384   384 E hwservicemanager: getDeviceHalManifest: -22 VINTF parse error: Illformed file: /vendor/etc/vintf/manifest.xml: Unrecognized manifest.version 4.0 (libvintf@2.0)
11-06 18:28:21.547   384   384 I hwservicemanager: getTransport: Cannot find entry android.hardware.gatekeeper@1.0::IGatekeeper/default in either framework or device manifest.
11-06 18:28:21.548   694   694 E LegacySupport: Could not get passthrough implementation for android.hardware.gatekeeper@1.0::IGatekeeper/default.
11-06 18:28:21.554   696   696 E cutils-trace: Error opening trace file: No such file or directory (2)
11-06 18:28:21.555   384   384 I hwservicemanager: getDeviceHalManifest: Reading VINTF information.
11-06 18:28:21.556   384   384 E hwservicemanager: getDeviceHalManifest: status from fetching VINTF information: -22
11-06 18:28:21.556   384   384 E hwservicemanager: getDeviceHalManifest: -22 VINTF parse error: Illformed file: /vendor/etc/vintf/manifest.xml: Unrecognized manifest.version 4.0 (libvintf@2.0)
11-06 18:28:21.556   384   384 I hwservicemanager: getTransport: Cannot find entry android.hardware.health@2.0::IHealth/default in either framework or device manifest.
11-06 18:28:21.557   695   695 E cutils-trace: Error opening trace file: No such file or directory (2)
11-06 18:28:21.557   384   384 I hwservicemanager: getDeviceHalManifest: Reading VINTF information.
11-06 18:28:21.558   384   384 E hwservicemanager: getDeviceHalManifest: status from fetching VINTF information: -22
11-06 18:28:21.558   384   384 E hwservicemanager: getDeviceHalManifest: -22 VINTF parse error: Illformed file: /vendor/etc/vintf/manifest.xml: Unrecognized manifest.version 4.0 (libvintf@2.0)
11-06 18:28:21.558   384   384 I hwservicemanager: getTransport: Cannot find entry android.hardware.boot@1.0::IBootControl/default in either framework or device manifest.
11-06 18:28:21.559   695   695 W android.hardware.boot@1.1-service: [libfs_mgr]Warning: unknown flag: resize
11-06 18:28:21.560   696   696 I android.hardware.health@2.1-service: default instance initializing with healthd_config...
11-06 18:28:21.560   384   384 I hwservicemanager: getDeviceHalManifest: Reading VINTF information.
11-06 18:28:21.561   384   384 E hwservicemanager: getDeviceHalManifest: status from fetching VINTF information: -22
11-06 18:28:21.561   384   384 E hwservicemanager: getDeviceHalManifest: -22 VINTF parse error: Illformed file: /vendor/etc/vintf/manifest.xml: Unrecognized manifest.version 4.0 (libvintf@2.0)
11-06 18:28:21.561   384   384 I hwservicemanager: getTransport: Cannot find entry android.hardware.health@2.1::IHealth/default in either framework or device manifest.
11-06 18:28:21.561   696   696 E HidlServiceManagement: Service android.hardware.health@2.1::IHealth/default must be in VINTF manifest in order to register/get.
11-06 18:28:21.561   696   696 F android.hardware.health@2.1-service: Check failed: registerAsService(instance_name()) == android::OK (registerAsService(instance_name())=-2147483648, android::OK=0) default: Failed to register HAL
11-06 18:28:21.561   696   696 F libc    : Fatal signal 6 (SIGABRT), code -1 (SI_QUEUE) in tid 696 (android.hardwar), pid 696 (android.hardwar)
11-06 18:28:21.563   698   698 F libc    : failed to exec crash_dump helper: No such file or directory
11-06 18:28:21.563   696   696 F libc    : crash_dump helper failed to exec
11-06 18:28:21.563   695   695 W android.hardware.boot@1.1-service: [libfs_mgr]Warning: unknown flag: resize
11-06 18:28:21.564   384   384 I hwservicemanager: getDeviceHalManifest: Reading VINTF information.
11-06 18:28:21.565   384   384 E hwservicemanager: getDeviceHalManifest: status from fetching VINTF information: -22
11-06 18:28:21.565   384   384 E hwservicemanager: getDeviceHalManifest: -22 VINTF parse error: Illformed file: /vendor/etc/vintf/manifest.xml: Unrecognized manifest.version 4.0 (libvintf@2.0)
11-06 18:28:21.565   384   384 I hwservicemanager: getTransport: Cannot find entry android.hardware.boot@1.1::IBootControl/default in either framework or device manifest.
11-06 18:28:21.566   695   695 E HidlServiceManagement: Service android.hardware.boot@1.1::IBootControl/default must be in VINTF manifest in order to register/get.
11-06 18:28:21.566   695   695 E LegacySupport: Could not register service android.hardware.boot@1.0::IBootControl/default (-2147483648).
11-06 18:28:21.570     1     1 I (2)[1:init]: starting service 'recovery'...
11-06 18:28:21.570     1     1 I (2)[1:init]: Created socket '/dev/socket/recovery', mode 422, user 1000, group 1000
11-06 18:28:21.575     1     1 I         : (0)[1:init][name:spm&][SPM] MCUSYSOFF wake up by , timer_out = 0, r13 = 0x84000e80, debug_flag = 0x0 0x0, r12 = 0x0, r12_ext = 0x0, raw_sta = 0x0 0x0 0x0, idle_sta = 0xf3, req_sta =  0x5c00000 0x180000 0x1ff 0x1e0001 0x0, cg_check_sta =0x0, isr = 0x0, rt_req_sta0 = 0x0 rt_req_sta1 = 0x0 rt_req_sta2 = 0xffffffff rt_req_sta3 = 0xffffffff dram_sw_con_3 = 0x0, raw_ext_sta = 0x180256, wake_misc = 0x0, pcm_flag = 0x0 0x0 0x0 0x0, req = 0x0,  clk_settle = 0x60fe, gpio200 = 1
11-06 18:28:21.576     1     1 I (0)[1:init]: starting service 'paytrigger_hal_service'...
11-06 18:28:21.580     1     1 I (0)[1:init]: starting service 'tee-1-1'...
11-06 18:28:21.584     1     1 I (0)[1:init]: starting service 'keymaster-4-1'...
11-06 18:28:21.586     1     1 I (0)[1:init]: starting service 'gatekeeper-1-0'...
11-06 18:28:21.590     1     1 I (0)[1:init]: starting service 'boot-hal-1-1'...
11-06 18:28:21.594     1     1 I (0)[1:init]: starting service 'health-hal-2-1'...
11-06 18:28:21.594     1     1 I (0)[1:init]: Opened file '/dev/kmsg', flags 1
11-06 18:28:21.597     1     1 I (0)[1:init]: Service 'recovery' (pid 690) exited with status 1
11-06 18:28:21.611   361   361 I (3)[361:kworker/3:2]ufshcd-mtk 11270000.ufshci: rr,ret 0,2687 us
11-06 18:28:21.612   696   696 I (6)[696:android.hardwar][SDD]: do_coredump.
11-06 18:28:22.459    53    53 I         : (6)[53:kworker/6:1][K][Perf] TRAN Perf Statistic start (11-06 18:28:22)
11-06 18:28:22.460    53    53 I         : (6)[53:kworker/6:1][K]     Usage          PID                        Name          Total:10000(ms)*8
11-06 18:28:22.460    53    53 I         : (6)[53:kworker/6:1][K]        0%          322             sf_pf_release_t             68000000(ns)
11-06 18:28:22.460    53    53 I         : (6)[53:kworker/6:1][K]        0%            1                        init             60000000(ns)
11-06 18:28:22.460    53    53 I         : (6)[53:kworker/6:1][K]        0%          283              battery_thread             12000000(ns)
11-06 18:28:22.460    53    53 I         : (6)[53:kworker/6:1][K]        0%          351              charger_thread             12000000(ns)
11-06 18:28:22.460    53    53 I         : (6)[53:kworker/6:1][K]        0%          384             hwservicemanage             12000000(ns)
11-06 18:28:22.460    53    53 I         : (6)[53:kworker/6:1][K]  Cpus Usage [ 0], [ 0], [ 0], [ 0], [ 0] [ 0], [ 0], [ 0]
11-06 18:28:22.460    53    53 I         : (6)[53:kworker/6:1][K]  user[00],system[00],iowait[00],irq[00],idle[99]
11-06 18:28:22.460    53    53 I         : (6)[53:kworker/6:1][K][Perf] TRAN Perf Statistic done
11-06 18:28:23.615   362   362 I (4)[362:kworker/4:2]sd 0: 0:0:2: [sdc] Synchronizing SCSI cache
11-06 18:28:23.625   362   362 I (4)[362:kworker/4:2]ufshcd-mtk 11270000.ufshci: rs,ret 0,7843 us
11-06 18:28:23.892   112   112 I         : (0)[112:watchdogd][wdtk] kick watchdog
11-06 18:28:25.275   274   274 I (4)[274:kworker/u16:3][SCP] scp_ipi_send: SCP A not ready
11-06 18:28:25.276   274   274 E         : (4)[274:kworker/u16:3][sensorHub] scp_ipi_send fail
11-06 18:28:25.276    69    69 E         : (7)[69:kworker/7:1][sensorHub] scp_sensorHub_req_send fail!
11-06 18:28:26.538   700   700 F linker  : CANNOT LINK EXECUTABLE "/vendor/bin/hw/vendor.mediatek.hardware.paytrigger@1.0-service": library "vendor.mediatek.hardware.paytrigger@1.0.so" not found: needed by main executable
11-06 18:28:26.540   701   701 F linker  : CANNOT LINK EXECUTABLE "/vendor/bin/hw/vendor.trustonic.tee@1.1-service": library "libhidlmemory.so" not found: needed by main executable
11-06 18:28:26.544   702   702 F linker  : CANNOT LINK EXECUTABLE "/vendor/bin/hw/android.hardware.keymaster@4.1-service.trustonic": library "libcppbor_external.so" not found: needed by /system/lib64/libkeymaster_portable.so in namespace (default)
11-06 18:28:26.550   703   703 E cutils-trace: Error opening trace file: No such file or directory (2)
11-06 18:28:26.551   384   384 I hwservicemanager: getDeviceHalManifest: Reading VINTF information.
11-06 18:28:26.551   699   699 F linker  : CANNOT LINK EXECUTABLE "/system/bin/recovery": cannot locate symbol "_ZN7android6Parcel13markForBinderERKNS_2spINS_7IBinderEEE" referenced by "/system/lib64/libkeystore-attestation-application-id.so"...
11-06 18:28:26.552   384   384 E hwservicemanager: getDeviceHalManifest: status from fetching VINTF information: -22
11-06 18:28:26.552   384   384 E hwservicemanager: getDeviceHalManifest: -22 VINTF parse error: Illformed file: /vendor/etc/vintf/manifest.xml: Unrecognized manifest.version 4.0 (libvintf@2.0)
11-06 18:28:26.552   384   384 I hwservicemanager: getTransport: Cannot find entry android.hardware.gatekeeper@1.0::IGatekeeper/default in either framework or device manifest.
11-06 18:28:26.553   703   703 E LegacySupport: Could not get passthrough implementation for android.hardware.gatekeeper@1.0::IGatekeeper/default.
11-06 18:28:26.561   705   705 E cutils-trace: Error opening trace file: No such file or directory (2)
11-06 18:28:26.562   384   384 I hwservicemanager: getDeviceHalManifest: Reading VINTF information.
11-06 18:28:26.562   704   704 E cutils-trace: Error opening trace file: No such file or directory (2)
11-06 18:28:26.563   384   384 E hwservicemanager: getDeviceHalManifest: status from fetching VINTF information: -22
11-06 18:28:26.563   384   384 E hwservicemanager: getDeviceHalManifest: -22 VINTF parse error: Illformed file: /vendor/etc/vintf/manifest.xml: Unrecognized manifest.version 4.0 (libvintf@2.0)
11-06 18:28:26.563   384   384 I hwservicemanager: getTransport: Cannot find entry android.hardware.health@2.0::IHealth/default in either framework or device manifest.
11-06 18:28:26.563   384   384 I hwservicemanager: getDeviceHalManifest: Reading VINTF information.
11-06 18:28:26.564   384   384 E hwservicemanager: getDeviceHalManifest: status from fetching VINTF information: -22
11-06 18:28:26.564   384   384 E hwservicemanager: getDeviceHalManifest: -22 VINTF parse error: Illformed file: /vendor/etc/vintf/manifest.xml: Unrecognized manifest.version 4.0 (libvintf@2.0)
11-06 18:28:26.564   384   384 I hwservicemanager: getTransport: Cannot find entry android.hardware.boot@1.0::IBootControl/default in either framework or device manifest.
11-06 18:28:26.565   704   704 W android.hardware.boot@1.1-service: [libfs_mgr]Warning: unknown flag: resize
11-06 18:28:26.569   705   705 I android.hardware.health@2.1-service: default instance initializing with healthd_config...
11-06 18:28:26.569   384   384 I hwservicemanager: getDeviceHalManifest: Reading VINTF information.
11-06 18:28:26.569   704   704 W android.hardware.boot@1.1-service: [libfs_mgr]Warning: unknown flag: resize
11-06 18:28:26.570   384   384 E hwservicemanager: getDeviceHalManifest: status from fetching VINTF information: -22
11-06 18:28:26.570   384   384 E hwservicemanager: getDeviceHalManifest: -22 VINTF parse error: Illformed file: /vendor/etc/vintf/manifest.xml: Unrecognized manifest.version 4.0 (libvintf@2.0)
11-06 18:28:26.570   384   384 I hwservicemanager: getTransport: Cannot find entry android.hardware.health@2.1::IHealth/default in either framework or device manifest.
11-06 18:28:26.570   384   384 I hwservicemanager: getDeviceHalManifest: Reading VINTF information.
11-06 18:28:26.570   705   705 E HidlServiceManagement: Service android.hardware.health@2.1::IHealth/default must be in VINTF manifest in order to register/get.
11-06 18:28:26.570   705   705 F android.hardware.health@2.1-service: Check failed: registerAsService(instance_name()) == android::OK (registerAsService(instance_name())=-2147483648, android::OK=0) default: Failed to register HAL
11-06 18:28:26.571   705   705 F libc    : Fatal signal 6 (SIGABRT), code -1 (SI_QUEUE) in tid 705 (android.hardwar), pid 705 (android.hardwar)
11-06 18:28:26.571   384   384 E hwservicemanager: getDeviceHalManifest: status from fetching VINTF information: -22
11-06 18:28:26.571   384   384 E hwservicemanager: getDeviceHalManifest: -22 VINTF parse error: Illformed file: /vendor/etc/vintf/manifest.xml: Unrecognized manifest.version 4.0 (libvintf@2.0)
11-06 18:28:26.571   384   384 I hwservicemanager: getTransport: Cannot find entry android.hardware.boot@1.1::IBootControl/default in either framework or device manifest.
11-06 18:28:26.571   704   704 E HidlServiceManagement: Service android.hardware.boot@1.1::IBootControl/default must be in VINTF manifest in order to register/get.
11-06 18:28:26.571   704   704 E LegacySupport: Could not register service android.hardware.boot@1.0::IBootControl/default (-2147483648).
11-06 18:28:26.572   707   707 F libc    : failed to exec crash_dump helper: No such file or directory
11-06 18:28:26.572   705   705 F libc    : crash_dump helper failed to exec
11-06 18:28:26.575     1     1 I (0)[1:init]: starting service 'recovery'...
11-06 18:28:26.576     1     1 I (0)[1:init]: Created socket '/dev/socket/recovery', mode 422, user 1000, group 1000
11-06 18:28:26.582     1     1 I (0)[1:init]: starting service 'paytrigger_hal_service'...
11-06 18:28:26.586     1     1 I (0)[1:init]: starting service 'tee-1-1'...
11-06 18:28:26.588     1     1 I (0)[1:init]: starting service 'keymaster-4-1'...
11-06 18:28:26.592     1     1 I (0)[1:init]: starting service 'gatekeeper-1-0'...
11-06 18:28:26.595     1     1 I (0)[1:init]: starting service 'boot-hal-1-1'...
11-06 18:28:26.600     1     1 I (0)[1:init]: starting service 'health-hal-2-1'...
11-06 18:28:26.600     1     1 I (0)[1:init]: Opened file '/dev/kmsg', flags 1
11-06 18:28:26.602     1     1 I (1)[1:init]: Service 'recovery' (pid 699) exited with status 1
11-06 18:28:26.617   363   363 I (5)[363:kworker/5:2]ufshcd-mtk 11270000.ufshci: rr,ret 0,2714 us
11-06 18:28:26.621   705   705 I (2)[705:android.hardwar][SDD]: do_coredump.
11-06 18:28:26.649     0     0 I -(0)[0:swapper/0]mtk_charger_alarm_timer_func: not suspend, wake up charger
11-06 18:28:26.650   351   351 I         : (0)[351:charger_thread][fgauge_read_current] final current=3500 (ratio=1000)
11-06 18:28:26.650   351   351 I (0)[351:charger_thread]rt9471 5-0053: __rt9471_kick_wdt
11-06 18:28:26.651   351   351 I         : (0)[351:charger_thread][MDRT_ADC] OLD = 0x304a, NOW = 0x305f, CNT = 0
11-06 18:28:26.652   351   351 I         : (0)[351:charger_thread]vbat_out_old=38650, vthr=692, T_curr=383, vbat_out=38681
11-06 18:28:26.652   351   351 W -(0)[351:charger_thread]mt635x_auxadc_read_raw: 1 callbacks suppressed
11-06 18:28:26.652   351   351 I (0)[351:charger_thread]mt635x-auxadc mt635x-auxadc: name:BATADC, channel=0, adc_out=0x5ba1, adc_result=3868
11-06 18:28:26.652   351   351 I (0)[351:charger_thread]mt635x-auxadc mt635x-auxadc: name:VCDT, channel=2, adc_out=0x497, adc_result=516
11-06 18:28:26.652   351   351 I         : (0)[351:charger_thread][fgauge_read_current] final current=3570 (ratio=1000)
11-06 18:28:26.652   351   351 I         : (0)[351:charger_thread][CH3_DBG] bat_cur = 3570
11-06 18:28:26.653   351   351 I (0)[351:charger_thread]mt635x-auxadc mt635x-auxadc: name:BAT_TEMP, channel=3, adc_out=0x2d5, adc_result=637
11-06 18:28:26.653   351   351 I         : (0)[351:charger_thread][fgauge_read_current] final current=3600 (ratio=1000)
11-06 18:28:26.653   351   351 I         : (0)[351:charger_thread][BattVoltToTemp] 634 24000 2791 -3
11-06 18:28:26.653   351   351 I         : (0)[351:charger_thread][force_get_tbat] 637,634,1,360,0,346 r:100 0 0
11-06 18:28:26.653   351   351 I (0)[351:charger_thread][force_get_tbat] t: 34 precise:346
11-06 18:28:26.653   351   351 I (0)[351:charger_thread]Vbat=3868,Ibat=3500,I=0,VChr=4882,T=34,Soc=38: 50,CT:1:1 hv:1 pd:0:0
11-06 18:28:26.653   351   351 I (0)[351:charger_thread]mtk_charger_start_timer: alarm timer start:0, 169 38321778
11-06 18:28:26.653   351   351 I         : -(0)[351:charger_thread]alarmtimer_enqueue, 169038321778
11-06 18:28:26.654   351   351 I         : (0)[351:charger_thread][fgauge_read_current] final current=3600 (ratio=1000)
11-06 18:28:26.654   351   351 I         : (0)[351:charger_thread][CH3_DBG] bat_cur = 3600
11-06 18:28:26.654   351   351 I (0)[351:charger_thread]mt635x-auxadc mt635x-auxadc: name:BAT_TEMP, channel=3, adc_out=0x2d4, adc_result=636
11-06 18:28:26.654   351   351 I         : (0)[351:charger_thread][fgauge_read_current] final current=3600 (ratio=1000)
11-06 18:28:26.654   351   351 I         : (0)[351:charger_thread][BattVoltToTemp] 633 24000 2791 -3
11-06 18:28:26.654   351   351 I         : (0)[351:charger_thread][force_get_tbat] 636,633,1,360,0,346 r:100 0 0
11-06 18:28:26.654   351   351 I (0)[351:charger_thread][force_get_tbat] t: 34 precise:346
11-06 18:28:26.654   351   351 I         : (0)[351:charger_thread][fg_is_battery_exist] PMIC_RGS_BATON_UNDET = 1
11-06 18:28:26.654   351   351 I chatty  : uid=1036(auditd) identical 1 line
11-06 18:28:26.654   351   351 I         : (0)[351:charger_thread][fg_is_battery_exist] PMIC_RGS_BATON_UNDET = 1
11-06 18:28:26.657   351   351 I         : (0)[351:charger_thread]vbat_out_old=38650, vthr=692, T_curr=383, vbat_out=38681
11-06 18:28:26.657   351   351 I (0)[351:charger_thread]mt635x-auxadc mt635x-auxadc: name:BATADC, channel=0, adc_out=0x5ba3, adc_result=3868
11-06 18:28:26.657   351   351 I (0)[351:charger_thread]rt9471 5-0053: __rt9471_set_mivr mivr = 4200000(0x03)
11-06 18:28:26.658   351   351 I         : (0)[351:charger_thread][SW_JEITA] Battery Normal Temperature between 15 and 45 !!
11-06 18:28:26.658   351   351 I (0)[351:charger_thread][SW_JEITA]preState: 3 newState:3 tmp:34 cv:0
11-06 18:28:26.659   351   351 I         : (0)[351:charger_thread][50] bat_temp(34) tran_notify_code(0x0)
11-06 18:28:26.659   351   351 I         : (0)[351:charger_thread]info->notify_code = 0x0
11-06 18:28:26.659   351   351 I (0)[351:charger_thread]tmp: 34 (jeita:1 sm:3 cv:0 en:1) (sm:1) en:1 c:0 s:0 ov:0 sc:0 1 1
11-06 18:28:26.659   351   351 I         : (0)[351:charger_thread]mtk_switch_charging_run [1 0], timer=140
11-06 18:28:26.659   351   351 I (0)[351:charger_thread]DV2_SWITCH: dcp_get_ta_status switch_dev->rfc_dcp_ta=0
11-06 18:28:26.659   351   351 I         : (0)[351:charger_thread]mtk_switch_charging_run_2 [1] 0
11-06 18:28:26.659   351   351 I         : (0)[351:charger_thread][fgauge_read_current] final current=3500 (ratio=1000)
11-06 18:28:26.659   351   351 I         : (0)[351:charger_thread][CH3_DBG] bat_cur = 3500
11-06 18:28:26.660   351   351 I         : (0)[351:charger_thread][fgauge_read_current] final current=3500 (ratio=1000)
11-06 18:28:26.660   351   351 I         : (0)[351:charger_thread][BattVoltToTemp] 633 24000 2791 -3
11-06 18:28:26.660   351   351 I         : (0)[351:charger_thread][force_get_tbat] 636,633,1,350,0,346 r:100 0 0
11-06 18:28:26.660   351   351 I (0)[351:charger_thread][force_get_tbat] t: 34 precise:346
11-06 18:28:26.660   351   351 I (0)[351:charger_thread]pe40_ready: 0 hv:1 thermal:-1,-1 tmp:34,39,16 pps:0 en:0 ibus:0 80
11-06 18:28:26.660   351   351 I (0)[351:charger_thread]mtk_tc30_start_algotithm: stop, tc30 is not connected
11-06 18:28:26.660   351   351 I (0)[351:charger_thread]mtk_pe20_start_algorithm: stop, PE+20 is not connected
11-06 18:28:26.660   351   351 I (0)[351:charger_thread]mtk_pe_start_algorithm: stop, PE+ is not connected
11-06 18:28:26.660   351   351 I (0)[351:charger_thread]mtk_pe_start_algorithm: vchr_org = 5000, vchr_after = 4901, delta = -99
11-06 18:28:26.660   351   351 I (0)[351:charger_thread]mtk_hvdcp20_start_algotithm: stop, hvdcp20 is not connected
11-06 18:28:26.660   351   351 I (0)[351:charger_thread]force: 0 thermal:-1,-1 pe4:-1,-1,0 setting:500 500 type:1 usb_unlimited:0 usbif:0 usbsm:2 aicl:-1 atm:0
11-06 18:28:26.660   351   351 I (0)[351:charger_thread]rt9471 5-0053: __rt9471_set_aicr aicr = 500000(0x0A)
11-06 18:28:26.661   351   351 I (0)[351:charger_thread]rt9471 5-0053: __rt9471_set_ichg ichg = 500000(0x0A)
11-06 18:28:26.661   351   351 I (0)[351:charger_thread]rt9471 5-0053: rt9471_enable_charging en = 1
11-06 18:28:26.661   351   351 I (0)[351:charger_thread]rt9471 5-0053: __rt9471_enable_chg en = 1, chip_rev = 5
11-06 18:28:26.662   351   351 I (0)[351:charger_thread]swchg_select_cv: 1 0
11-06 18:28:26.662   351   351 I (0)[351:charger_thread]swchg_select_cv: 0,0 4450000 200000 20000 40000
11-06 18:28:26.662   351   351 I (0)[351:charger_thread]rt9471 5-0053: __rt9471_set_ieoc ieoc = 200000(0x03)
11-06 18:28:26.663   351   351 I (0)[351:charger_thread]rt9471 5-0053: __rt9471_set_cv cv = 4450000(0x37)
11-06 18:28:26.663   351   351 I (0)[351:charger_thread]rt9471 5-0053: rt9471_enable_charging en = 1
11-06 18:28:26.663   351   351 I (0)[351:charger_thread]rt9471 5-0053: __rt9471_enable_chg en = 1, chip_rev = 5
11-06 18:28:26.664   351   351 I (0)[351:charger_thread]rt9471 5-0053: __rt9471_kick_wdt
11-06 18:28:26.666   351   351 I (0)[351:charger_thread]rt9471 5-0053: __rt9471_dump_registers MIVR = 4200mV, AICR = 500mA
11-06 18:28:26.666   351   351 I (0)[351:charger_thread]rt9471 5-0053: __rt9471_dump_registers CV = 4450mV, ICHG = 500mA, IEOC = 200mA
11-06 18:28:26.666   351   351 I (0)[351:charger_thread]rt9471 5-0053: __rt9471_dump_registers CHG_EN = 1, IC_STAT = fast-charge
11-06 18:28:26.666   351   351 I (0)[351:charger_thread]rt9471 5-0053: __rt9471_dump_registers STAT0 = 0xC1, STAT1 = 0x40
11-06 18:28:26.666   351   351 I (0)[351:charger_thread]rt9471 5-0053: __rt9471_dump_registers STAT2 = 0x00, STAT3 = 0x00
11-06 18:28:26.666   351   351 I (0)[351:charger_thread]rt9471 5-0053: __rt9471_dump_registers HIDDEN_2 = 0xE2
11-06 18:28:26.667   351   351 I         : (0)[351:charger_thread][fgauge_read_current] final current=3456 (ratio=1000)
11-06 18:28:26.831   322   322 I         : (0)[322:sf_pf_release_t][name:spm&][SPM] MCUSYSOFF wake up by , timer_out = 0, r13 = 0x84000e80, debug_flag = 0x0 0x0, r12 = 0x0, r12_ext = 0x0, raw_sta = 0x0 0x0 0x0, idle_sta = 0xf3, req_sta =  0x5c00000 0x0 0x1f9 0x1e0001 0x0, cg_check_sta =0x0, isr = 0x0, rt_req_sta0 = 0x0 rt_req_sta1 = 0x0 rt_req_sta2 = 0xffffffff rt_req_sta3 = 0xffffffff dram_sw_con_3 = 0x0, raw_ext_sta = 0x180256, wake_misc = 0x0, pcm_flag = 0x0 0x0 0x0 0x0, req = 0x0,  clk_settle = 0x60fe, gpio200 = 1
11-06 18:28:27.815   306   306 I (1)[306:rpmb_open]Trustonic TEE: request_send: daemon not connected after 110s, waiting
11-06 18:28:28.475     0     0 I         : -(7)[0:swapper/7][thread:0] 2023-11-06 18:28:28.426513 UTC;android time 2023-11-06 18:28:28.426513
11-06 18:28:28.619   362   362 I (4)[362:kworker/4:2]sd 0: 0:0:2: [sdc] Synchronizing SCSI cache
11-06 18:28:28.629   362   362 I (4)[362:kworker/4:2]ufshcd-mtk 11270000.ufshci: rs,ret 0,7908 us
11-06 18:28:28.980   283   283 I         : (4)[283:battery_thread][fg_drv_update_hw_status]=>
11-06 18:28:28.980   283   283 I (4)[283:battery_thread][fg_update_sw_iavg]diff time: 40 iavg:3600
11-06 18:28:28.980   283   283 I         : (4)[283:battery_thread][read_boot_battery_plug_out_status] rtc_invalid 0 plugout 0 bat_plug_out_time 0 sp3:0xab pl:0 0
11-06 18:28:28.981   283   283 I         : (4)[283:battery_thread][fgauge_read_current] final current=3570 (ratio=1000)
11-06 18:28:28.981   283   283 I         : (4)[283:battery_thread][fgauge_read_columb_internal] CAR=146 r_fg_value=50 car_tune_value=1000
11-06 18:28:28.984   283   283 I         : (4)[283:battery_thread]vbat_out_old=38680, vthr=692, T_curr=383, vbat_out=38711
11-06 18:28:28.984   283   283 W -(4)[283:battery_thread]mt635x_auxadc_read_raw: 5 callbacks suppressed
11-06 18:28:28.984   283   283 I (4)[283:battery_thread]mt635x-auxadc mt635x-auxadc: name:BATADC, channel=0, adc_out=0x5bb2, adc_result=3871
11-06 18:28:28.984   283   283 I (4)[283:battery_thread]mt635x-auxadc mt635x-auxadc: name:VCDT, channel=2, adc_out=0x49d, adc_result=518
11-06 18:28:28.984   283   283 I         : (4)[283:battery_thread][fgauge_read_current] final current=3622 (ratio=1000)
11-06 18:28:28.984   283   283 I         : (4)[283:battery_thread][CH3_DBG] bat_cur = 3622
11-06 18:28:28.985   283   283 I (4)[283:battery_thread]mt635x-auxadc mt635x-auxadc: name:BAT_TEMP, channel=3, adc_out=0x2d7, adc_result=638
11-06 18:28:28.985   283   283 I         : (4)[283:battery_thread][fgauge_read_current] final current=3546 (ratio=1000)
11-06 18:28:28.985   283   283 I         : (4)[283:battery_thread][BattVoltToTemp] 635 24000 2791 -3
11-06 18:28:28.985   283   283 I         : (4)[283:battery_thread][force_get_tbat] 638,635,1,354,0,345 r:100 0 0
11-06 18:28:28.985   283   283 I (4)[283:battery_thread][force_get_tbat] t: 34 precise:345
11-06 18:28:28.985   283   283 I         : (4)[283:battery_thread]lbat 0 0 0 0
11-06 18:28:28.985   283   283 I (4)[283:battery_thread]car[146,245,-245,491,-217, cycle_car:0,ncar:0] c: 1 3570 vbat:3871 vbus:4901 soc:38 50 gm3:0 0 0 0
11-06 18:28:28.985   283   283 I         : (4)[283:battery_thread][fgauge_read_columb_internal] CAR=146 r_fg_value=50 car_tune_value=1000
11-06 18:28:28.986   283   283 I         : (4)[283:battery_thread][fg_get_current_iavg] 3559 1
11-06 18:28:28.986   283   283 I         : (4)[283:battery_thread][fg_bat_nafg][fgauge_get_nafg_cnt] 0 [25_16 0 15_0 0]
11-06 18:28:28.986   283   283 I (4)[283:battery_thread][fg_nafg_monitor]time: 161 nafg_cnt:0, now:161, last_t:0
11-06 18:28:28.986   283   283 I (4)[283:battery_thread]tmp: 34 65535 65535 hcar2:491 lcar2:217 time:161 sw_iavg:3600 3559 1 nafg_m:0 0 0
11-06 18:28:28.986   283   283 I         : (4)[283:battery_thread][fgauge_read_columb_internal] CAR=146 r_fg_value=50 car_tune_value=1000
11-06 18:28:28.988   283   283 I         : (4)[283:battery_thread]vbat_out_old=38680, vthr=692, T_curr=383, vbat_out=38711
11-06 18:28:28.988   283   283 I (4)[283:battery_thread]mt635x-auxadc mt635x-auxadc: name:BATADC, channel=0, adc_out=0x5bb3, adc_result=3871
11-06 18:28:28.988   283   283 I         : (4)[283:battery_thread][fgauge_read_current] final current=3500 (ratio=1000)
11-06 18:28:28.988   283   283 I         : (4)[283:battery_thread][fg_get_current_iavg] 3559 1
11-06 18:28:28.989   283   283 I         : (4)[283:battery_thread][fgauge_read_current] final current=3508 (ratio=1000)
11-06 18:28:28.989   283   283 I         : (4)[283:battery_thread][CH3_DBG] bat_cur = 3508
11-06 18:28:28.990   283   283 I (0)[283:battery_thread]mt635x-auxadc mt635x-auxadc: name:BAT_TEMP, channel=3, adc_out=0x2d4, adc_result=636
11-06 18:28:28.991   283   283 I         : (0)[283:battery_thread][fgauge_read_current] final current=3516 (ratio=1000)
11-06 18:28:28.991   283   283 I         : (0)[283:battery_thread][BattVoltToTemp] 633 24000 2791 -3
11-06 18:28:28.991   283   283 I         : (0)[283:battery_thread][force_get_tbat] 636,633,1,351,0,346 r:100 0 0
11-06 18:28:28.991   283   283 I (0)[283:battery_thread][force_get_tbat] t: 34 precise:346
11-06 18:28:28.991   283   283 I         : (0)[283:battery_thread][fg_is_battery_exist] PMIC_RGS_BATON_UNDET = 1
11-06 18:28:28.991   283   283 I         : (0)[283:battery_thread]GM3log1 161 161 3871 3500 3559 55000 54 34 1 1 61 0 0
11-06 18:28:28.991   283   283 I (0)[283:battery_thread]battery_get_boot_mode: boot mode=2
11-06 18:28:28.991   283   283 I         : (0)[283:battery_thread]GM3log2 161 0 0 0 0 0 0 0 4910
11-06 18:28:28.991   283   283 I         : (0)[283:battery_thread]GM3log3 161 0 38431 22 0
11-06 18:28:28.991   283   283 I         : (0)[283:battery_thread]GM3log4 1 43 0 0 0 0 1 1 1 0 38
11-06 18:28:28.991   283   283 I         : (0)[283:battery_thread]GM3log int 161 161 0 0 0 0
11-06 18:28:28.991   283   283 I         : (0)[283:battery_thread]GM3log phone_state 0 0
11-06 18:28:28.991   283   283 I (0)[283:battery_thread]GM3 car: 146 car_diff:-92
11-06 18:28:28.991   283   283 I (0)[283:battery_thread][fg_bat_nafg][fgauge_get_nafg_dltv] mV: Reg [15546:9434]
11-06 18:28:28.991   283   283 I         : (0)[283:battery_thread][fg_bat_nafg][fgauge_get_nafg_cnt] 0 [25_16 0 15_0 0]
11-06 18:28:28.991   283   283 I (0)[283:battery_thread][fg_bat_nafg][fgauge_get_nafg_c_dltv] mV: Reg[0:0] [b10:0][26_16(0x0000) 15_00(0x0000)]
11-06 18:28:28.991   283   283 I         : (0)[283:battery_thread]GM3log-nint-nafg 161 161 0 38453 15546 0 0
11-06 18:28:28.991   283   283 I (0)[283:battery_thread]battery_get_boot_mode: boot mode=2
11-06 18:28:28.991   283   283 I         : (0)[283:battery_thread]mtk_battery boot mode =2
11-06 18:28:28.991   283   283 I         : (0)[283:battery_thread][wakeup_fg_algo_recovery] intr_num=0x2000000
11-06 18:28:28.991   283   283 I (0)[283:battery_thread]rt9471 5-0053: __rt9471_kick_wdt
11-06 18:28:31.547   709   709 F linker  : CANNOT LINK EXECUTABLE "/vendor/bin/hw/vendor.mediatek.hardware.paytrigger@1.0-service": library "vendor.mediatek.hardware.paytrigger@1.0.so" not found: needed by main executable
11-06 18:28:31.549   710   710 F linker  : CANNOT LINK EXECUTABLE "/vendor/bin/hw/vendor.trustonic.tee@1.1-service": library "libhidlmemory.so" not found: needed by main executable
11-06 18:28:31.553   711   711 F linker  : CANNOT LINK EXECUTABLE "/vendor/bin/hw/android.hardware.keymaster@4.1-service.trustonic": library "libcppbor_external.so" not found: needed by /system/lib64/libkeymaster_portable.so in namespace (default)
11-06 18:28:31.560   708   708 F linker  : CANNOT LINK EXECUTABLE "/system/bin/recovery": cannot locate symbol "_ZN7android6Parcel13markForBinderERKNS_2spINS_7IBinderEEE" referenced by "/system/lib64/libkeystore-attestation-application-id.so"...
11-06 18:28:31.560   712   712 E cutils-trace: Error opening trace file: No such file or directory (2)
11-06 18:28:31.561   384   384 I hwservicemanager: getDeviceHalManifest: Reading VINTF information.
11-06 18:28:31.562   384   384 E hwservicemanager: getDeviceHalManifest: status from fetching VINTF information: -22
11-06 18:28:31.562   384   384 E hwservicemanager: getDeviceHalManifest: -22 VINTF parse error: Illformed file: /vendor/etc/vintf/manifest.xml: Unrecognized manifest.version 4.0 (libvintf@2.0)
11-06 18:28:31.563   384   384 I hwservicemanager: getTransport: Cannot find entry android.hardware.gatekeeper@1.0::IGatekeeper/default in either framework or device manifest.
11-06 18:28:31.563   712   712 E LegacySupport: Could not get passthrough implementation for android.hardware.gatekeeper@1.0::IGatekeeper/default.
11-06 18:28:31.568   714   714 E cutils-trace: Error opening trace file: No such file or directory (2)
11-06 18:28:31.568   384   384 I hwservicemanager: getDeviceHalManifest: Reading VINTF information.
11-06 18:28:31.569   384   384 E hwservicemanager: getDeviceHalManifest: status from fetching VINTF information: -22
11-06 18:28:31.570   384   384 E hwservicemanager: getDeviceHalManifest: -22 VINTF parse error: Illformed file: /vendor/etc/vintf/manifest.xml: Unrecognized manifest.version 4.0 (libvintf@2.0)
11-06 18:28:31.570   384   384 I hwservicemanager: getTransport: Cannot find entry android.hardware.health@2.0::IHealth/default in either framework or device manifest.
11-06 18:28:31.571   713   713 E cutils-trace: Error opening trace file: No such file or directory (2)
11-06 18:28:31.572   384   384 I hwservicemanager: getDeviceHalManifest: Reading VINTF information.
11-06 18:28:31.572   384   384 E hwservicemanager: getDeviceHalManifest: status from fetching VINTF information: -22
11-06 18:28:31.572   384   384 E hwservicemanager: getDeviceHalManifest: -22 VINTF parse error: Illformed file: /vendor/etc/vintf/manifest.xml: Unrecognized manifest.version 4.0 (libvintf@2.0)
11-06 18:28:31.572   384   384 I hwservicemanager: getTransport: Cannot find entry android.hardware.boot@1.0::IBootControl/default in either framework or device manifest.
11-06 18:28:31.573   714   714 I android.hardware.health@2.1-service: default instance initializing with healthd_config...
11-06 18:28:31.574   713   713 W android.hardware.boot@1.1-service: [libfs_mgr]Warning: unknown flag: resize
11-06 18:28:31.574   384   384 I hwservicemanager: getDeviceHalManifest: Reading VINTF information.
11-06 18:28:31.575   384   384 E hwservicemanager: getDeviceHalManifest: status from fetching VINTF information: -22
11-06 18:28:31.575   384   384 E hwservicemanager: getDeviceHalManifest: -22 VINTF parse error: Illformed file: /vendor/etc/vintf/manifest.xml: Unrecognized manifest.version 4.0 (libvintf@2.0)
11-06 18:28:31.575   384   384 I hwservicemanager: getTransport: Cannot find entry android.hardware.health@2.1::IHealth/default in either framework or device manifest.
11-06 18:28:31.576   714   714 E HidlServiceManagement: Service android.hardware.health@2.1::IHealth/default must be in VINTF manifest in order to register/get.
11-06 18:28:31.576   714   714 F android.hardware.health@2.1-service: Check failed: registerAsService(instance_name()) == android::OK (registerAsService(instance_name())=-2147483648, android::OK=0) default: Failed to register HAL
11-06 18:28:31.576   714   714 F libc    : Fatal signal 6 (SIGABRT), code -1 (SI_QUEUE) in tid 714 (android.hardwar), pid 714 (android.hardwar)
11-06 18:28:31.577   716   716 F libc    : failed to exec crash_dump helper: No such file or directory
11-06 18:28:31.577   714   714 F libc    : crash_dump helper failed to exec
11-06 18:28:31.578   713   713 W android.hardware.boot@1.1-service: [libfs_mgr]Warning: unknown flag: resize
11-06 18:28:31.579   384   384 I hwservicemanager: getDeviceHalManifest: Reading VINTF information.
11-06 18:28:31.580   384   384 E hwservicemanager: getDeviceHalManifest: status from fetching VINTF information: -22
11-06 18:28:31.580   384   384 E hwservicemanager: getDeviceHalManifest: -22 VINTF parse error: Illformed file: /vendor/etc/vintf/manifest.xml: Unrecognized manifest.version 4.0 (libvintf@2.0)
11-06 18:28:31.580   384   384 I hwservicemanager: getTransport: Cannot find entry android.hardware.boot@1.1::IBootControl/default in either framework or device manifest.
11-06 18:28:31.580   713   713 E HidlServiceManagement: Service android.hardware.boot@1.1::IBootControl/default must be in VINTF manifest in order to register/get.
11-06 18:28:31.580   713   713 E LegacySupport: Could not register service android.hardware.boot@1.0::IBootControl/default (-2147483648).
11-06 18:28:31.585     1     1 I (1)[1:init]: starting service 'recovery'...
11-06 18:28:31.586     1     1 I (1)[1:init]: Created socket '/dev/socket/recovery', mode 422, user 1000, group 1000
11-06 18:28:31.591     1     1 I (0)[1:init]: starting service 'paytrigger_hal_service'...
11-06 18:28:31.595     1     1 I (0)[1:init]: starting service 'tee-1-1'...
11-06 18:28:31.597     1     1 I (0)[1:init]: starting service 'keymaster-4-1'...
11-06 18:28:31.601     1     1 I (0)[1:init]: starting service 'gatekeeper-1-0'...
11-06 18:28:31.605     1     1 I (0)[1:init]: starting service 'boot-hal-1-1'...
11-06 18:28:31.608     1     1 I (0)[1:init]: starting service 'health-hal-2-1'...
11-06 18:28:31.608     1     1 I (0)[1:init]: Opened file '/dev/kmsg', flags 1
11-06 18:28:31.611     1     1 I (0)[1:init]: Service 'recovery' (pid 708) exited with status 1
11-06 18:28:31.626   360   360 I (2)[360:kworker/2:2]ufshcd-mtk 11270000.ufshci: rr,ret 0,2636 us
11-06 18:28:31.626   714   714 I (6)[714:android.hardwar][SDD]: do_coredump.
11-06 18:28:32.455     0     0 I         : (0)[0:swapper/0][name:spm&][SPM] MCUSYSOFF wake up by , timer_out = 0, r13 = 0x84000e80, debug_flag = 0x0 0x0, r12 = 0x0, r12_ext = 0x0, raw_sta = 0x0 0x0 0x0, idle_sta = 0xe1f7, req_sta =  0x5c00000 0x0 0x1f9 0x1e0001 0x0, cg_check_sta =0x0, isr = 0x0, rt_req_sta0 = 0x0 rt_req_sta1 = 0x0 rt_req_sta2 = 0xffffffff rt_req_sta3 = 0xffffffff dram_sw_con_3 = 0x0, raw_ext_sta = 0x180256, wake_misc = 0x0, pcm_flag = 0x0 0x0 0x0 0x0, req = 0x0,  clk_settle = 0x60fe, gpio200 = 1
11-06 18:28:32.457   117   117 I         : (0)[117:dlpt_notify_thr][MDRT_ADC] OLD = 0x305f, NOW = 0x306b, CNT = 0
11-06 18:28:32.458   117   117 I         : (0)[117:dlpt_notify_thr]vbat_out_old=38680, vthr=692, T_curr=383, vbat_out=38711
11-06 18:28:32.458   117   117 W -(0)[117:dlpt_notify_thr]mt635x_auxadc_read_raw: 1 callbacks suppressed
11-06 18:28:32.458   117   117 I (0)[117:dlpt_notify_thr]mt635x-auxadc mt635x-auxadc: name:BATADC, channel=0, adc_out=0x5bb3, adc_result=3871
11-06 18:28:32.460   117   117 I         : (0)[117:dlpt_notify_thr]vbat_out_old=38680, vthr=692, T_curr=383, vbat_out=38711
11-06 18:28:32.460   117   117 I (0)[117:dlpt_notify_thr]mt635x-auxadc mt635x-auxadc: name:BATADC, channel=0, adc_out=0x5bb1, adc_result=3871
11-06 18:28:32.460   117   117 I         : (0)[117:dlpt_notify_thr][PBM] [ma_to_mw] 3871(mV) * 5500(mA) = 21290(mW)
11-06 18:28:32.460   117   117 I         : (0)[117:dlpt_notify_thr][DLPT_final] 5500,50,50,1,5500
11-06 18:28:32.699    53    53 I         : (6)[53:kworker/6:1][K][Perf] TRAN Perf Statistic start (11-06 18:28:32)
11-06 18:28:32.699    53    53 I         : (6)[53:kworker/6:1][K]     Usage          PID                        Name          Total:10000(ms)*8
11-06 18:28:32.700    53    53 I         : (6)[53:kworker/6:1][K]        0%          322             sf_pf_release_t             72000000(ns)
11-06 18:28:32.700    53    53 I         : (6)[53:kworker/6:1][K]        0%            1                        init             60000000(ns)
11-06 18:28:32.700    53    53 I         : (6)[53:kworker/6:1][K]        0%          351              charger_thread             16000000(ns)
11-06 18:28:32.700    53    53 I         : (6)[53:kworker/6:1][K]        0%          382                        logd             16000000(ns)
11-06 18:28:32.700    53    53 I         : (6)[53:kworker/6:1][K]        0%          384             hwservicemanage             12000000(ns)
11-06 18:28:32.700    53    53 I         : (6)[53:kworker/6:1][K]  Cpus Usage [ 1], [ 0], [ 0], [ 0], [ 0] [ 0], [ 0], [ 0]
11-06 18:28:32.700    53    53 I         : (6)[53:kworker/6:1][K]  user[00],system[00],iowait[00],irq[00],idle[99]
11-06 18:28:32.700    53    53 I         : (6)[53:kworker/6:1][K][Perf] TRAN Perf Statistic done
11-06 18:28:33.967     0     0 I         : (7)[239:wdtk-7][wdk-c] cpu=7 o_k=7 lbit=0x80 cbit=0xff,7f,7,1,908635771,ff,0,0,0,0,[166400928165,15000000] 20
11-06 18:28:33.979     0     0 I         : (1)[233:wdtk-1][wdk-c] cpu=1 o_k=1 lbit=0x82 cbit=0xff,7d,7,1,908635771,ff,0,0,0,0,[166413156781,14987771] 20
11-06 18:28:34.059     0     0 I         : (0)[232:wdtk-0][wdk-c] cpu=0 o_k=0 lbit=0x83 cbit=0xff,7c,7,1,908635771,ff,0,0,0,0,[166492856781,14908071] 20
11-06 18:28:34.059     0     0 I         : (6)[238:wdtk-6][wdk-c] cpu=6 o_k=6 lbit=0xc3 cbit=0xff,3c,7,1,908635771,ff,0,0,0,0,[166493229089,14907698] 20
11-06 18:28:34.060     0     0 I         : (2)[234:wdtk-2][wdk-c] cpu=2 o_k=2 lbit=0xc7 cbit=0xff,38,7,1,908635771,ff,0,0,0,0,[166493336396,14907591] 20
11-06 18:28:34.060     0     0 I         : (4)[236:wdtk-4][wdk-c] cpu=4 o_k=4 lbit=0xd7 cbit=0xff,28,7,1,908635771,ff,0,0,0,0,[166493356089,14907571] 20
11-06 18:28:34.060     0     0 I         : (3)[235:wdtk-3][wdk-c] cpu=3 o_k=3 lbit=0xdf cbit=0xff,20,7,1,908635771,ff,0,0,0,0,[166493375550,14907552] 20
11-06 18:28:34.060     0     0 I         : (5)[237:wdtk-5][thread:237] 2023-11-06 18:28:34.11345 UTC;android time 2023-11-06 18:28:34.11345
11-06 18:28:34.060     0     0 I         : (5)[237:wdtk-5][wdk-k] cpu=5 o_k=5 lbit=0xff cbit=0xff,0,7,1,908635771,ff,0,0,0,0,[166493394858,14907533] 20
11-06 18:28:34.395   362   362 I (4)[362:kworker/4:2]sd 0: 0:0:2: [sdc] Synchronizing SCSI cache
11-06 18:28:34.404   362   362 I (4)[362:kworker/4:2]ufshcd-mtk 11270000.ufshci: rs,ret 0,7816 us
11-06 18:28:35.515   273   273 I (0)[273:kworker/u16:2][SCP] scp_ipi_send: SCP A not ready
11-06 18:28:35.515   273   273 E         : (0)[273:kworker/u16:2][sensorHub] scp_ipi_send fail
11-06 18:28:35.516    69    69 E         : (7)[69:kworker/7:1][sensorHub] scp_sensorHub_req_send fail!
11-06 18:28:36.557   718   718 F linker  : CANNOT LINK EXECUTABLE "/vendor/bin/hw/vendor.mediatek.hardware.paytrigger@1.0-service": library "vendor.mediatek.hardware.paytrigger@1.0.so" not found: needed by main executable
11-06 18:28:36.560   719   719 F linker  : CANNOT LINK EXECUTABLE "/vendor/bin/hw/vendor.trustonic.tee@1.1-service": library "libhidlmemory.so" not found: needed by main executable
11-06 18:28:36.565   720   720 F linker  : CANNOT LINK EXECUTABLE "/vendor/bin/hw/android.hardware.keymaster@4.1-service.trustonic": library "libcppbor_external.so" not found: needed by /system/lib64/libkeymaster_portable.so in namespace (default)
11-06 18:28:36.570   717   717 F linker  : CANNOT LINK EXECUTABLE "/system/bin/recovery": cannot locate symbol "_ZN7android6Parcel13markForBinderERKNS_2spINS_7IBinderEEE" referenced by "/system/lib64/libkeystore-attestation-application-id.so"...
11-06 18:28:36.571   721   721 E cutils-trace: Error opening trace file: No such file or directory (2)
11-06 18:28:36.572   384   384 I hwservicemanager: getDeviceHalManifest: Reading VINTF information.
11-06 18:28:36.573   384   384 E hwservicemanager: getDeviceHalManifest: status from fetching VINTF information: -22
11-06 18:28:36.573   384   384 E hwservicemanager: getDeviceHalManifest: -22 VINTF parse error: Illformed file: /vendor/etc/vintf/manifest.xml: Unrecognized manifest.version 4.0 (libvintf@2.0)
11-06 18:28:36.573   384   384 I hwservicemanager: getTransport: Cannot find entry android.hardware.gatekeeper@1.0::IGatekeeper/default in either framework or device manifest.
11-06 18:28:36.573   721   721 E LegacySupport: Could not get passthrough implementation for android.hardware.gatekeeper@1.0::IGatekeeper/default.
11-06 18:28:36.582   723   723 E cutils-trace: Error opening trace file: No such file or directory (2)
11-06 18:28:36.582   384   384 I hwservicemanager: getDeviceHalManifest: Reading VINTF information.
11-06 18:28:36.582   722   722 E cutils-trace: Error opening trace file: No such file or directory (2)
11-06 18:28:36.583   384   384 E hwservicemanager: getDeviceHalManifest: status from fetching VINTF information: -22
11-06 18:28:36.583   384   384 E hwservicemanager: getDeviceHalManifest: -22 VINTF parse error: Illformed file: /vendor/etc/vintf/manifest.xml: Unrecognized manifest.version 4.0 (libvintf@2.0)
11-06 18:28:36.583   384   384 I hwservicemanager: getTransport: Cannot find entry android.hardware.health@2.0::IHealth/default in either framework or device manifest.
11-06 18:28:36.584   384   384 I hwservicemanager: getDeviceHalManifest: Reading VINTF information.
11-06 18:28:36.584   384   384 E hwservicemanager: getDeviceHalManifest: status from fetching VINTF information: -22
11-06 18:28:36.584   384   384 E hwservicemanager: getDeviceHalManifest: -22 VINTF parse error: Illformed file: /vendor/etc/vintf/manifest.xml: Unrecognized manifest.version 4.0 (libvintf@2.0)
11-06 18:28:36.584   384   384 I hwservicemanager: getTransport: Cannot find entry android.hardware.boot@1.0::IBootControl/default in either framework or device manifest.
11-06 18:28:36.586   722   722 W android.hardware.boot@1.1-service: [libfs_mgr]Warning: unknown flag: resize
11-06 18:28:36.589   723   723 I android.hardware.health@2.1-service: default instance initializing with healthd_config...
11-06 18:28:36.589   384   384 I hwservicemanager: getDeviceHalManifest: Reading VINTF information.
11-06 18:28:36.590   722   722 W android.hardware.boot@1.1-service: [libfs_mgr]Warning: unknown flag: resize
11-06 18:28:36.591   384   384 E hwservicemanager: getDeviceHalManifest: status from fetching VINTF information: -22
11-06 18:28:36.591   384   384 E hwservicemanager: getDeviceHalManifest: -22 VINTF parse error: Illformed file: /vendor/etc/vintf/manifest.xml: Unrecognized manifest.version 4.0 (libvintf@2.0)
11-06 18:28:36.591   384   384 I hwservicemanager: getTransport: Cannot find entry android.hardware.health@2.1::IHealth/default in either framework or device manifest.
11-06 18:28:36.591   723   723 E HidlServiceManagement: Service android.hardware.health@2.1::IHealth/default must be in VINTF manifest in order to register/get.
11-06 18:28:36.591   723   723 F android.hardware.health@2.1-service: Check failed: registerAsService(instance_name()) == android::OK (registerAsService(instance_name())=-2147483648, android::OK=0) default: Failed to register HAL
11-06 18:28:36.591   723   723 F libc    : Fatal signal 6 (SIGABRT), code -1 (SI_QUEUE) in tid 723 (android.hardwar), pid 723 (android.hardwar)
11-06 18:28:36.591   384   384 I hwservicemanager: getDeviceHalManifest: Reading VINTF information.
11-06 18:28:36.592   384   384 E hwservicemanager: getDeviceHalManifest: status from fetching VINTF information: -22
11-06 18:28:36.592   384   384 E hwservicemanager: getDeviceHalManifest: -22 VINTF parse error: Illformed file: /vendor/etc/vintf/manifest.xml: Unrecognized manifest.version 4.0 (libvintf@2.0)
11-06 18:28:36.592   384   384 I hwservicemanager: getTransport: Cannot find entry android.hardware.boot@1.1::IBootControl/default in either framework or device manifest.
11-06 18:28:36.592   722   722 E HidlServiceManagement: Service android.hardware.boot@1.1::IBootControl/default must be in VINTF manifest in order to register/get.
11-06 18:28:36.592   722   722 E LegacySupport: Could not register service android.hardware.boot@1.0::IBootControl/default (-2147483648).
11-06 18:28:36.593   725   725 F libc    : failed to exec crash_dump helper: No such file or directory
11-06 18:28:36.593   723   723 F libc    : crash_dump helper failed to exec
11-06 18:28:36.595     1     1 I (1)[1:init]: starting service 'recovery'...
11-06 18:28:36.596     1     1 I (1)[1:init]: Created socket '/dev/socket/recovery', mode 422, user 1000, group 1000
11-06 18:28:36.601     1     1 I (1)[1:init]: starting service 'paytrigger_hal_service'...
11-06 18:28:36.605     1     1 I (1)[1:init]: starting service 'tee-1-1'...
11-06 18:28:36.609     1     1 I (1)[1:init]: starting service 'keymaster-4-1'...
11-06 18:28:36.612     1     1 I (1)[1:init]: starting service 'gatekeeper-1-0'...
11-06 18:28:36.616     1     1 I (1)[1:init]: starting service 'boot-hal-1-1'...
11-06 18:28:36.620     1     1 I (1)[1:init]: starting service 'health-hal-2-1'...
11-06 18:28:36.620     1     1 I (1)[1:init]: Opened file '/dev/kmsg', flags 1
11-06 18:28:36.623     1     1 I (1)[1:init]: Service 'recovery' (pid 717) exited with status 1
11-06 18:28:36.638   361   361 I (3)[361:kworker/3:2]ufshcd-mtk 11270000.ufshci: rr,ret 0,2736 us
11-06 18:28:36.642   723   723 I (3)[723:android.hardwar][SDD]: do_coredump.
11-06 18:28:36.653     0     0 I -(0)[0:swapper/0]mtk_charger_alarm_timer_func: not suspend, wake up charger
11-06 18:28:36.654   351   351 I         : (0)[351:charger_thread][fgauge_read_current] final current=1914 (ratio=1000)
11-06 18:28:36.654   351   351 I (0)[351:charger_thread]rt9471 5-0053: __rt9471_kick_wdt
11-06 18:28:36.655   351   351 I         : (0)[351:charger_thread][MDRT_ADC] OLD = 0x306b, NOW = 0x3073, CNT = 0
11-06 18:28:36.656   351   351 I         : (0)[351:charger_thread]vbat_out_old=38640, vthr=692, T_curr=383, vbat_out=38671
11-06 18:28:36.656   351   351 I (0)[351:charger_thread]mt635x-auxadc mt635x-auxadc: name:BATADC, channel=0, adc_out=0x5b98, adc_result=3867
11-06 18:28:36.656   351   351 I (0)[351:charger_thread]mt635x-auxadc mt635x-auxadc: name:VCDT, channel=2, adc_out=0x49e, adc_result=519
11-06 18:28:36.656   351   351 I         : (0)[351:charger_thread][fgauge_read_current] final current=2798 (ratio=1000)
11-06 18:28:36.656   351   351 I         : (0)[351:charger_thread][CH3_DBG] bat_cur = 2798
11-06 18:28:36.657   351   351 I (0)[351:charger_thread]mt635x-auxadc mt635x-auxadc: name:BAT_TEMP, channel=3, adc_out=0x2d4, adc_result=636
11-06 18:28:36.657   351   351 I         : (0)[351:charger_thread][fgauge_read_current] final current=3256 (ratio=1000)
11-06 18:28:36.657   351   351 I         : (0)[351:charger_thread][BattVoltToTemp] 633 24000 2791 -3
11-06 18:28:36.657   351   351 I         : (0)[351:charger_thread][force_get_tbat] 636,633,1,325,0,346 r:100 0 0
11-06 18:28:36.657   351   351 I (0)[351:charger_thread][force_get_tbat] t: 34 precise:346
11-06 18:28:36.657   351   351 I (0)[351:charger_thread]Vbat=3867,Ibat=1914,I=0,VChr=4910,T=34,Soc=38: 50,CT:1:1 hv:1 pd:0:0
11-06 18:28:36.657   351   351 I (0)[351:charger_thread]mtk_charger_start_timer: alarm timer start:0, 179 42332009
11-06 18:28:36.657   351   351 I         : -(0)[351:charger_thread]alarmtimer_enqueue, 179042332009
11-06 18:28:36.658   351   351 I         : (0)[351:charger_thread][fgauge_read_current] final current=3256 (ratio=1000)
11-06 18:28:36.658   351   351 I         : (0)[351:charger_thread][CH3_DBG] bat_cur = 3256
11-06 18:28:36.658   351   351 I (0)[351:charger_thread]mt635x-auxadc mt635x-auxadc: name:BAT_TEMP, channel=3, adc_out=0x2d6, adc_result=638
